2026-10-07 21:41:38 runner started (pid 1033183)
2026-10-07 21:46:38 START 1007_214638_1 | HIP_VISIBLE_DEVICES=0 .venv/bin/python -u train.py --models mlp --features tab_nobp --tag mlp_nobp
2026-10-07 21:51:40 END   1007_214638_1 rc=0 | log jobs/logs/1007_214638_1.log
2026-10-07 21:51:40 START 1007_215140_2 | HIP_VISIBLE_DEVICES=0 .venv/bin/python -u train.py --models micro_tcn_f8 --tag micro_tcn_f8
2026-10-07 22:27:51 END   1007_215140_2 rc=0 | log jobs/logs/1007_215140_2.log
2026-10-07 22:27:51 START 1007_222751_3 | HIP_VISIBLE_DEVICES=0 .venv/bin/python -u train.py --models mlp --features tab_rsa --tag mlp_rsa
2026-10-07 22:36:40 END   1007_222751_3 rc=0 | log jobs/logs/1007_222751_3.log
2026-10-07 22:36:40 START 1007_223640_4 | HIP_VISIBLE_DEVICES=-1 .venv/bin/python -u evaluate.py --runs runs/mlp runs/micro_tcn runs/tcn_lite runs/mlp_nobp runs/micro_tcn_f8 runs/mlp_rsa --legacy_model tcn_attention_hrv_best.keras --legacy_h5 hrv_dataset.h5 --split val --int8 --closed_loop --percents 0.1 0.3 0.5 0.8 --seeds 7 101 211 --out results/round2
2026-10-07 23:35:03 END   1007_223640_4 rc=0 | log jobs/logs/1007_223640_4.log
2026-10-07 23:35:03 START 1007_233503_5 | HIP_VISIBLE_DEVICES=-1 .venv/bin/python -u evaluate.py --runs runs/mlp_nobp runs/micro_tcn_f8 runs/mlp_rsa --split val --int8 --closed_loop --percents 0.1 0.3 0.5 0.8 --seeds 7 101 211 --out results/round2_int8fix
2026-10-07 23:46:41 END   1007_233503_5 rc=0 | log jobs/logs/1007_233503_5.log
2026-10-07 23:46:41 START 1007_234641_6 | HIP_VISIBLE_DEVICES=0 .venv/bin/python -u train.py --models gru --steps_per_execution 64 --epoch_samples 2000000 --epochs 90 --tag gru
2026-10-08 01:06:47 END   1007_234641_6 rc=0 | log jobs/logs/1007_234641_6.log
2026-10-08 01:06:47 START 1008_010647_7 | HIP_VISIBLE_DEVICES=0 .venv/bin/python -u train.py --models tcn_lite --init_from runs/tcn_lite --dad_filler runs/tcn_lite --dad_share 0.5 --lr 3e-4 --epochs 30 --patience 6 --tag tcn_lite_dad
2026-10-08 02:08:54 END   1008_010647_7 rc=0 | log jobs/logs/1008_010647_7.log
2026-10-08 02:08:54 START 1008_020854_8 | HIP_VISIBLE_DEVICES=0 .venv/bin/python -u train.py --models micro_tcn --init_from runs/micro_tcn --dad_filler runs/micro_tcn --dad_share 0.5 --lr 3e-4 --epochs 30 --patience 6 --tag micro_tcn_dad
2026-10-08 02:09:27 END   1008_020854_8 rc=143 | log jobs/logs/1008_020854_8.log
2026-10-08 02:09:27 START 1008_020927_9 | HIP_VISIBLE_DEVICES=0 .venv/bin/python -u train.py --models tcn_lite --init_from runs/tcn_lite --dad_share 0 --lr 3e-4 --epochs 30 --patience 6 --tag tcn_lite_ft
2026-10-08 02:16:53 END   1008_020927_9 rc=0 | log jobs/logs/1008_020927_9.log
2026-10-08 02:16:53 START 1008_021653_10 | HIP_VISIBLE_DEVICES=0 .venv/bin/python -u train.py --models tcn_lite --init_from runs/tcn_lite --dad_filler runs/tcn_lite --dad_share 0.5 --lr 3e-4 --epochs 30 --patience 6 --tag tcn_lite_dad
2026-10-08 02:49:33 END   1008_021653_10 rc=0 | log jobs/logs/1008_021653_10.log
2026-10-08 02:49:33 START 1008_024933_11 | HIP_VISIBLE_DEVICES=0 .venv/bin/python -u train.py --models micro_tcn --init_from runs/micro_tcn --dad_filler runs/micro_tcn --dad_share 0.5 --lr 3e-4 --epochs 30 --patience 6 --tag micro_tcn_dad
2026-10-08 03:12:30 END   1008_024933_11 rc=0 | log jobs/logs/1008_024933_11.log
2026-10-08 03:12:30 START 1008_031230_12 | HIP_VISIBLE_DEVICES=-1 .venv/bin/python -u evaluate.py --runs runs/tcn_lite runs/micro_tcn runs/tcn_lite_dad runs/micro_tcn_dad runs/tcn_lite_ft --split val --int8 --closed_loop --percents 0.1 0.3 0.5 0.8 --seeds 7 101 211 --out results/round3
2026-10-08 03:43:44 END   1008_031230_12 rc=0 | log jobs/logs/1008_031230_12.log
2026-10-08 03:43:44 START 1008_034344_13 | HIP_VISIBLE_DEVICES=-1 .venv/bin/python -u evaluate.py --runs runs/mlp runs/gru --split val --int8 --closed_loop --percents 0.1 0.3 0.5 0.8 --seeds 7 101 211 --out results/round2_gru
2026-10-08 03:57:23 END   1008_034344_13 rc=0 | log jobs/logs/1008_034344_13.log
2026-10-08 04:16:54 START 1008_041654_14 | HIP_VISIBLE_DEVICES=0 .venv/bin/python -u train.py --models tcn_lite --features seq_rsa --tag tcn_lite_rsa
2026-10-08 04:58:40 END   1008_041654_14 rc=0 | log jobs/logs/1008_041654_14.log
2026-10-08 04:58:40 START 1008_045840_15 | HIP_VISIBLE_DEVICES=0 .venv/bin/python -u train.py --models micro_tcn --features seq_rsa --tag micro_tcn_rsa
2026-10-08 05:46:56 END   1008_045840_15 rc=0 | log jobs/logs/1008_045840_15.log
2026-10-08 05:46:56 START 1008_054656_16 | HIP_VISIBLE_DEVICES=0 .venv/bin/python -u train.py --models tcn_lite --features seq_rsa --init_from runs/tcn_lite --lr 3e-4 --epochs 30 --patience 6 --tag tcn_lite_rsa_ws
2026-10-08 05:57:15 END   1008_054656_16 rc=0 | log jobs/logs/1008_054656_16.log
2026-10-08 05:57:15 START 1008_055715_17 | HIP_VISIBLE_DEVICES=0 .venv/bin/python -u train.py --models micro_tcn --features seq_rsa --init_from runs/micro_tcn --lr 3e-4 --epochs 30 --patience 6 --tag micro_tcn_rsa_ws
2026-10-08 06:26:04 END   1008_055715_17 rc=0 | log jobs/logs/1008_055715_17.log
2026-10-08 06:26:04 START 1008_062604_18 | HIP_VISIBLE_DEVICES=-1 .venv/bin/python -u evaluate.py --runs runs/tcn_lite_ft runs/tcn_lite runs/micro_tcn runs/tcn_lite_dad runs/micro_tcn_dad runs/tcn_lite_rsa runs/micro_tcn_rsa runs/tcn_lite_rsa_ws runs/micro_tcn_rsa_ws --split val --int8 --closed_loop --percents 0.1 0.3 0.5 0.8 --seeds 7 101 211 --out results/round4
2026-10-08 07:26:35 END   1008_062604_18 rc=0 | log jobs/logs/1008_062604_18.log
