Loading 'val' subjects and running the streaming feature engine ...
16 subjects, 1421225 windows
WARNING: All log messages before absl::InitializeLog() is called are written to STDERR
W0000 00:00:1791412602.845502 1122428 computation_placer.cc:177] computation placer already registered. Please check linkage and avoid linking the same target more than once.
W0000 00:00:1791412602.845567 1122428 computation_placer.cc:177] computation placer already registered. Please check linkage and avoid linking the same target more than once.
W0000 00:00:1791412602.845571 1122428 computation_placer.cc:177] computation placer already registered. Please check linkage and avoid linking the same target more than once.
W0000 00:00:1791412602.845575 1122428 computation_placer.cc:177] computation placer already registered. Please check linkage and avoid linking the same target more than once.
2026-10-07 22:36:45.027720: E external/local_xla/xla/stream_executor/rocm/rocm_platform.cc:50] failed call to hipInit: HIP_ERROR_NoDevice
INFO: Created TensorFlow Lite XNNPACK delegate for CPU.

Open-loop evaluation ...
            model   rmse  rmse_lo  rmse_hi    mae    p95  skill     r  sign_acc  amp_ratio  p_vs_rls_ar  params  macs_window  macs_stream  int8_weights_kb
         tcn_lite 32.643   28.328   36.790 19.850 57.462  0.217 0.625     0.688      0.568        0.000    8561   209888.000         8048            8.400
        micro_tcn 32.934   28.608   37.086 20.048 58.156  0.210 0.615     0.684      0.583        0.000    2433    38272.000         2080            2.400
    tcn_lite_int8 32.992   28.686   37.164 20.026 57.754  0.209 0.614     0.682      0.564        0.000    8561   209888.000         8048            8.400
   micro_tcn_int8 33.372   28.989   37.558 20.324 58.595  0.200 0.600     0.675      0.581        0.000    2433    38272.000         2080            2.400
  tcn_mha_current 33.723   29.096   38.173 20.531 59.850  0.191 0.597     0.675      0.692        0.000   77345  2040576.000      2040576           75.500
          mlp_rsa 34.208   29.434   38.886 20.359 58.819  0.180 0.574     0.681      0.541        0.000    1313     1264.000         1264            1.300
         mlp_nobp 34.452   29.627   39.164 20.554 59.588  0.174 0.566     0.680      0.535        0.000    1121     1072.000         1072            1.100
              mlp 34.599   29.780   39.361 20.565 59.503  0.170 0.559     0.679      0.531        0.000    1185     1136.000         1136            1.200
     micro_tcn_f8 34.728   29.826   39.536 20.608 59.570  0.167 0.556     0.678      0.526        0.000    1137    11616.000          944            1.100
         mlp_int8 34.746   29.877   39.495 20.600 59.582  0.167 0.554     0.678      0.534        0.000    1185     1136.000         1136            1.200
     mlp_rsa_int8 35.246   30.301   40.061 20.578 59.415  0.155 0.536     0.680      0.547        0.000    1313     1264.000         1264            1.300
    mlp_nobp_int8 35.274   30.324   40.066 20.670 59.810  0.154 0.535     0.680      0.538        0.000    1121     1072.000         1072            1.100
micro_tcn_f8_int8 35.666   30.649   40.563 20.831 60.046  0.145 0.520     0.675      0.530        0.000    1137    11616.000          944            1.100
           rls_ar 37.143   31.875   42.394 21.526 62.633  0.109 0.469     0.673      0.587          NaN       0          NaN          152            0.000
      persistence 41.698   34.890   48.452 23.488 70.000  0.000   NaN     0.000      0.000        0.000       0          NaN            0            0.000
         ema_mean 43.585   37.638   48.647 27.752 82.612 -0.045 0.333     0.591      0.784        0.000       0          NaN           30            0.000

RMSE (ms) per interval:
interval           1082-1499  1499-1708  1708-2021  2021-2125  2125-2699  2699-3220  3220-3481  3481-3689  3689-3900
model                                                                                                               
tcn_lite               28.90      47.02      29.08      33.10      22.08      44.37      28.20      38.56      16.80
micro_tcn              29.01      47.74      29.35      33.38      22.23      44.69      28.63      38.73      17.12
tcn_lite_int8          28.97      47.12      29.46      33.30      22.23      44.56      29.24      38.94      16.98
micro_tcn_int8         29.16      47.91      29.75      33.67      22.50      44.97      29.85      39.20      17.40
tcn_mha_current        29.11      49.44      29.75      34.06      22.58      46.59      29.23      39.75      16.95
mlp_rsa                29.03      48.23      29.59      33.65      22.28      45.42      30.52      42.37      17.46
mlp_nobp               29.09      48.72      29.80      33.75      22.34      45.53      30.80      42.81      17.59
mlp                    29.16      48.68      29.67      33.66      22.42      46.13      31.21      43.07      17.78
micro_tcn_f8           29.22      49.16      29.86      33.65      22.43      46.24      31.15      43.31      17.88
mlp_int8               29.18      48.71      29.83      33.75      22.45      46.17      31.88      43.12      17.88
mlp_rsa_int8           29.10      48.42      30.38      34.06      22.33      46.20      33.35      43.97      18.40
mlp_nobp_int8          29.11      48.80      30.40      34.07      22.37      46.23      33.32      43.90      18.49
micro_tcn_f8_int8      29.30      49.31      30.67      34.11      22.55      46.82      33.88      44.55      18.77
rls_ar                 30.15      51.88      32.12      35.65      23.07      47.44      35.77      46.37      19.48
persistence            32.87      61.31      33.65      37.65      25.50      55.75      37.91      54.46      20.62
ema_mean               34.14      59.18      46.15      51.13      31.07      49.95      38.95      46.27      20.60

Closed-loop imputation (first 5000 beats per subject) ...
  closed loop persistence: 5s
  closed loop ema_mean: 6s
  closed loop rls_ar: 5s
  closed loop micro_tcn: 269s
  closed loop micro_tcn_int8: 34s
  closed loop micro_tcn_f8: 292s
  closed loop micro_tcn_f8_int8: 34s
  closed loop mlp: 158s
  closed loop mlp_int8: 18s
  closed loop mlp_nobp: 145s
  closed loop mlp_nobp_int8: 18s
  closed loop mlp_rsa: 150s
  closed loop mlp_rsa_int8: 18s
  closed loop tcn_lite: 259s
  closed loop tcn_lite_int8: 37s
  closed loop tcn_mha_current: 1465s
            model  percent   rmse    mae    r2  corr_series  hf_power_log2  hf_peak_log2  hf_peak_shift_abs  rsa_invented  rsa_displaced  rsa_lost
         tcn_lite    0.100 25.652 17.648 0.865        0.992         -0.030        -0.021              0.030         0.000          0.021     0.000
        micro_tcn    0.100 25.792 17.735 0.864        0.992         -0.028        -0.015              0.038         0.000          0.021     0.000
    tcn_lite_int8    0.100 25.870 17.827 0.862        0.992         -0.021        -0.021              0.038         0.000          0.021     0.000
  tcn_mha_current    0.100 26.068 17.986 0.863        0.992         -0.015        -0.021              0.042         0.000          0.042     0.000
   micro_tcn_int8    0.100 26.241 18.100 0.859        0.992         -0.018        -0.013              0.042         0.000          0.021     0.000
          mlp_rsa    0.100 26.836 17.960 0.847        0.991         -0.040        -0.021              0.040         0.000          0.021     0.000
     micro_tcn_f8    0.100 26.948 18.103 0.848        0.991         -0.027        -0.029              0.042         0.000          0.042     0.000
         mlp_nobp    0.100 27.001 18.100 0.847        0.991         -0.028        -0.019              0.045         0.000          0.021     0.000
              mlp    0.100 27.019 18.171 0.847        0.991         -0.020        -0.025              0.048         0.000          0.021     0.000
         mlp_int8    0.100 27.073 18.216 0.846        0.991         -0.017        -0.024              0.052         0.000          0.021     0.000
     mlp_rsa_int8    0.100 27.199 18.095 0.844        0.991         -0.032        -0.025              0.042         0.000          0.021     0.000
    mlp_nobp_int8    0.100 27.373 18.209 0.842        0.991         -0.022        -0.023              0.042         0.000          0.021     0.000
micro_tcn_f8_int8    0.100 27.460 18.275 0.842        0.991         -0.016        -0.031              0.050         0.000          0.042     0.000
           rls_ar    0.100 28.881 19.015 0.825        0.990         -0.007        -0.020              0.057         0.000          0.021     0.000
      persistence    0.100 31.282 20.010 0.789        0.988          0.008        -0.053              0.044         0.000          0.000     0.021
         ema_mean    0.100 33.893 23.669 0.759        0.987          0.091        -0.069              0.070         0.000          0.021     0.000
         tcn_lite    0.300 28.942 19.665 0.829        0.974         -0.124         0.002              0.063         0.000          0.042     0.000
        micro_tcn    0.300 29.097 19.790 0.828        0.974         -0.116         0.005              0.082         0.000          0.042     0.000
    tcn_lite_int8    0.300 29.203 19.855 0.824        0.973         -0.105         0.005              0.062         0.000          0.042     0.000
  tcn_mha_current    0.300 29.429 20.092 0.824        0.973         -0.078        -0.018              0.062         0.000          0.042     0.000
   micro_tcn_int8    0.300 29.482 20.123 0.821        0.973         -0.095        -0.008              0.081         0.000          0.042     0.000
          mlp_rsa    0.300 29.710 19.998 0.818        0.972         -0.158        -0.000              0.081         0.000          0.042     0.000
         mlp_nobp    0.300 29.869 20.094 0.817        0.972         -0.121         0.023              0.076         0.000          0.042     0.000
     micro_tcn_f8    0.300 29.885 20.128 0.817        0.972         -0.109         0.015              0.081         0.000          0.042     0.000
              mlp    0.300 30.010 20.169 0.814        0.972         -0.096         0.019              0.078         0.000          0.042     0.000
         mlp_int8    0.300 30.064 20.220 0.813        0.971         -0.090         0.021              0.074         0.000          0.042     0.000
     mlp_rsa_int8    0.300 30.327 20.173 0.811        0.971         -0.138         0.017              0.073         0.021          0.042     0.000
    mlp_nobp_int8    0.300 30.419 20.237 0.810        0.971         -0.106         0.034              0.069         0.021          0.042     0.000
micro_tcn_f8_int8    0.300 30.703 20.390 0.806        0.970         -0.081         0.032              0.071         0.021          0.042     0.000
           rls_ar    0.300 33.113 21.408 0.775        0.966         -0.063         0.076              0.079         0.062          0.042     0.000
      persistence    0.300 33.646 21.638 0.765        0.965         -0.056        -0.098              0.085         0.000          0.000     0.104
         ema_mean    0.300 35.890 25.240 0.733        0.959          0.137        -0.110              0.082         0.000          0.000     0.062
         tcn_lite    0.500 32.981 22.382 0.781        0.942         -0.285        -0.061              0.065         0.000          0.021     0.042
        micro_tcn    0.500 33.058 22.460 0.779        0.942         -0.258        -0.034              0.062         0.000          0.021     0.042
    tcn_lite_int8    0.500 33.209 22.592 0.774        0.941         -0.255        -0.066              0.072         0.000          0.021     0.042
   micro_tcn_int8    0.500 33.301 22.730 0.774        0.940         -0.234        -0.049              0.077         0.000          0.021     0.042
          mlp_rsa    0.500 33.388 22.545 0.775        0.940         -0.346        -0.054              0.058         0.000          0.021     0.042
         mlp_nobp    0.500 33.602 22.679 0.772        0.940         -0.266         0.006              0.068         0.021          0.021     0.042
     micro_tcn_f8    0.500 33.623 22.704 0.772        0.940         -0.247        -0.014              0.067         0.000          0.042     0.021
  tcn_mha_current    0.500 33.649 22.915 0.773        0.940         -0.189        -0.049              0.065         0.000          0.021     0.042
              mlp    0.500 33.699 22.771 0.770        0.939         -0.223         0.012              0.065         0.021          0.021     0.000
         mlp_int8    0.500 33.801 22.821 0.768        0.939         -0.212         0.002              0.069         0.021          0.021     0.021
     mlp_rsa_int8    0.500 34.087 22.799 0.767        0.938         -0.306        -0.020              0.065         0.000          0.021     0.042
    mlp_nobp_int8    0.500 34.439 22.905 0.763        0.937         -0.238         0.027              0.063         0.021          0.042     0.021
micro_tcn_f8_int8    0.500 34.837 23.056 0.757        0.936         -0.199        -0.001              0.057         0.021          0.021     0.042
      persistence    0.500 37.133 24.092 0.717        0.928         -0.229        -0.144              0.070         0.000          0.000     0.125
           rls_ar    0.500 37.475 24.226 0.721        0.927         -0.129         0.184              0.073         0.125          0.021     0.021
         ema_mean    0.500 38.403 27.186 0.697        0.919          0.029        -0.160              0.083         0.000          0.000     0.125
        micro_tcn    0.800 41.383 28.945 0.649        0.836         -0.871         0.021              0.083         0.042          0.021     0.062
   micro_tcn_int8    0.800 41.564 29.353 0.639        0.833         -0.833        -0.010              0.093         0.021          0.021     0.062
         tcn_lite    0.800 41.603 29.091 0.645        0.836         -0.943        -0.070              0.085         0.021          0.021     0.083
    tcn_lite_int8    0.800 41.808 29.408 0.628        0.833         -0.865        -0.043              0.076         0.042          0.021     0.083
              mlp    0.800 42.106 29.319 0.638        0.831         -0.714         0.211              0.074         0.167          0.042     0.021
         mlp_int8    0.800 42.247 29.349 0.635        0.829         -0.693         0.228              0.058         0.271          0.042     0.021
         mlp_nobp    0.800 42.997 29.801 0.620        0.824         -0.721         0.101              0.074         0.104          0.000     0.062
     micro_tcn_f8    0.800 43.586 30.131 0.612        0.820         -0.688         0.151              0.085         0.167          0.062     0.021
         ema_mean    0.800 43.791 31.627 0.612        0.814         -0.596        -0.202              0.088         0.000          0.000     0.125
  tcn_mha_current    0.800 43.880 30.700 0.605        0.818         -0.444         0.279              0.079         0.125          0.042     0.042
    mlp_nobp_int8    0.800 44.428 30.188 0.578        0.816         -0.606         0.205              0.083         0.229          0.042     0.062
          mlp_rsa    0.800 44.457 30.458 0.588        0.813         -0.773        -0.039              0.088         0.062          0.000     0.104
micro_tcn_f8_int8    0.800 44.818 30.278 0.573        0.813         -0.572         0.368              0.087         0.312          0.083     0.000
     mlp_rsa_int8    0.800 46.105 30.989 0.558        0.804         -0.629         0.139              0.081         0.188          0.021     0.083
      persistence    0.800 46.419 31.212 0.561        0.813         -0.866        -0.178              0.097         0.000          0.000     0.125
           rls_ar    0.800 53.731 33.164 0.351        0.757          0.403         1.666              0.088         0.750          0.083     0.000

Results written to results/round2/
