WARNING: All log messages before absl::InitializeLog() is called are written to STDERR
W0000 00:00:1791412071.957638 1104226 computation_placer.cc:177] computation placer already registered. Please check linkage and avoid linking the same target more than once.
W0000 00:00:1791412071.957725 1104226 computation_placer.cc:177] computation placer already registered. Please check linkage and avoid linking the same target more than once.
W0000 00:00:1791412071.957729 1104226 computation_placer.cc:177] computation placer already registered. Please check linkage and avoid linking the same target more than once.
W0000 00:00:1791412071.957744 1104226 computation_placer.cc:177] computation placer already registered. Please check linkage and avoid linking the same target more than once.
Loading train/val subjects and running the streaming feature engine ...
/app/david_neural_network/utils.py:495: UserWarning: series/4077.txt: 2 RR values outside (150.0, 3000.0) ms (kept as-is)
  warnings.warn(f"{path}: {n_bad} RR values outside {RR_RANGE_MS} ms (kept as-is)")
/app/david_neural_network/utils.py:495: UserWarning: series/4052.txt: 13 RR values outside (150.0, 3000.0) ms (kept as-is)
  warnings.warn(f"{path}: {n_bad} RR values outside {RR_RANGE_MS} ms (kept as-is)")
/app/david_neural_network/utils.py:495: UserWarning: series/4087.txt: 2 RR values outside (150.0, 3000.0) ms (kept as-is)
  warnings.warn(f"{path}: {n_bad} RR values outside {RR_RANGE_MS} ms (kept as-is)")
/app/david_neural_network/utils.py:495: UserWarning: series/4033.txt: 4 RR values outside (150.0, 3000.0) ms (kept as-is)
  warnings.warn(f"{path}: {n_bad} RR values outside {RR_RANGE_MS} ms (kept as-is)")
/app/david_neural_network/utils.py:495: UserWarning: series/4062.txt: 2 RR values outside (150.0, 3000.0) ms (kept as-is)
  warnings.warn(f"{path}: {n_bad} RR values outside {RR_RANGE_MS} ms (kept as-is)")
/app/david_neural_network/utils.py:495: UserWarning: series/4037.txt: 1 RR values outside (150.0, 3000.0) ms (kept as-is)
  warnings.warn(f"{path}: {n_bad} RR values outside {RR_RANGE_MS} ms (kept as-is)")
/app/david_neural_network/utils.py:495: UserWarning: series/4070.txt: 1 RR values outside (150.0, 3000.0) ms (kept as-is)
  warnings.warn(f"{path}: {n_bad} RR values outside {RR_RANGE_MS} ms (kept as-is)")
/app/david_neural_network/utils.py:495: UserWarning: series/4090.txt: 1 RR values outside (150.0, 3000.0) ms (kept as-is)
  warnings.warn(f"{path}: {n_bad} RR values outside {RR_RANGE_MS} ms (kept as-is)")
/app/david_neural_network/utils.py:495: UserWarning: series/4088.txt: 2 RR values outside (150.0, 3000.0) ms (kept as-is)
  warnings.warn(f"{path}: {n_bad} RR values outside {RR_RANGE_MS} ms (kept as-is)")
/app/david_neural_network/utils.py:495: UserWarning: series/4011.txt: 2 RR values outside (150.0, 3000.0) ms (kept as-is)
  warnings.warn(f"{path}: {n_bad} RR values outside {RR_RANGE_MS} ms (kept as-is)")
/app/david_neural_network/utils.py:495: UserWarning: series/4099.txt: 4 RR values outside (150.0, 3000.0) ms (kept as-is)
  warnings.warn(f"{path}: {n_bad} RR values outside {RR_RANGE_MS} ms (kept as-is)")
/app/david_neural_network/utils.py:495: UserWarning: series/4097.txt: 1 RR values outside (150.0, 3000.0) ms (kept as-is)
  warnings.warn(f"{path}: {n_bad} RR values outside {RR_RANGE_MS} ms (kept as-is)")
/app/david_neural_network/utils.py:495: UserWarning: series/4010.txt: 1 RR values outside (150.0, 3000.0) ms (kept as-is)
  warnings.warn(f"{path}: {n_bad} RR values outside {RR_RANGE_MS} ms (kept as-is)")
/app/david_neural_network/utils.py:495: UserWarning: series/4029.txt: 1 RR values outside (150.0, 3000.0) ms (kept as-is)
  warnings.warn(f"{path}: {n_bad} RR values outside {RR_RANGE_MS} ms (kept as-is)")
/app/david_neural_network/utils.py:495: UserWarning: series/4001.txt: 13 RR values outside (150.0, 3000.0) ms (kept as-is)
  warnings.warn(f"{path}: {n_bad} RR values outside {RR_RANGE_MS} ms (kept as-is)")
/app/david_neural_network/utils.py:495: UserWarning: series/4085.txt: 3 RR values outside (150.0, 3000.0) ms (kept as-is)
  warnings.warn(f"{path}: {n_bad} RR values outside {RR_RANGE_MS} ms (kept as-is)")
/app/david_neural_network/utils.py:495: UserWarning: series/4028.txt: 28 RR values outside (150.0, 3000.0) ms (kept as-is)
  warnings.warn(f"{path}: {n_bad} RR values outside {RR_RANGE_MS} ms (kept as-is)")
/app/david_neural_network/utils.py:495: UserWarning: series/4031.txt: 1 RR values outside (150.0, 3000.0) ms (kept as-is)
  warnings.warn(f"{path}: {n_bad} RR values outside {RR_RANGE_MS} ms (kept as-is)")
/app/david_neural_network/utils.py:495: UserWarning: series/4119.txt: 7 RR values outside (150.0, 3000.0) ms (kept as-is)
  warnings.warn(f"{path}: {n_bad} RR values outside {RR_RANGE_MS} ms (kept as-is)")
/app/david_neural_network/utils.py:495: UserWarning: series/4084.txt: 1 RR values outside (150.0, 3000.0) ms (kept as-is)
  warnings.warn(f"{path}: {n_bad} RR values outside {RR_RANGE_MS} ms (kept as-is)")
/app/david_neural_network/utils.py:495: UserWarning: series/4056.txt: 1 RR values outside (150.0, 3000.0) ms (kept as-is)
  warnings.warn(f"{path}: {n_bad} RR values outside {RR_RANGE_MS} ms (kept as-is)")
/app/david_neural_network/utils.py:495: UserWarning: series/4026.txt: 5 RR values outside (150.0, 3000.0) ms (kept as-is)
  warnings.warn(f"{path}: {n_bad} RR values outside {RR_RANGE_MS} ms (kept as-is)")
/app/david_neural_network/utils.py:495: UserWarning: series/4109.txt: 2 RR values outside (150.0, 3000.0) ms (kept as-is)
  warnings.warn(f"{path}: {n_bad} RR values outside {RR_RANGE_MS} ms (kept as-is)")
/app/david_neural_network/utils.py:495: UserWarning: series/4030.txt: 1 RR values outside (150.0, 3000.0) ms (kept as-is)
  warnings.warn(f"{path}: {n_bad} RR values outside {RR_RANGE_MS} ms (kept as-is)")
/app/david_neural_network/utils.py:495: UserWarning: series/4034.txt: 1 RR values outside (150.0, 3000.0) ms (kept as-is)
  warnings.warn(f"{path}: {n_bad} RR values outside {RR_RANGE_MS} ms (kept as-is)")
/app/david_neural_network/utils.py:495: UserWarning: series/4022.txt: 4 RR values outside (150.0, 3000.0) ms (kept as-is)
  warnings.warn(f"{path}: {n_bad} RR values outside {RR_RANGE_MS} ms (kept as-is)")
/app/david_neural_network/utils.py:495: UserWarning: series/4014.txt: 4 RR values outside (150.0, 3000.0) ms (kept as-is)
  warnings.warn(f"{path}: {n_bad} RR values outside {RR_RANGE_MS} ms (kept as-is)")
/app/david_neural_network/utils.py:495: UserWarning: series/4072.txt: 2 RR values outside (150.0, 3000.0) ms (kept as-is)
  warnings.warn(f"{path}: {n_bad} RR values outside {RR_RANGE_MS} ms (kept as-is)")
/app/david_neural_network/utils.py:495: UserWarning: series/4050.txt: 1 RR values outside (150.0, 3000.0) ms (kept as-is)
  warnings.warn(f"{path}: {n_bad} RR values outside {RR_RANGE_MS} ms (kept as-is)")
/app/david_neural_network/utils.py:495: UserWarning: series/4096.txt: 1 RR values outside (150.0, 3000.0) ms (kept as-is)
  warnings.warn(f"{path}: {n_bad} RR values outside {RR_RANGE_MS} ms (kept as-is)")
/app/david_neural_network/utils.py:495: UserWarning: series/4025.txt: 4 RR values outside (150.0, 3000.0) ms (kept as-is)
  warnings.warn(f"{path}: {n_bad} RR values outside {RR_RANGE_MS} ms (kept as-is)")
/app/david_neural_network/utils.py:495: UserWarning: series/4102.txt: 3 RR values outside (150.0, 3000.0) ms (kept as-is)
  warnings.warn(f"{path}: {n_bad} RR values outside {RR_RANGE_MS} ms (kept as-is)")
/app/david_neural_network/utils.py:495: UserWarning: series/4081.txt: 5 RR values outside (150.0, 3000.0) ms (kept as-is)
  warnings.warn(f"{path}: {n_bad} RR values outside {RR_RANGE_MS} ms (kept as-is)")
/app/david_neural_network/utils.py:495: UserWarning: series/4065.txt: 5 RR values outside (150.0, 3000.0) ms (kept as-is)
  warnings.warn(f"{path}: {n_bad} RR values outside {RR_RANGE_MS} ms (kept as-is)")
/app/david_neural_network/utils.py:495: UserWarning: series/4091.txt: 7 RR values outside (150.0, 3000.0) ms (kept as-is)
  warnings.warn(f"{path}: {n_bad} RR values outside {RR_RANGE_MS} ms (kept as-is)")
/app/david_neural_network/utils.py:495: UserWarning: series/4075.txt: 6 RR values outside (150.0, 3000.0) ms (kept as-is)
  warnings.warn(f"{path}: {n_bad} RR values outside {RR_RANGE_MS} ms (kept as-is)")
/app/david_neural_network/utils.py:495: UserWarning: series/4043.txt: 2 RR values outside (150.0, 3000.0) ms (kept as-is)
  warnings.warn(f"{path}: {n_bad} RR values outside {RR_RANGE_MS} ms (kept as-is)")
/app/david_neural_network/utils.py:495: UserWarning: series/4110.txt: 2 RR values outside (150.0, 3000.0) ms (kept as-is)
  warnings.warn(f"{path}: {n_bad} RR values outside {RR_RANGE_MS} ms (kept as-is)")
/app/david_neural_network/utils.py:495: UserWarning: series/4069.txt: 1 RR values outside (150.0, 3000.0) ms (kept as-is)
  warnings.warn(f"{path}: {n_bad} RR values outside {RR_RANGE_MS} ms (kept as-is)")
/app/david_neural_network/utils.py:495: UserWarning: series/4106.txt: 2 RR values outside (150.0, 3000.0) ms (kept as-is)
  warnings.warn(f"{path}: {n_bad} RR values outside {RR_RANGE_MS} ms (kept as-is)")
/app/david_neural_network/utils.py:495: UserWarning: series/4111.txt: 15 RR values outside (150.0, 3000.0) ms (kept as-is)
  warnings.warn(f"{path}: {n_bad} RR values outside {RR_RANGE_MS} ms (kept as-is)")
/app/david_neural_network/utils.py:495: UserWarning: series/4113.txt: 1 RR values outside (150.0, 3000.0) ms (kept as-is)
  warnings.warn(f"{path}: {n_bad} RR values outside {RR_RANGE_MS} ms (kept as-is)")
/app/david_neural_network/utils.py:495: UserWarning: series/4107.txt: 1 RR values outside (150.0, 3000.0) ms (kept as-is)
  warnings.warn(f"{path}: {n_bad} RR values outside {RR_RANGE_MS} ms (kept as-is)")
/app/david_neural_network/utils.py:495: UserWarning: series/4112.txt: 5 RR values outside (150.0, 3000.0) ms (kept as-is)
  warnings.warn(f"{path}: {n_bad} RR values outside {RR_RANGE_MS} ms (kept as-is)")
/app/david_neural_network/utils.py:495: UserWarning: series/4076.txt: 2 RR values outside (150.0, 3000.0) ms (kept as-is)
  warnings.warn(f"{path}: {n_bad} RR values outside {RR_RANGE_MS} ms (kept as-is)")
/app/david_neural_network/utils.py:495: UserWarning: series/4120.txt: 1 RR values outside (150.0, 3000.0) ms (kept as-is)
  warnings.warn(f"{path}: {n_bad} RR values outside {RR_RANGE_MS} ms (kept as-is)")
/app/david_neural_network/utils.py:495: UserWarning: series/4118.txt: 4 RR values outside (150.0, 3000.0) ms (kept as-is)
  warnings.warn(f"{path}: {n_bad} RR values outside {RR_RANGE_MS} ms (kept as-is)")
/app/david_neural_network/utils.py:495: UserWarning: series/4067.txt: 1 RR values outside (150.0, 3000.0) ms (kept as-is)
  warnings.warn(f"{path}: {n_bad} RR values outside {RR_RANGE_MS} ms (kept as-is)")
/app/david_neural_network/utils.py:495: UserWarning: series/4117.txt: 7 RR values outside (150.0, 3000.0) ms (kept as-is)
  warnings.warn(f"{path}: {n_bad} RR values outside {RR_RANGE_MS} ms (kept as-is)")
/app/david_neural_network/utils.py:495: UserWarning: series/4114.txt: 1 RR values outside (150.0, 3000.0) ms (kept as-is)
  warnings.warn(f"{path}: {n_bad} RR values outside {RR_RANGE_MS} ms (kept as-is)")
train: 142 subjects / 20755925 windows | val: 16 subjects / 1421225 windows

=== mlp_rsa: mlp, 23 features, residual=True ===
I0000 00:00:1791412105.573634 1104226 gpu_device.cc:2019] Created device /job:localhost/replica:0/task:0/device:GPU:0 with 61334 MB memory:  -> device: 0, name: AMD Instinct MI210, pci bus id: 0000:03:00.0
3906 steps/epoch x batch 512 (1999872 of 20755925 windows), steps_per_execution=64, lr=0.001, warmup_steps=0
/app/david_neural_network/.venv/lib/python3.12/site-packages/keras/src/trainers/epoch_iterator.py:74: UserWarning: `shuffle=True` was passed, but will be ignored since the data `x` was provided as a tf.data.Dataset. The Dataset is expected to already be shuffled (via `.shuffle(buffer_size)`).
  self.data_adapter = data_adapters.get_data_adapter(
Epoch 1/100
2026-10-07 22:28:30.859742: E tensorflow/core/framework/node_def_util.cc:680] NodeDef mentions attribute use_unbounded_threadpool which is not in the op definition: Op<name=MapDataset; signature=input_dataset:variant, other_arguments: -> handle:variant; attr=f:func; attr=Targuments:list(type),min=0; attr=output_types:list(type),min=1; attr=output_shapes:list(shape),min=1; attr=use_inter_op_parallelism:bool,default=true; attr=preserve_cardinality:bool,default=false; attr=force_synchronous:bool,default=false; attr=metadata:string,default=""> This may be expected if your graph generating binary is newer  than this binary. Unknown attributes will be ignored. NodeDef: {{node ParallelMapDatasetV2/_9}}
/app/david_neural_network/.venv/lib/python3.12/site-packages/keras/src/models/functional.py:259: UserWarning: The structure of `inputs` doesn't match the expected structure.
Expected: feats
Received: inputs=['Tensor(shape=(512, 23))']
  warnings.warn(msg)
2026-10-07 22:28:44.494214: E tensorflow/core/framework/node_def_util.cc:680] NodeDef mentions attribute use_unbounded_threadpool which is not in the op definition: Op<name=MapDataset; signature=input_dataset:variant, other_arguments: -> handle:variant; attr=f:func; attr=Targuments:list(type),min=0; attr=output_types:list(type),min=1; attr=output_shapes:list(shape),min=1; attr=use_inter_op_parallelism:bool,default=true; attr=preserve_cardinality:bool,default=false; attr=force_synchronous:bool,default=false; attr=metadata:string,default=""> This may be expected if your graph generating binary is newer  than this binary. Unknown attributes will be ignored. NodeDef: {{node ParallelMapDatasetV2/_15}}
/app/david_neural_network/.venv/lib/python3.12/site-packages/keras/src/models/functional.py:259: UserWarning: The structure of `inputs` doesn't match the expected structure.
Expected: feats
Received: inputs=['Tensor(shape=(None, 23))']
  warnings.warn(msg)
3906/3906 - 14s - 4ms/step - loss: 0.2148 - val_loss: 0.2583 - learning_rate: 0.0010
Epoch 2/100
3906/3906 - 13s - 3ms/step - loss: 0.2071 - val_loss: 0.2566 - learning_rate: 0.0010
Epoch 3/100
3906/3906 - 12s - 3ms/step - loss: 0.2052 - val_loss: 0.2549 - learning_rate: 0.0010
Epoch 4/100
3906/3906 - 12s - 3ms/step - loss: 0.2036 - val_loss: 0.2561 - learning_rate: 0.0010
Epoch 5/100
3906/3906 - 12s - 3ms/step - loss: 0.2046 - val_loss: 0.2559 - learning_rate: 0.0010
Epoch 6/100
3906/3906 - 12s - 3ms/step - loss: 0.2037 - val_loss: 0.2552 - learning_rate: 0.0010
Epoch 7/100
3906/3906 - 12s - 3ms/step - loss: 0.2026 - val_loss: 0.2548 - learning_rate: 5.0000e-04
Epoch 8/100
3906/3906 - 12s - 3ms/step - loss: 0.2020 - val_loss: 0.2549 - learning_rate: 5.0000e-04
Epoch 9/100
3906/3906 - 12s - 3ms/step - loss: 0.2028 - val_loss: 0.2542 - learning_rate: 5.0000e-04
Epoch 10/100
3906/3906 - 12s - 3ms/step - loss: 0.2018 - val_loss: 0.2548 - learning_rate: 5.0000e-04
Epoch 11/100
3906/3906 - 12s - 3ms/step - loss: 0.2018 - val_loss: 0.2541 - learning_rate: 5.0000e-04
Epoch 12/100
3906/3906 - 12s - 3ms/step - loss: 0.2025 - val_loss: 0.2530 - learning_rate: 5.0000e-04
Epoch 13/100
3906/3906 - 13s - 3ms/step - loss: 0.2011 - val_loss: 0.2535 - learning_rate: 5.0000e-04
Epoch 14/100
3906/3906 - 13s - 3ms/step - loss: 0.2019 - val_loss: 0.2552 - learning_rate: 5.0000e-04
Epoch 15/100
3906/3906 - 13s - 3ms/step - loss: 0.2018 - val_loss: 0.2531 - learning_rate: 5.0000e-04
Epoch 16/100
3906/3906 - 13s - 3ms/step - loss: 0.2017 - val_loss: 0.2531 - learning_rate: 2.5000e-04
Epoch 17/100
3906/3906 - 13s - 3ms/step - loss: 0.2014 - val_loss: 0.2530 - learning_rate: 2.5000e-04
Epoch 18/100
3906/3906 - 12s - 3ms/step - loss: 0.2013 - val_loss: 0.2527 - learning_rate: 2.5000e-04
Epoch 19/100
3906/3906 - 12s - 3ms/step - loss: 0.2002 - val_loss: 0.2530 - learning_rate: 2.5000e-04
Epoch 20/100
3906/3906 - 12s - 3ms/step - loss: 0.2010 - val_loss: 0.2530 - learning_rate: 2.5000e-04
Epoch 21/100
3906/3906 - 12s - 3ms/step - loss: 0.2019 - val_loss: 0.2523 - learning_rate: 2.5000e-04
Epoch 22/100
3906/3906 - 12s - 3ms/step - loss: 0.2010 - val_loss: 0.2527 - learning_rate: 2.5000e-04
Epoch 23/100
3906/3906 - 12s - 3ms/step - loss: 0.2002 - val_loss: 0.2526 - learning_rate: 2.5000e-04
Epoch 24/100
3906/3906 - 12s - 3ms/step - loss: 0.2003 - val_loss: 0.2522 - learning_rate: 2.5000e-04
Epoch 25/100
3906/3906 - 12s - 3ms/step - loss: 0.2008 - val_loss: 0.2527 - learning_rate: 2.5000e-04
Epoch 26/100
3906/3906 - 12s - 3ms/step - loss: 0.2020 - val_loss: 0.2518 - learning_rate: 2.5000e-04
Epoch 27/100
3906/3906 - 12s - 3ms/step - loss: 0.2004 - val_loss: 0.2520 - learning_rate: 2.5000e-04
Epoch 28/100
3906/3906 - 12s - 3ms/step - loss: 0.2015 - val_loss: 0.2518 - learning_rate: 2.5000e-04
Epoch 29/100
3906/3906 - 12s - 3ms/step - loss: 0.1996 - val_loss: 0.2519 - learning_rate: 2.5000e-04
Epoch 30/100
3906/3906 - 12s - 3ms/step - loss: 0.2003 - val_loss: 0.2514 - learning_rate: 1.2500e-04
Epoch 31/100
3906/3906 - 12s - 3ms/step - loss: 0.2007 - val_loss: 0.2525 - learning_rate: 1.2500e-04
Epoch 32/100
3906/3906 - 12s - 3ms/step - loss: 0.2001 - val_loss: 0.2517 - learning_rate: 1.2500e-04
Epoch 33/100
3906/3906 - 12s - 3ms/step - loss: 0.2013 - val_loss: 0.2520 - learning_rate: 1.2500e-04
Epoch 34/100
3906/3906 - 12s - 3ms/step - loss: 0.2003 - val_loss: 0.2515 - learning_rate: 6.2500e-05
Epoch 35/100
3906/3906 - 12s - 3ms/step - loss: 0.2006 - val_loss: 0.2517 - learning_rate: 6.2500e-05
Epoch 36/100
3906/3906 - 12s - 3ms/step - loss: 0.2003 - val_loss: 0.2518 - learning_rate: 6.2500e-05
Epoch 37/100
3906/3906 - 12s - 3ms/step - loss: 0.2009 - val_loss: 0.2515 - learning_rate: 3.1250e-05
Epoch 38/100
3906/3906 - 12s - 3ms/step - loss: 0.2012 - val_loss: 0.2518 - learning_rate: 3.1250e-05
Epoch 39/100
3906/3906 - 12s - 3ms/step - loss: 0.2012 - val_loss: 0.2516 - learning_rate: 3.1250e-05
Epoch 40/100
3906/3906 - 13s - 3ms/step - loss: 0.2004 - val_loss: 0.2517 - learning_rate: 1.5625e-05
2026-10-07 22:36:35.860358: E tensorflow/core/framework/node_def_util.cc:680] NodeDef mentions attribute use_unbounded_threadpool which is not in the op definition: Op<name=MapDataset; signature=input_dataset:variant, other_arguments: -> handle:variant; attr=f:func; attr=Targuments:list(type),min=0; attr=output_types:list(type),min=1; attr=output_shapes:list(shape),min=1; attr=use_inter_op_parallelism:bool,default=true; attr=preserve_cardinality:bool,default=false; attr=force_synchronous:bool,default=false; attr=metadata:string,default=""> This may be expected if your graph generating binary is newer  than this binary. Unknown attributes will be ignored. NodeDef: {{node ParallelMapDatasetV2/_14}}
WARNING: All log messages before absl::InitializeLog() is called are written to STDERR
W0000 00:00:1791412598.227499 1104226 tf_tfl_flatbuffer_helpers.cc:365] Ignored output_format.
W0000 00:00:1791412598.227543 1104226 tf_tfl_flatbuffer_helpers.cc:368] Ignored drop_control_dependency.
I0000 00:00:1791412598.237553 1104226 mlir_graph_optimization_pass.cc:425] MLIR V1 optimization pass is not enabled
fully_quantize: 0, inference_type: 6, input_inference_type: INT8, output_inference_type: INT8
INFO: Created TensorFlow Lite XNNPACK delegate for CPU.
mlp_rsa: val RMSE 34.21 ms (RLS 37.14), skill 0.180, sign acc 0.681 | int8 35.66 vs float 34.47 ms (subset) | 3.0 ms/step
