Loading 'val' subjects and running the streaming feature engine ...
16 subjects, 1421225 windows
WARNING: All log messages before absl::InitializeLog() is called are written to STDERR
W0000 00:00:1791440767.545567 2201355 computation_placer.cc:177] computation placer already registered. Please check linkage and avoid linking the same target more than once.
W0000 00:00:1791440767.545617 2201355 computation_placer.cc:177] computation placer already registered. Please check linkage and avoid linking the same target more than once.
W0000 00:00:1791440767.545620 2201355 computation_placer.cc:177] computation placer already registered. Please check linkage and avoid linking the same target more than once.
W0000 00:00:1791440767.545623 2201355 computation_placer.cc:177] computation placer already registered. Please check linkage and avoid linking the same target more than once.
2026-10-08 06:26:09.768190: E external/local_xla/xla/stream_executor/rocm/rocm_platform.cc:50] failed call to hipInit: HIP_ERROR_NoDevice
INFO: Created TensorFlow Lite XNNPACK delegate for CPU.

Open-loop evaluation ...
                model   rmse  rmse_lo  rmse_hi    mae    p95  skill     r  sign_acc  amp_ratio  p_vs_rls_ar  params  macs_window  macs_stream  int8_weights_kb
      tcn_lite_rsa_ws 32.618   28.296   36.760 19.829 57.423  0.218 0.626     0.687      0.563        0.000    8689   210016.000         8176            8.500
          tcn_lite_ft 32.623   28.306   36.771 19.844 57.447  0.218 0.626     0.687      0.565        0.000    8561   209888.000         8048            8.400
             tcn_lite 32.643   28.328   36.790 19.850 57.462  0.217 0.625     0.688      0.568        0.000    8561   209888.000         8048            8.400
     micro_tcn_rsa_ws 32.932   28.572   37.089 20.031 58.107  0.210 0.615     0.684      0.581        0.000    2561    38400.000         2208            2.500
            micro_tcn 32.934   28.608   37.086 20.048 58.156  0.210 0.615     0.684      0.583        0.000    2433    38272.000         2080            2.400
     tcn_lite_ft_int8 32.977   28.611   37.179 20.019 57.727  0.209 0.615     0.680      0.557        0.000    8561   209888.000         8048            8.400
 tcn_lite_rsa_ws_int8 32.996   28.647   37.204 20.005 57.660  0.209 0.615     0.680      0.555        0.000    8689   210016.000         8176            8.500
        tcn_lite_int8 33.012   28.653   37.226 20.024 57.731  0.208 0.614     0.681      0.563        0.000    8561   209888.000         8048            8.400
         tcn_lite_rsa 33.058   28.688   37.339 20.016 57.778  0.207 0.613     0.685      0.546        0.000    8689   210016.000         8176            8.500
         tcn_lite_dad 33.090   28.686   37.339 19.964 57.702  0.206 0.612     0.686      0.557        0.000    8561   209888.000         8048            8.400
    tcn_lite_rsa_int8 33.292   28.906   37.563 20.159 57.949  0.202 0.606     0.679      0.544        0.000    8689   210016.000         8176            8.500
    tcn_lite_dad_int8 33.368   28.901   37.630 20.050 57.807  0.200 0.602     0.682      0.554        0.000    8561   209888.000         8048            8.400
        micro_tcn_dad 33.468   29.053   37.788 20.162 58.310  0.197 0.599     0.682      0.556        0.000    2433    38272.000         2080            2.400
micro_tcn_rsa_ws_int8 33.469   29.051   37.668 20.329 58.525  0.197 0.598     0.675      0.565        0.000    2561    38400.000         2208            2.500
       micro_tcn_int8 33.470   29.059   37.667 20.352 58.599  0.197 0.597     0.674      0.575        0.000    2433    38272.000         2080            2.400
   micro_tcn_dad_int8 33.712   29.262   37.951 20.349 58.591  0.192 0.590     0.675      0.559        0.000    2433    38272.000         2080            2.400
        micro_tcn_rsa 33.864   29.181   38.410 20.259 58.477  0.188 0.588     0.681      0.520        0.000    2561    38400.000         2208            2.500
   micro_tcn_rsa_int8 34.028   29.310   38.596 20.394 58.645  0.184 0.582     0.676      0.519        0.000    2561    38400.000         2208            2.500
               rls_ar 37.143   31.875   42.394 21.526 62.633  0.109 0.469     0.673      0.587          NaN       0          NaN          152            0.000
          persistence 41.698   34.890   48.452 23.488 70.000  0.000   NaN     0.000      0.000        0.000       0          NaN            0            0.000
             ema_mean 43.585   37.638   48.647 27.752 82.612 -0.045 0.333     0.591      0.784        0.000       0          NaN           30            0.000

RMSE (ms) per interval:
interval               1082-1499  1499-1708  1708-2021  2021-2125  2125-2699  2699-3220  3220-3481  3481-3689  3689-3900
model                                                                                                                   
tcn_lite_rsa_ws            28.87      47.13      29.10      33.09      22.04      44.29      28.11      38.50      16.83
tcn_lite_ft                28.88      47.17      29.08      33.07      22.05      44.31      28.11      38.51      16.84
tcn_lite                   28.90      47.02      29.08      33.10      22.08      44.37      28.20      38.56      16.80
micro_tcn_rsa_ws           28.91      47.63      29.34      33.39      22.19      44.65      28.72      38.77      17.12
micro_tcn                  29.01      47.74      29.35      33.38      22.23      44.69      28.63      38.73      17.12
tcn_lite_ft_int8           29.00      47.33      29.21      33.20      22.21      44.62      29.22      38.98      17.00
tcn_lite_rsa_ws_int8       29.02      47.29      29.26      33.23      22.21      44.60      29.28      39.00      16.99
tcn_lite_int8              29.03      47.16      29.27      33.28      22.23      44.62      29.35      39.04      16.94
tcn_lite_rsa               28.90      47.40      29.23      33.24      22.20      44.64      28.67      39.63      17.03
tcn_lite_dad               28.82      47.12      29.22      33.22      22.14      44.76      28.64      39.85      17.47
tcn_lite_rsa_int8          29.00      47.55      29.38      33.40      22.35      44.72      29.41      39.85      17.18
tcn_lite_dad_int8          28.88      47.13      29.34      33.30      22.22      45.08      29.58      40.24      17.52
micro_tcn_dad              28.97      48.02      29.57      33.56      22.27      45.06      29.21      40.20      17.65
micro_tcn_rsa_ws_int8      29.12      47.96      29.70      33.78      22.48      44.95      30.12      39.43      17.39
micro_tcn_int8             29.18      48.02      29.70      33.73      22.52      45.00      30.12      39.40      17.39
micro_tcn_dad_int8         29.08      48.20      29.83      33.76      22.44      45.17      30.03      40.31      17.79
micro_tcn_rsa              28.92      48.18      29.46      33.41      22.24      45.37      30.02      41.51      17.28
micro_tcn_rsa_int8         29.02      48.25      29.61      33.56      22.38      45.46      30.44      41.65      17.43
rls_ar                     30.15      51.88      32.12      35.65      23.07      47.44      35.77      46.37      19.48
persistence                32.87      61.31      33.65      37.65      25.50      55.75      37.91      54.46      20.62
ema_mean                   34.14      59.18      46.15      51.13      31.07      49.95      38.95      46.27      20.60

Closed-loop imputation (first 5000 beats per subject) ...
  closed loop persistence: 5s
  closed loop ema_mean: 6s
  closed loop rls_ar: 5s
  closed loop micro_tcn: 271s
  closed loop micro_tcn_int8: 34s
  closed loop micro_tcn_dad: 273s
  closed loop micro_tcn_dad_int8: 34s
  closed loop micro_tcn_rsa: 318s
  closed loop micro_tcn_rsa_int8: 34s
  closed loop micro_tcn_rsa_ws: 316s
  closed loop micro_tcn_rsa_ws_int8: 34s
  closed loop tcn_lite: 296s
  closed loop tcn_lite_int8: 37s
  closed loop tcn_lite_dad: 257s
  closed loop tcn_lite_dad_int8: 37s
  closed loop tcn_lite_ft: 256s
  closed loop tcn_lite_ft_int8: 37s
  closed loop tcn_lite_rsa: 301s
  closed loop tcn_lite_rsa_int8: 37s
  closed loop tcn_lite_rsa_ws: 281s
  closed loop tcn_lite_rsa_ws_int8: 37s
                model  percent   rmse    mae    r2  corr_series  hf_power_log2  hf_peak_log2  hf_peak_shift_abs  rsa_invented  rsa_displaced  rsa_lost
          tcn_lite_ft    0.100 25.629 17.635 0.865        0.992         -0.032        -0.021              0.030         0.000          0.021     0.000
      tcn_lite_rsa_ws    0.100 25.630 17.620 0.865        0.992         -0.034        -0.021              0.030         0.000          0.021     0.000
             tcn_lite    0.100 25.652 17.648 0.865        0.992         -0.030        -0.021              0.030         0.000          0.021     0.000
     micro_tcn_rsa_ws    0.100 25.758 17.708 0.864        0.992         -0.032        -0.012              0.040         0.000          0.021     0.000
            micro_tcn    0.100 25.792 17.735 0.864        0.992         -0.028        -0.015              0.038         0.000          0.021     0.000
 tcn_lite_rsa_ws_int8    0.100 25.869 17.813 0.862        0.992         -0.026        -0.024              0.035         0.000          0.021     0.000
     tcn_lite_ft_int8    0.100 25.870 17.837 0.862        0.992         -0.025        -0.025              0.033         0.000          0.021     0.000
        tcn_lite_int8    0.100 25.908 17.854 0.861        0.992         -0.021        -0.025              0.036         0.000          0.021     0.000
         tcn_lite_rsa    0.100 25.957 17.737 0.861        0.992         -0.038        -0.021              0.034         0.000          0.021     0.000
    tcn_lite_rsa_int8    0.100 26.176 17.926 0.857        0.992         -0.029        -0.026              0.043         0.000          0.042     0.000
         tcn_lite_dad    0.100 26.193 17.753 0.856        0.992         -0.031        -0.026              0.027         0.000          0.021     0.000
        micro_tcn_dad    0.100 26.226 17.830 0.857        0.992         -0.033        -0.020              0.036         0.000          0.021     0.000
micro_tcn_rsa_ws_int8    0.100 26.313 18.095 0.855        0.991         -0.013        -0.023              0.044         0.000          0.021     0.000
       micro_tcn_int8    0.100 26.317 18.107 0.856        0.992         -0.011        -0.023              0.042         0.000          0.021     0.000
    tcn_lite_dad_int8    0.100 26.323 17.883 0.854        0.991         -0.026        -0.026              0.033         0.000          0.021     0.000
        micro_tcn_rsa    0.100 26.452 17.886 0.854        0.991         -0.036        -0.024              0.043         0.000          0.021     0.000
   micro_tcn_dad_int8    0.100 26.457 18.041 0.853        0.991         -0.023        -0.023              0.042         0.000          0.021     0.000
   micro_tcn_rsa_int8    0.100 26.609 18.067 0.852        0.991         -0.030        -0.026              0.043         0.000          0.000     0.000
               rls_ar    0.100 28.881 19.015 0.825        0.990         -0.007        -0.020              0.057         0.000          0.021     0.000
          persistence    0.100 31.282 20.010 0.789        0.988          0.008        -0.053              0.044         0.000          0.000     0.021
             ema_mean    0.100 33.893 23.669 0.759        0.987          0.091        -0.069              0.070         0.000          0.021     0.000
      tcn_lite_rsa_ws    0.300 28.889 19.640 0.830        0.974         -0.141        -0.004              0.067         0.000          0.042     0.000
          tcn_lite_ft    0.300 28.891 19.649 0.830        0.974         -0.133         0.000              0.067         0.000          0.042     0.000
             tcn_lite    0.300 28.942 19.665 0.829        0.974         -0.124         0.002              0.063         0.000          0.042     0.000
     micro_tcn_rsa_ws    0.300 29.071 19.772 0.828        0.974         -0.128         0.008              0.090         0.000          0.042     0.000
 tcn_lite_rsa_ws_int8    0.300 29.096 19.800 0.826        0.974         -0.120        -0.005              0.076         0.000          0.042     0.000
            micro_tcn    0.300 29.097 19.790 0.828        0.974         -0.116         0.005              0.082         0.000          0.042     0.000
     tcn_lite_ft_int8    0.300 29.121 19.850 0.826        0.973         -0.112        -0.008              0.070         0.000          0.042     0.000
         tcn_lite_dad    0.300 29.185 19.707 0.825        0.973         -0.128         0.006              0.067         0.000          0.042     0.000
         tcn_lite_rsa    0.300 29.188 19.789 0.826        0.973         -0.151         0.005              0.076         0.000          0.042     0.000
        tcn_lite_int8    0.300 29.196 19.858 0.825        0.973         -0.097        -0.001              0.074         0.000          0.042     0.000
        micro_tcn_dad    0.300 29.297 19.804 0.824        0.973         -0.134         0.000              0.069         0.000          0.042     0.000
    tcn_lite_dad_int8    0.300 29.337 19.834 0.822        0.973         -0.114         0.006              0.063         0.000          0.042     0.000
    tcn_lite_rsa_int8    0.300 29.398 19.993 0.822        0.973         -0.127         0.009              0.082         0.000          0.021     0.000
        micro_tcn_rsa    0.300 29.507 19.951 0.822        0.973         -0.145        -0.001              0.074         0.000          0.042     0.000
   micro_tcn_dad_int8    0.300 29.568 20.094 0.819        0.972         -0.107        -0.011              0.081         0.000          0.021     0.000
       micro_tcn_int8    0.300 29.587 20.204 0.817        0.972         -0.075        -0.006              0.076         0.000          0.042     0.000
micro_tcn_rsa_ws_int8    0.300 29.593 20.197 0.817        0.972         -0.089         0.007              0.071         0.000          0.042     0.000
   micro_tcn_rsa_int8    0.300 29.641 20.076 0.819        0.972         -0.134        -0.003              0.078         0.000          0.042     0.000
               rls_ar    0.300 33.113 21.408 0.775        0.966         -0.063         0.076              0.079         0.062          0.042     0.000
          persistence    0.300 33.646 21.638 0.765        0.965         -0.056        -0.098              0.085         0.000          0.000     0.104
             ema_mean    0.300 35.890 25.240 0.733        0.959          0.137        -0.110              0.082         0.000          0.000     0.062
      tcn_lite_rsa_ws    0.500 32.916 22.354 0.782        0.942         -0.312        -0.065              0.067         0.000          0.021     0.042
          tcn_lite_ft    0.500 32.923 22.369 0.782        0.942         -0.299        -0.062              0.070         0.000          0.021     0.042
             tcn_lite    0.500 32.981 22.382 0.781        0.942         -0.285        -0.061              0.065         0.000          0.021     0.042
     micro_tcn_rsa_ws    0.500 32.984 22.409 0.780        0.942         -0.281        -0.037              0.060         0.000          0.021     0.042
         tcn_lite_rsa    0.500 33.022 22.431 0.779        0.941         -0.332        -0.060              0.060         0.000          0.021     0.042
            micro_tcn    0.500 33.058 22.460 0.779        0.942         -0.258        -0.034              0.062         0.000          0.021     0.042
         tcn_lite_dad    0.500 33.063 22.301 0.778        0.941         -0.287        -0.052              0.079         0.000          0.021     0.042
        micro_tcn_dad    0.500 33.089 22.362 0.778        0.941         -0.292        -0.042              0.063         0.000          0.021     0.042
 tcn_lite_rsa_ws_int8    0.500 33.124 22.534 0.779        0.942         -0.282        -0.068              0.072         0.000          0.021     0.042
     tcn_lite_ft_int8    0.500 33.127 22.570 0.778        0.941         -0.264        -0.059              0.076         0.000          0.021     0.042
        micro_tcn_rsa    0.500 33.128 22.501 0.778        0.941         -0.323        -0.056              0.066         0.000          0.021     0.042
    tcn_lite_dad_int8    0.500 33.217 22.431 0.775        0.940         -0.263        -0.050              0.081         0.000          0.021     0.042
        tcn_lite_int8    0.500 33.228 22.564 0.775        0.941         -0.245        -0.063              0.073         0.000          0.021     0.042
    tcn_lite_rsa_int8    0.500 33.230 22.614 0.774        0.940         -0.296        -0.049              0.059         0.000          0.021     0.042
   micro_tcn_rsa_int8    0.500 33.282 22.648 0.775        0.940         -0.307        -0.067              0.066         0.000          0.021     0.042
   micro_tcn_dad_int8    0.500 33.365 22.643 0.771        0.940         -0.254        -0.050              0.063         0.000          0.021     0.042
       micro_tcn_int8    0.500 33.433 22.834 0.769        0.939         -0.210        -0.061              0.076         0.000          0.021     0.042
micro_tcn_rsa_ws_int8    0.500 33.438 22.809 0.768        0.939         -0.228        -0.056              0.066         0.000          0.021     0.042
          persistence    0.500 37.133 24.092 0.717        0.928         -0.229        -0.144              0.070         0.000          0.000     0.125
               rls_ar    0.500 37.475 24.226 0.721        0.927         -0.129         0.184              0.073         0.125          0.021     0.021
             ema_mean    0.500 38.403 27.186 0.697        0.919          0.029        -0.160              0.083         0.000          0.000     0.125
        micro_tcn_dad    0.800 41.103 28.566 0.650        0.838         -0.892        -0.012              0.075         0.042          0.000     0.083
         tcn_lite_dad    0.800 41.149 28.491 0.653        0.839         -0.926        -0.047              0.079         0.021          0.021     0.062
   micro_tcn_dad_int8    0.800 41.199 28.865 0.644        0.837         -0.862        -0.035              0.084         0.000          0.021     0.062
    tcn_lite_dad_int8    0.800 41.378 28.716 0.646        0.836         -0.876        -0.025              0.081         0.042          0.021     0.042
            micro_tcn    0.800 41.383 28.945 0.649        0.836         -0.871         0.021              0.083         0.042          0.021     0.062
          tcn_lite_ft    0.800 41.549 29.150 0.645        0.836         -0.962        -0.083              0.089         0.000          0.021     0.083
             tcn_lite    0.800 41.603 29.091 0.645        0.836         -0.943        -0.070              0.085         0.021          0.021     0.083
     micro_tcn_rsa_ws    0.800 41.652 29.087 0.643        0.834         -0.919        -0.013              0.089         0.021          0.000     0.083
     tcn_lite_ft_int8    0.800 41.659 29.304 0.642        0.834         -0.911        -0.070              0.083         0.000          0.000     0.104
      tcn_lite_rsa_ws    0.800 41.780 29.254 0.639        0.835         -0.966        -0.112              0.087         0.000          0.021     0.083
        tcn_lite_int8    0.800 41.822 29.212 0.638        0.832         -0.857        -0.019              0.091         0.042          0.021     0.083
       micro_tcn_int8    0.800 41.859 29.659 0.625        0.831         -0.779         0.004              0.089         0.042          0.021     0.062
 tcn_lite_rsa_ws_int8    0.800 41.860 29.308 0.639        0.833         -0.928        -0.108              0.092         0.000          0.021     0.083
   micro_tcn_rsa_int8    0.800 41.995 29.771 0.631        0.828         -0.888        -0.056              0.088         0.000          0.000     0.104
micro_tcn_rsa_ws_int8    0.800 42.144 29.815 0.607        0.827         -0.801        -0.034              0.086         0.000          0.000     0.083
        micro_tcn_rsa    0.800 42.199 29.809 0.636        0.831         -0.925        -0.052              0.077         0.000          0.000     0.104
    tcn_lite_rsa_int8    0.800 42.299 29.701 0.633        0.828         -0.910        -0.088              0.081         0.000          0.000     0.104
         tcn_lite_rsa    0.800 42.756 30.088 0.630        0.828         -0.928        -0.086              0.083         0.000          0.000     0.104
             ema_mean    0.800 43.791 31.627 0.612        0.814         -0.596        -0.202              0.088         0.000          0.000     0.125
          persistence    0.800 46.419 31.212 0.561        0.813         -0.866        -0.178              0.097         0.000          0.000     0.125
               rls_ar    0.800 53.731 33.164 0.351        0.757          0.403         1.666              0.088         0.750          0.083     0.000

Results written to results/round4/
