WARNING: All log messages before absl::InitializeLog() is called are written to STDERR
W0000 00:00:1791433015.189142 2089246 computation_placer.cc:177] computation placer already registered. Please check linkage and avoid linking the same target more than once.
W0000 00:00:1791433015.189400 2089246 computation_placer.cc:177] computation placer already registered. Please check linkage and avoid linking the same target more than once.
W0000 00:00:1791433015.189404 2089246 computation_placer.cc:177] computation placer already registered. Please check linkage and avoid linking the same target more than once.
W0000 00:00:1791433015.189409 2089246 computation_placer.cc:177] computation placer already registered. Please check linkage and avoid linking the same target more than once.
Loading train/val subjects and running the streaming feature engine ...
/app/david_neural_network/utils.py:537: UserWarning: series/4077.txt: 2 RR values outside (150.0, 3000.0) ms (kept as-is)
  warnings.warn(f"{path}: {n_bad} RR values outside {RR_RANGE_MS} ms (kept as-is)")
/app/david_neural_network/utils.py:537: UserWarning: series/4052.txt: 13 RR values outside (150.0, 3000.0) ms (kept as-is)
  warnings.warn(f"{path}: {n_bad} RR values outside {RR_RANGE_MS} ms (kept as-is)")
/app/david_neural_network/utils.py:537: UserWarning: series/4087.txt: 2 RR values outside (150.0, 3000.0) ms (kept as-is)
  warnings.warn(f"{path}: {n_bad} RR values outside {RR_RANGE_MS} ms (kept as-is)")
/app/david_neural_network/utils.py:537: UserWarning: series/4033.txt: 4 RR values outside (150.0, 3000.0) ms (kept as-is)
  warnings.warn(f"{path}: {n_bad} RR values outside {RR_RANGE_MS} ms (kept as-is)")
/app/david_neural_network/utils.py:537: UserWarning: series/4062.txt: 2 RR values outside (150.0, 3000.0) ms (kept as-is)
  warnings.warn(f"{path}: {n_bad} RR values outside {RR_RANGE_MS} ms (kept as-is)")
/app/david_neural_network/utils.py:537: UserWarning: series/4037.txt: 1 RR values outside (150.0, 3000.0) ms (kept as-is)
  warnings.warn(f"{path}: {n_bad} RR values outside {RR_RANGE_MS} ms (kept as-is)")
/app/david_neural_network/utils.py:537: UserWarning: series/4070.txt: 1 RR values outside (150.0, 3000.0) ms (kept as-is)
  warnings.warn(f"{path}: {n_bad} RR values outside {RR_RANGE_MS} ms (kept as-is)")
/app/david_neural_network/utils.py:537: UserWarning: series/4090.txt: 1 RR values outside (150.0, 3000.0) ms (kept as-is)
  warnings.warn(f"{path}: {n_bad} RR values outside {RR_RANGE_MS} ms (kept as-is)")
/app/david_neural_network/utils.py:537: UserWarning: series/4088.txt: 2 RR values outside (150.0, 3000.0) ms (kept as-is)
  warnings.warn(f"{path}: {n_bad} RR values outside {RR_RANGE_MS} ms (kept as-is)")
/app/david_neural_network/utils.py:537: UserWarning: series/4011.txt: 2 RR values outside (150.0, 3000.0) ms (kept as-is)
  warnings.warn(f"{path}: {n_bad} RR values outside {RR_RANGE_MS} ms (kept as-is)")
/app/david_neural_network/utils.py:537: UserWarning: series/4099.txt: 4 RR values outside (150.0, 3000.0) ms (kept as-is)
  warnings.warn(f"{path}: {n_bad} RR values outside {RR_RANGE_MS} ms (kept as-is)")
/app/david_neural_network/utils.py:537: UserWarning: series/4097.txt: 1 RR values outside (150.0, 3000.0) ms (kept as-is)
  warnings.warn(f"{path}: {n_bad} RR values outside {RR_RANGE_MS} ms (kept as-is)")
/app/david_neural_network/utils.py:537: UserWarning: series/4010.txt: 1 RR values outside (150.0, 3000.0) ms (kept as-is)
  warnings.warn(f"{path}: {n_bad} RR values outside {RR_RANGE_MS} ms (kept as-is)")
/app/david_neural_network/utils.py:537: UserWarning: series/4029.txt: 1 RR values outside (150.0, 3000.0) ms (kept as-is)
  warnings.warn(f"{path}: {n_bad} RR values outside {RR_RANGE_MS} ms (kept as-is)")
/app/david_neural_network/utils.py:537: UserWarning: series/4001.txt: 13 RR values outside (150.0, 3000.0) ms (kept as-is)
  warnings.warn(f"{path}: {n_bad} RR values outside {RR_RANGE_MS} ms (kept as-is)")
/app/david_neural_network/utils.py:537: UserWarning: series/4085.txt: 3 RR values outside (150.0, 3000.0) ms (kept as-is)
  warnings.warn(f"{path}: {n_bad} RR values outside {RR_RANGE_MS} ms (kept as-is)")
/app/david_neural_network/utils.py:537: UserWarning: series/4028.txt: 28 RR values outside (150.0, 3000.0) ms (kept as-is)
  warnings.warn(f"{path}: {n_bad} RR values outside {RR_RANGE_MS} ms (kept as-is)")
/app/david_neural_network/utils.py:537: UserWarning: series/4031.txt: 1 RR values outside (150.0, 3000.0) ms (kept as-is)
  warnings.warn(f"{path}: {n_bad} RR values outside {RR_RANGE_MS} ms (kept as-is)")
/app/david_neural_network/utils.py:537: UserWarning: series/4119.txt: 7 RR values outside (150.0, 3000.0) ms (kept as-is)
  warnings.warn(f"{path}: {n_bad} RR values outside {RR_RANGE_MS} ms (kept as-is)")
/app/david_neural_network/utils.py:537: UserWarning: series/4084.txt: 1 RR values outside (150.0, 3000.0) ms (kept as-is)
  warnings.warn(f"{path}: {n_bad} RR values outside {RR_RANGE_MS} ms (kept as-is)")
/app/david_neural_network/utils.py:537: UserWarning: series/4056.txt: 1 RR values outside (150.0, 3000.0) ms (kept as-is)
  warnings.warn(f"{path}: {n_bad} RR values outside {RR_RANGE_MS} ms (kept as-is)")
/app/david_neural_network/utils.py:537: UserWarning: series/4026.txt: 5 RR values outside (150.0, 3000.0) ms (kept as-is)
  warnings.warn(f"{path}: {n_bad} RR values outside {RR_RANGE_MS} ms (kept as-is)")
/app/david_neural_network/utils.py:537: UserWarning: series/4109.txt: 2 RR values outside (150.0, 3000.0) ms (kept as-is)
  warnings.warn(f"{path}: {n_bad} RR values outside {RR_RANGE_MS} ms (kept as-is)")
/app/david_neural_network/utils.py:537: UserWarning: series/4030.txt: 1 RR values outside (150.0, 3000.0) ms (kept as-is)
  warnings.warn(f"{path}: {n_bad} RR values outside {RR_RANGE_MS} ms (kept as-is)")
/app/david_neural_network/utils.py:537: UserWarning: series/4034.txt: 1 RR values outside (150.0, 3000.0) ms (kept as-is)
  warnings.warn(f"{path}: {n_bad} RR values outside {RR_RANGE_MS} ms (kept as-is)")
/app/david_neural_network/utils.py:537: UserWarning: series/4022.txt: 4 RR values outside (150.0, 3000.0) ms (kept as-is)
  warnings.warn(f"{path}: {n_bad} RR values outside {RR_RANGE_MS} ms (kept as-is)")
/app/david_neural_network/utils.py:537: UserWarning: series/4014.txt: 4 RR values outside (150.0, 3000.0) ms (kept as-is)
  warnings.warn(f"{path}: {n_bad} RR values outside {RR_RANGE_MS} ms (kept as-is)")
/app/david_neural_network/utils.py:537: UserWarning: series/4072.txt: 2 RR values outside (150.0, 3000.0) ms (kept as-is)
  warnings.warn(f"{path}: {n_bad} RR values outside {RR_RANGE_MS} ms (kept as-is)")
/app/david_neural_network/utils.py:537: UserWarning: series/4050.txt: 1 RR values outside (150.0, 3000.0) ms (kept as-is)
  warnings.warn(f"{path}: {n_bad} RR values outside {RR_RANGE_MS} ms (kept as-is)")
/app/david_neural_network/utils.py:537: UserWarning: series/4096.txt: 1 RR values outside (150.0, 3000.0) ms (kept as-is)
  warnings.warn(f"{path}: {n_bad} RR values outside {RR_RANGE_MS} ms (kept as-is)")
/app/david_neural_network/utils.py:537: UserWarning: series/4025.txt: 4 RR values outside (150.0, 3000.0) ms (kept as-is)
  warnings.warn(f"{path}: {n_bad} RR values outside {RR_RANGE_MS} ms (kept as-is)")
/app/david_neural_network/utils.py:537: UserWarning: series/4102.txt: 3 RR values outside (150.0, 3000.0) ms (kept as-is)
  warnings.warn(f"{path}: {n_bad} RR values outside {RR_RANGE_MS} ms (kept as-is)")
/app/david_neural_network/utils.py:537: UserWarning: series/4081.txt: 5 RR values outside (150.0, 3000.0) ms (kept as-is)
  warnings.warn(f"{path}: {n_bad} RR values outside {RR_RANGE_MS} ms (kept as-is)")
/app/david_neural_network/utils.py:537: UserWarning: series/4065.txt: 5 RR values outside (150.0, 3000.0) ms (kept as-is)
  warnings.warn(f"{path}: {n_bad} RR values outside {RR_RANGE_MS} ms (kept as-is)")
/app/david_neural_network/utils.py:537: UserWarning: series/4091.txt: 7 RR values outside (150.0, 3000.0) ms (kept as-is)
  warnings.warn(f"{path}: {n_bad} RR values outside {RR_RANGE_MS} ms (kept as-is)")
/app/david_neural_network/utils.py:537: UserWarning: series/4075.txt: 6 RR values outside (150.0, 3000.0) ms (kept as-is)
  warnings.warn(f"{path}: {n_bad} RR values outside {RR_RANGE_MS} ms (kept as-is)")
/app/david_neural_network/utils.py:537: UserWarning: series/4043.txt: 2 RR values outside (150.0, 3000.0) ms (kept as-is)
  warnings.warn(f"{path}: {n_bad} RR values outside {RR_RANGE_MS} ms (kept as-is)")
/app/david_neural_network/utils.py:537: UserWarning: series/4110.txt: 2 RR values outside (150.0, 3000.0) ms (kept as-is)
  warnings.warn(f"{path}: {n_bad} RR values outside {RR_RANGE_MS} ms (kept as-is)")
/app/david_neural_network/utils.py:537: UserWarning: series/4069.txt: 1 RR values outside (150.0, 3000.0) ms (kept as-is)
  warnings.warn(f"{path}: {n_bad} RR values outside {RR_RANGE_MS} ms (kept as-is)")
/app/david_neural_network/utils.py:537: UserWarning: series/4106.txt: 2 RR values outside (150.0, 3000.0) ms (kept as-is)
  warnings.warn(f"{path}: {n_bad} RR values outside {RR_RANGE_MS} ms (kept as-is)")
/app/david_neural_network/utils.py:537: UserWarning: series/4111.txt: 15 RR values outside (150.0, 3000.0) ms (kept as-is)
  warnings.warn(f"{path}: {n_bad} RR values outside {RR_RANGE_MS} ms (kept as-is)")
/app/david_neural_network/utils.py:537: UserWarning: series/4113.txt: 1 RR values outside (150.0, 3000.0) ms (kept as-is)
  warnings.warn(f"{path}: {n_bad} RR values outside {RR_RANGE_MS} ms (kept as-is)")
/app/david_neural_network/utils.py:537: UserWarning: series/4107.txt: 1 RR values outside (150.0, 3000.0) ms (kept as-is)
  warnings.warn(f"{path}: {n_bad} RR values outside {RR_RANGE_MS} ms (kept as-is)")
/app/david_neural_network/utils.py:537: UserWarning: series/4112.txt: 5 RR values outside (150.0, 3000.0) ms (kept as-is)
  warnings.warn(f"{path}: {n_bad} RR values outside {RR_RANGE_MS} ms (kept as-is)")
/app/david_neural_network/utils.py:537: UserWarning: series/4076.txt: 2 RR values outside (150.0, 3000.0) ms (kept as-is)
  warnings.warn(f"{path}: {n_bad} RR values outside {RR_RANGE_MS} ms (kept as-is)")
/app/david_neural_network/utils.py:537: UserWarning: series/4120.txt: 1 RR values outside (150.0, 3000.0) ms (kept as-is)
  warnings.warn(f"{path}: {n_bad} RR values outside {RR_RANGE_MS} ms (kept as-is)")
/app/david_neural_network/utils.py:537: UserWarning: series/4118.txt: 4 RR values outside (150.0, 3000.0) ms (kept as-is)
  warnings.warn(f"{path}: {n_bad} RR values outside {RR_RANGE_MS} ms (kept as-is)")
/app/david_neural_network/utils.py:537: UserWarning: series/4067.txt: 1 RR values outside (150.0, 3000.0) ms (kept as-is)
  warnings.warn(f"{path}: {n_bad} RR values outside {RR_RANGE_MS} ms (kept as-is)")
/app/david_neural_network/utils.py:537: UserWarning: series/4117.txt: 7 RR values outside (150.0, 3000.0) ms (kept as-is)
  warnings.warn(f"{path}: {n_bad} RR values outside {RR_RANGE_MS} ms (kept as-is)")
/app/david_neural_network/utils.py:537: UserWarning: series/4114.txt: 1 RR values outside (150.0, 3000.0) ms (kept as-is)
  warnings.warn(f"{path}: {n_bad} RR values outside {RR_RANGE_MS} ms (kept as-is)")
train: 142 subjects / 20755925 windows | val: 16 subjects / 1421225 windows

=== tcn_lite_rsa: tcn_lite, 13 features, residual=True ===
I0000 00:00:1791433050.336787 2089246 gpu_device.cc:2019] Created device /job:localhost/replica:0/task:0/device:GPU:0 with 61334 MB memory:  -> device: 0, name: AMD Instinct MI210, pci bus id: 0000:03:00.0
3906 steps/epoch x batch 512 (1999872 of 20755925 windows), steps_per_execution=64, lr=0.001, warmup_steps=0
/app/david_neural_network/.venv/lib/python3.12/site-packages/keras/src/trainers/epoch_iterator.py:74: UserWarning: `shuffle=True` was passed, but will be ignored since the data `x` was provided as a tf.data.Dataset. The Dataset is expected to already be shuffled (via `.shuffle(buffer_size)`).
  self.data_adapter = data_adapters.get_data_adapter(
Epoch 1/100
2026-10-08 04:17:35.226592: E tensorflow/core/framework/node_def_util.cc:680] NodeDef mentions attribute use_unbounded_threadpool which is not in the op definition: Op<name=MapDataset; signature=input_dataset:variant, other_arguments: -> handle:variant; attr=f:func; attr=Targuments:list(type),min=0; attr=output_types:list(type),min=1; attr=output_shapes:list(shape),min=1; attr=use_inter_op_parallelism:bool,default=true; attr=preserve_cardinality:bool,default=false; attr=force_synchronous:bool,default=false; attr=metadata:string,default=""> This may be expected if your graph generating binary is newer  than this binary. Unknown attributes will be ignored. NodeDef: {{node ParallelMapDatasetV2/_12}}
2026-10-08 04:18:39.973033: E tensorflow/core/framework/node_def_util.cc:680] NodeDef mentions attribute use_unbounded_threadpool which is not in the op definition: Op<name=MapDataset; signature=input_dataset:variant, other_arguments: -> handle:variant; attr=f:func; attr=Targuments:list(type),min=0; attr=output_types:list(type),min=1; attr=output_shapes:list(shape),min=1; attr=use_inter_op_parallelism:bool,default=true; attr=preserve_cardinality:bool,default=false; attr=force_synchronous:bool,default=false; attr=metadata:string,default=""> This may be expected if your graph generating binary is newer  than this binary. Unknown attributes will be ignored. NodeDef: {{node ParallelMapDatasetV2/_16}}
3906/3906 - 66s - 17ms/step - loss: 0.2129 - val_loss: 0.2713 - learning_rate: 0.0010
Epoch 2/100
3906/3906 - 60s - 15ms/step - loss: 0.2068 - val_loss: 0.2560 - learning_rate: 0.0010
Epoch 3/100
3906/3906 - 61s - 15ms/step - loss: 0.2042 - val_loss: 0.2599 - learning_rate: 0.0010
Epoch 4/100
3906/3906 - 60s - 15ms/step - loss: 0.2021 - val_loss: 0.2573 - learning_rate: 0.0010
Epoch 5/100
3906/3906 - 60s - 15ms/step - loss: 0.2026 - val_loss: 0.2497 - learning_rate: 0.0010
Epoch 6/100
3906/3906 - 59s - 15ms/step - loss: 0.2017 - val_loss: 0.2490 - learning_rate: 0.0010
Epoch 7/100
3906/3906 - 60s - 15ms/step - loss: 0.2007 - val_loss: 0.2565 - learning_rate: 0.0010
Epoch 8/100
3906/3906 - 60s - 15ms/step - loss: 0.2001 - val_loss: 0.2517 - learning_rate: 0.0010
Epoch 9/100
3906/3906 - 60s - 15ms/step - loss: 0.2004 - val_loss: 0.2498 - learning_rate: 0.0010
Epoch 10/100
3906/3906 - 61s - 16ms/step - loss: 0.1987 - val_loss: 0.2500 - learning_rate: 5.0000e-04
Epoch 11/100
3906/3906 - 61s - 16ms/step - loss: 0.1985 - val_loss: 0.2486 - learning_rate: 5.0000e-04
Epoch 12/100
3906/3906 - 61s - 16ms/step - loss: 0.1992 - val_loss: 0.2463 - learning_rate: 5.0000e-04
Epoch 13/100
3906/3906 - 61s - 16ms/step - loss: 0.1976 - val_loss: 0.2466 - learning_rate: 5.0000e-04
Epoch 14/100
3906/3906 - 61s - 16ms/step - loss: 0.1982 - val_loss: 0.2512 - learning_rate: 5.0000e-04
Epoch 15/100
3906/3906 - 61s - 16ms/step - loss: 0.1982 - val_loss: 0.2479 - learning_rate: 5.0000e-04
Epoch 16/100
3906/3906 - 61s - 16ms/step - loss: 0.1979 - val_loss: 0.2460 - learning_rate: 2.5000e-04
Epoch 17/100
3906/3906 - 62s - 16ms/step - loss: 0.1977 - val_loss: 0.2469 - learning_rate: 2.5000e-04
Epoch 18/100
3906/3906 - 62s - 16ms/step - loss: 0.1974 - val_loss: 0.2461 - learning_rate: 2.5000e-04
Epoch 19/100
3906/3906 - 62s - 16ms/step - loss: 0.1961 - val_loss: 0.2449 - learning_rate: 2.5000e-04
Epoch 20/100
3906/3906 - 62s - 16ms/step - loss: 0.1970 - val_loss: 0.2445 - learning_rate: 2.5000e-04
Epoch 21/100
3906/3906 - 61s - 16ms/step - loss: 0.1979 - val_loss: 0.2447 - learning_rate: 2.5000e-04
Epoch 22/100
3906/3906 - 61s - 16ms/step - loss: 0.1971 - val_loss: 0.2440 - learning_rate: 2.5000e-04
Epoch 23/100
3906/3906 - 61s - 16ms/step - loss: 0.1962 - val_loss: 0.2461 - learning_rate: 2.5000e-04
Epoch 24/100
3906/3906 - 61s - 16ms/step - loss: 0.1963 - val_loss: 0.2447 - learning_rate: 2.5000e-04
Epoch 25/100
3906/3906 - 61s - 16ms/step - loss: 0.1968 - val_loss: 0.2449 - learning_rate: 2.5000e-04
Epoch 26/100
3906/3906 - 62s - 16ms/step - loss: 0.1977 - val_loss: 0.2440 - learning_rate: 1.2500e-04
Epoch 27/100
3906/3906 - 62s - 16ms/step - loss: 0.1962 - val_loss: 0.2437 - learning_rate: 1.2500e-04
Epoch 28/100
3906/3906 - 61s - 16ms/step - loss: 0.1973 - val_loss: 0.2448 - learning_rate: 1.2500e-04
Epoch 29/100
3906/3906 - 61s - 16ms/step - loss: 0.1953 - val_loss: 0.2442 - learning_rate: 1.2500e-04
Epoch 30/100
3906/3906 - 62s - 16ms/step - loss: 0.1963 - val_loss: 0.2455 - learning_rate: 1.2500e-04
Epoch 31/100
3906/3906 - 62s - 16ms/step - loss: 0.1964 - val_loss: 0.2453 - learning_rate: 6.2500e-05
Epoch 32/100
3906/3906 - 62s - 16ms/step - loss: 0.1959 - val_loss: 0.2446 - learning_rate: 6.2500e-05
Epoch 33/100
3906/3906 - 61s - 16ms/step - loss: 0.1969 - val_loss: 0.2444 - learning_rate: 6.2500e-05
Epoch 34/100
3906/3906 - 61s - 16ms/step - loss: 0.1960 - val_loss: 0.2443 - learning_rate: 3.1250e-05
Epoch 35/100
3906/3906 - 62s - 16ms/step - loss: 0.1964 - val_loss: 0.2444 - learning_rate: 3.1250e-05
Epoch 36/100
3906/3906 - 62s - 16ms/step - loss: 0.1961 - val_loss: 0.2439 - learning_rate: 3.1250e-05
Epoch 37/100
3906/3906 - 62s - 16ms/step - loss: 0.1967 - val_loss: 0.2439 - learning_rate: 1.5625e-05
2026-10-08 04:55:19.489854: E tensorflow/core/framework/node_def_util.cc:680] NodeDef mentions attribute use_unbounded_threadpool which is not in the op definition: Op<name=MapDataset; signature=input_dataset:variant, other_arguments: -> handle:variant; attr=f:func; attr=Targuments:list(type),min=0; attr=output_types:list(type),min=1; attr=output_shapes:list(shape),min=1; attr=use_inter_op_parallelism:bool,default=true; attr=preserve_cardinality:bool,default=false; attr=force_synchronous:bool,default=false; attr=metadata:string,default=""> This may be expected if your graph generating binary is newer  than this binary. Unknown attributes will be ignored. NodeDef: {{node ParallelMapDatasetV2/_15}}
2026-10-08 04:57:08.045863: E tensorflow/core/framework/node_def_util.cc:680] NodeDef mentions attribute use_unbounded_threadpool which is not in the op definition: Op<name=MapDataset; signature=input_dataset:variant, other_arguments: -> handle:variant; attr=f:func; attr=Targuments:list(type),min=0; attr=output_types:list(type),min=1; attr=output_shapes:list(shape),min=1; attr=use_inter_op_parallelism:bool,default=true; attr=preserve_cardinality:bool,default=false; attr=force_synchronous:bool,default=false; attr=metadata:string,default=""> This may be expected if your graph generating binary is newer  than this binary. Unknown attributes will be ignored. NodeDef: {{node ParallelMapDatasetV2/_15}}
WARNING: All log messages before absl::InitializeLog() is called are written to STDERR
W0000 00:00:1791435485.776591 2089246 tf_tfl_flatbuffer_helpers.cc:365] Ignored output_format.
W0000 00:00:1791435485.776646 2089246 tf_tfl_flatbuffer_helpers.cc:368] Ignored drop_control_dependency.
I0000 00:00:1791435485.794552 2089246 mlir_graph_optimization_pass.cc:425] MLIR V1 optimization pass is not enabled
fully_quantize: 0, inference_type: 6, input_inference_type: INT8, output_inference_type: INT8
INFO: Created TensorFlow Lite XNNPACK delegate for CPU.
W0000 00:00:1791435491.878880 2089246 tf_tfl_flatbuffer_helpers.cc:365] Ignored output_format.
W0000 00:00:1791435491.878917 2089246 tf_tfl_flatbuffer_helpers.cc:368] Ignored drop_control_dependency.
fully_quantize: 0, inference_type: 6, input_inference_type: INT8, output_inference_type: INT8
W0000 00:00:1791435494.864385 2089246 tf_tfl_flatbuffer_helpers.cc:365] Ignored output_format.
W0000 00:00:1791435494.864422 2089246 tf_tfl_flatbuffer_helpers.cc:368] Ignored drop_control_dependency.
fully_quantize: 0, inference_type: 6, input_inference_type: INT8, output_inference_type: INT8
W0000 00:00:1791435498.299997 2089246 tf_tfl_flatbuffer_helpers.cc:365] Ignored output_format.
W0000 00:00:1791435498.300038 2089246 tf_tfl_flatbuffer_helpers.cc:368] Ignored drop_control_dependency.
fully_quantize: 0, inference_type: 6, input_inference_type: INT8, output_inference_type: INT8
WARNING:tensorflow:5 out of the last 4975 calls to <function RunPredictor.__init__.<locals>.infer at 0x7a3ae4747920> triggered tf.function retracing. Tracing is expensive and the excessive number of tracings could be due to (1) creating @tf.function repeatedly in a loop, (2) passing tensors with different shapes, (3) passing Python objects instead of tensors. For (1), please define your @tf.function outside of the loop. For (2), @tf.function has reduce_retracing=True option that can avoid unnecessary retracing. For (3), please refer to https://www.tensorflow.org/guide/function#controlling_retracing and https://www.tensorflow.org/api_docs/python/tf/function for  more details.
WARNING:tensorflow:5 out of the last 4975 calls to <function RunPredictor.__init__.<locals>.infer at 0x7a3ae4747920> triggered tf.function retracing. Tracing is expensive and the excessive number of tracings could be due to (1) creating @tf.function repeatedly in a loop, (2) passing tensors with different shapes, (3) passing Python objects instead of tensors. For (1), please define your @tf.function outside of the loop. For (2), @tf.function has reduce_retracing=True option that can avoid unnecessary retracing. For (3), please refer to https://www.tensorflow.org/guide/function#controlling_retracing and https://www.tensorflow.org/api_docs/python/tf/function for  more details.
W0000 00:00:1791435501.250650 2089246 tf_tfl_flatbuffer_helpers.cc:365] Ignored output_format.
W0000 00:00:1791435501.250688 2089246 tf_tfl_flatbuffer_helpers.cc:368] Ignored drop_control_dependency.
fully_quantize: 0, inference_type: 6, input_inference_type: INT8, output_inference_type: INT8
WARNING:tensorflow:6 out of the last 4976 calls to <function RunPredictor.__init__.<locals>.infer at 0x7a3b0c183ce0> triggered tf.function retracing. Tracing is expensive and the excessive number of tracings could be due to (1) creating @tf.function repeatedly in a loop, (2) passing tensors with different shapes, (3) passing Python objects instead of tensors. For (1), please define your @tf.function outside of the loop. For (2), @tf.function has reduce_retracing=True option that can avoid unnecessary retracing. For (3), please refer to https://www.tensorflow.org/guide/function#controlling_retracing and https://www.tensorflow.org/api_docs/python/tf/function for  more details.
WARNING:tensorflow:6 out of the last 4976 calls to <function RunPredictor.__init__.<locals>.infer at 0x7a3b0c183ce0> triggered tf.function retracing. Tracing is expensive and the excessive number of tracings could be due to (1) creating @tf.function repeatedly in a loop, (2) passing tensors with different shapes, (3) passing Python objects instead of tensors. For (1), please define your @tf.function outside of the loop. For (2), @tf.function has reduce_retracing=True option that can avoid unnecessary retracing. For (3), please refer to https://www.tensorflow.org/guide/function#controlling_retracing and https://www.tensorflow.org/api_docs/python/tf/function for  more details.
W0000 00:00:1791435504.194719 2089246 tf_tfl_flatbuffer_helpers.cc:365] Ignored output_format.
W0000 00:00:1791435504.194765 2089246 tf_tfl_flatbuffer_helpers.cc:368] Ignored drop_control_dependency.
fully_quantize: 0, inference_type: 6, input_inference_type: INT8, output_inference_type: INT8
W0000 00:00:1791435507.622117 2089246 tf_tfl_flatbuffer_helpers.cc:365] Ignored output_format.
W0000 00:00:1791435507.622153 2089246 tf_tfl_flatbuffer_helpers.cc:368] Ignored drop_control_dependency.
fully_quantize: 0, inference_type: 6, input_inference_type: INT8, output_inference_type: INT8
W0000 00:00:1791435511.397866 2089246 tf_tfl_flatbuffer_helpers.cc:365] Ignored output_format.
W0000 00:00:1791435511.397912 2089246 tf_tfl_flatbuffer_helpers.cc:368] Ignored drop_control_dependency.
fully_quantize: 0, inference_type: 6, input_inference_type: INT8, output_inference_type: INT8
W0000 00:00:1791435514.853047 2089246 tf_tfl_flatbuffer_helpers.cc:365] Ignored output_format.
W0000 00:00:1791435514.853094 2089246 tf_tfl_flatbuffer_helpers.cc:368] Ignored drop_control_dependency.
fully_quantize: 0, inference_type: 6, input_inference_type: INT8, output_inference_type: INT8
2026-10-08 04:58:38.544001: E tensorflow/core/framework/node_def_util.cc:680] NodeDef mentions attribute use_unbounded_threadpool which is not in the op definition: Op<name=MapDataset; signature=input_dataset:variant, other_arguments: -> handle:variant; attr=f:func; attr=Targuments:list(type),min=0; attr=output_types:list(type),min=1; attr=output_shapes:list(shape),min=1; attr=use_inter_op_parallelism:bool,default=true; attr=preserve_cardinality:bool,default=false; attr=force_synchronous:bool,default=false; attr=metadata:string,default=""> This may be expected if your graph generating binary is newer  than this binary. Unknown attributes will be ignored. NodeDef: {{node ParallelMapDatasetV2/_15}}
tcn_lite_rsa: val RMSE 33.06 ms (RLS 37.14), skill 0.207, sign acc 0.685 | int8 33.83 vs float 33.44 ms (subset) | 15.6 ms/step
