WARNING: All log messages before absl::InitializeLog() is called are written to STDERR
W0000 00:00:1791425813.929959 1635650 computation_placer.cc:177] computation placer already registered. Please check linkage and avoid linking the same target more than once.
W0000 00:00:1791425813.930039 1635650 computation_placer.cc:177] computation placer already registered. Please check linkage and avoid linking the same target more than once.
W0000 00:00:1791425813.930043 1635650 computation_placer.cc:177] computation placer already registered. Please check linkage and avoid linking the same target more than once.
W0000 00:00:1791425813.930047 1635650 computation_placer.cc:177] computation placer already registered. Please check linkage and avoid linking the same target more than once.
Loading train/val subjects and running the streaming feature engine ...
/app/david_neural_network/utils.py:511: UserWarning: series/4077.txt: 2 RR values outside (150.0, 3000.0) ms (kept as-is)
  warnings.warn(f"{path}: {n_bad} RR values outside {RR_RANGE_MS} ms (kept as-is)")
/app/david_neural_network/utils.py:511: UserWarning: series/4052.txt: 13 RR values outside (150.0, 3000.0) ms (kept as-is)
  warnings.warn(f"{path}: {n_bad} RR values outside {RR_RANGE_MS} ms (kept as-is)")
/app/david_neural_network/utils.py:511: UserWarning: series/4087.txt: 2 RR values outside (150.0, 3000.0) ms (kept as-is)
  warnings.warn(f"{path}: {n_bad} RR values outside {RR_RANGE_MS} ms (kept as-is)")
/app/david_neural_network/utils.py:511: UserWarning: series/4033.txt: 4 RR values outside (150.0, 3000.0) ms (kept as-is)
  warnings.warn(f"{path}: {n_bad} RR values outside {RR_RANGE_MS} ms (kept as-is)")
/app/david_neural_network/utils.py:511: UserWarning: series/4062.txt: 2 RR values outside (150.0, 3000.0) ms (kept as-is)
  warnings.warn(f"{path}: {n_bad} RR values outside {RR_RANGE_MS} ms (kept as-is)")
/app/david_neural_network/utils.py:511: UserWarning: series/4037.txt: 1 RR values outside (150.0, 3000.0) ms (kept as-is)
  warnings.warn(f"{path}: {n_bad} RR values outside {RR_RANGE_MS} ms (kept as-is)")
/app/david_neural_network/utils.py:511: UserWarning: series/4070.txt: 1 RR values outside (150.0, 3000.0) ms (kept as-is)
  warnings.warn(f"{path}: {n_bad} RR values outside {RR_RANGE_MS} ms (kept as-is)")
/app/david_neural_network/utils.py:511: UserWarning: series/4090.txt: 1 RR values outside (150.0, 3000.0) ms (kept as-is)
  warnings.warn(f"{path}: {n_bad} RR values outside {RR_RANGE_MS} ms (kept as-is)")
/app/david_neural_network/utils.py:511: UserWarning: series/4088.txt: 2 RR values outside (150.0, 3000.0) ms (kept as-is)
  warnings.warn(f"{path}: {n_bad} RR values outside {RR_RANGE_MS} ms (kept as-is)")
/app/david_neural_network/utils.py:511: UserWarning: series/4011.txt: 2 RR values outside (150.0, 3000.0) ms (kept as-is)
  warnings.warn(f"{path}: {n_bad} RR values outside {RR_RANGE_MS} ms (kept as-is)")
/app/david_neural_network/utils.py:511: UserWarning: series/4099.txt: 4 RR values outside (150.0, 3000.0) ms (kept as-is)
  warnings.warn(f"{path}: {n_bad} RR values outside {RR_RANGE_MS} ms (kept as-is)")
/app/david_neural_network/utils.py:511: UserWarning: series/4097.txt: 1 RR values outside (150.0, 3000.0) ms (kept as-is)
  warnings.warn(f"{path}: {n_bad} RR values outside {RR_RANGE_MS} ms (kept as-is)")
/app/david_neural_network/utils.py:511: UserWarning: series/4010.txt: 1 RR values outside (150.0, 3000.0) ms (kept as-is)
  warnings.warn(f"{path}: {n_bad} RR values outside {RR_RANGE_MS} ms (kept as-is)")
/app/david_neural_network/utils.py:511: UserWarning: series/4029.txt: 1 RR values outside (150.0, 3000.0) ms (kept as-is)
  warnings.warn(f"{path}: {n_bad} RR values outside {RR_RANGE_MS} ms (kept as-is)")
/app/david_neural_network/utils.py:511: UserWarning: series/4001.txt: 13 RR values outside (150.0, 3000.0) ms (kept as-is)
  warnings.warn(f"{path}: {n_bad} RR values outside {RR_RANGE_MS} ms (kept as-is)")
/app/david_neural_network/utils.py:511: UserWarning: series/4085.txt: 3 RR values outside (150.0, 3000.0) ms (kept as-is)
  warnings.warn(f"{path}: {n_bad} RR values outside {RR_RANGE_MS} ms (kept as-is)")
/app/david_neural_network/utils.py:511: UserWarning: series/4028.txt: 28 RR values outside (150.0, 3000.0) ms (kept as-is)
  warnings.warn(f"{path}: {n_bad} RR values outside {RR_RANGE_MS} ms (kept as-is)")
/app/david_neural_network/utils.py:511: UserWarning: series/4031.txt: 1 RR values outside (150.0, 3000.0) ms (kept as-is)
  warnings.warn(f"{path}: {n_bad} RR values outside {RR_RANGE_MS} ms (kept as-is)")
/app/david_neural_network/utils.py:511: UserWarning: series/4119.txt: 7 RR values outside (150.0, 3000.0) ms (kept as-is)
  warnings.warn(f"{path}: {n_bad} RR values outside {RR_RANGE_MS} ms (kept as-is)")
/app/david_neural_network/utils.py:511: UserWarning: series/4084.txt: 1 RR values outside (150.0, 3000.0) ms (kept as-is)
  warnings.warn(f"{path}: {n_bad} RR values outside {RR_RANGE_MS} ms (kept as-is)")
/app/david_neural_network/utils.py:511: UserWarning: series/4056.txt: 1 RR values outside (150.0, 3000.0) ms (kept as-is)
  warnings.warn(f"{path}: {n_bad} RR values outside {RR_RANGE_MS} ms (kept as-is)")
/app/david_neural_network/utils.py:511: UserWarning: series/4026.txt: 5 RR values outside (150.0, 3000.0) ms (kept as-is)
  warnings.warn(f"{path}: {n_bad} RR values outside {RR_RANGE_MS} ms (kept as-is)")
/app/david_neural_network/utils.py:511: UserWarning: series/4109.txt: 2 RR values outside (150.0, 3000.0) ms (kept as-is)
  warnings.warn(f"{path}: {n_bad} RR values outside {RR_RANGE_MS} ms (kept as-is)")
/app/david_neural_network/utils.py:511: UserWarning: series/4030.txt: 1 RR values outside (150.0, 3000.0) ms (kept as-is)
  warnings.warn(f"{path}: {n_bad} RR values outside {RR_RANGE_MS} ms (kept as-is)")
/app/david_neural_network/utils.py:511: UserWarning: series/4034.txt: 1 RR values outside (150.0, 3000.0) ms (kept as-is)
  warnings.warn(f"{path}: {n_bad} RR values outside {RR_RANGE_MS} ms (kept as-is)")
/app/david_neural_network/utils.py:511: UserWarning: series/4022.txt: 4 RR values outside (150.0, 3000.0) ms (kept as-is)
  warnings.warn(f"{path}: {n_bad} RR values outside {RR_RANGE_MS} ms (kept as-is)")
/app/david_neural_network/utils.py:511: UserWarning: series/4014.txt: 4 RR values outside (150.0, 3000.0) ms (kept as-is)
  warnings.warn(f"{path}: {n_bad} RR values outside {RR_RANGE_MS} ms (kept as-is)")
/app/david_neural_network/utils.py:511: UserWarning: series/4072.txt: 2 RR values outside (150.0, 3000.0) ms (kept as-is)
  warnings.warn(f"{path}: {n_bad} RR values outside {RR_RANGE_MS} ms (kept as-is)")
/app/david_neural_network/utils.py:511: UserWarning: series/4050.txt: 1 RR values outside (150.0, 3000.0) ms (kept as-is)
  warnings.warn(f"{path}: {n_bad} RR values outside {RR_RANGE_MS} ms (kept as-is)")
/app/david_neural_network/utils.py:511: UserWarning: series/4096.txt: 1 RR values outside (150.0, 3000.0) ms (kept as-is)
  warnings.warn(f"{path}: {n_bad} RR values outside {RR_RANGE_MS} ms (kept as-is)")
/app/david_neural_network/utils.py:511: UserWarning: series/4025.txt: 4 RR values outside (150.0, 3000.0) ms (kept as-is)
  warnings.warn(f"{path}: {n_bad} RR values outside {RR_RANGE_MS} ms (kept as-is)")
/app/david_neural_network/utils.py:511: UserWarning: series/4102.txt: 3 RR values outside (150.0, 3000.0) ms (kept as-is)
  warnings.warn(f"{path}: {n_bad} RR values outside {RR_RANGE_MS} ms (kept as-is)")
/app/david_neural_network/utils.py:511: UserWarning: series/4081.txt: 5 RR values outside (150.0, 3000.0) ms (kept as-is)
  warnings.warn(f"{path}: {n_bad} RR values outside {RR_RANGE_MS} ms (kept as-is)")
/app/david_neural_network/utils.py:511: UserWarning: series/4065.txt: 5 RR values outside (150.0, 3000.0) ms (kept as-is)
  warnings.warn(f"{path}: {n_bad} RR values outside {RR_RANGE_MS} ms (kept as-is)")
/app/david_neural_network/utils.py:511: UserWarning: series/4091.txt: 7 RR values outside (150.0, 3000.0) ms (kept as-is)
  warnings.warn(f"{path}: {n_bad} RR values outside {RR_RANGE_MS} ms (kept as-is)")
/app/david_neural_network/utils.py:511: UserWarning: series/4075.txt: 6 RR values outside (150.0, 3000.0) ms (kept as-is)
  warnings.warn(f"{path}: {n_bad} RR values outside {RR_RANGE_MS} ms (kept as-is)")
/app/david_neural_network/utils.py:511: UserWarning: series/4043.txt: 2 RR values outside (150.0, 3000.0) ms (kept as-is)
  warnings.warn(f"{path}: {n_bad} RR values outside {RR_RANGE_MS} ms (kept as-is)")
/app/david_neural_network/utils.py:511: UserWarning: series/4110.txt: 2 RR values outside (150.0, 3000.0) ms (kept as-is)
  warnings.warn(f"{path}: {n_bad} RR values outside {RR_RANGE_MS} ms (kept as-is)")
/app/david_neural_network/utils.py:511: UserWarning: series/4069.txt: 1 RR values outside (150.0, 3000.0) ms (kept as-is)
  warnings.warn(f"{path}: {n_bad} RR values outside {RR_RANGE_MS} ms (kept as-is)")
/app/david_neural_network/utils.py:511: UserWarning: series/4106.txt: 2 RR values outside (150.0, 3000.0) ms (kept as-is)
  warnings.warn(f"{path}: {n_bad} RR values outside {RR_RANGE_MS} ms (kept as-is)")
/app/david_neural_network/utils.py:511: UserWarning: series/4111.txt: 15 RR values outside (150.0, 3000.0) ms (kept as-is)
  warnings.warn(f"{path}: {n_bad} RR values outside {RR_RANGE_MS} ms (kept as-is)")
/app/david_neural_network/utils.py:511: UserWarning: series/4113.txt: 1 RR values outside (150.0, 3000.0) ms (kept as-is)
  warnings.warn(f"{path}: {n_bad} RR values outside {RR_RANGE_MS} ms (kept as-is)")
/app/david_neural_network/utils.py:511: UserWarning: series/4107.txt: 1 RR values outside (150.0, 3000.0) ms (kept as-is)
  warnings.warn(f"{path}: {n_bad} RR values outside {RR_RANGE_MS} ms (kept as-is)")
/app/david_neural_network/utils.py:511: UserWarning: series/4112.txt: 5 RR values outside (150.0, 3000.0) ms (kept as-is)
  warnings.warn(f"{path}: {n_bad} RR values outside {RR_RANGE_MS} ms (kept as-is)")
/app/david_neural_network/utils.py:511: UserWarning: series/4076.txt: 2 RR values outside (150.0, 3000.0) ms (kept as-is)
  warnings.warn(f"{path}: {n_bad} RR values outside {RR_RANGE_MS} ms (kept as-is)")
/app/david_neural_network/utils.py:511: UserWarning: series/4120.txt: 1 RR values outside (150.0, 3000.0) ms (kept as-is)
  warnings.warn(f"{path}: {n_bad} RR values outside {RR_RANGE_MS} ms (kept as-is)")
/app/david_neural_network/utils.py:511: UserWarning: series/4118.txt: 4 RR values outside (150.0, 3000.0) ms (kept as-is)
  warnings.warn(f"{path}: {n_bad} RR values outside {RR_RANGE_MS} ms (kept as-is)")
/app/david_neural_network/utils.py:511: UserWarning: series/4067.txt: 1 RR values outside (150.0, 3000.0) ms (kept as-is)
  warnings.warn(f"{path}: {n_bad} RR values outside {RR_RANGE_MS} ms (kept as-is)")
/app/david_neural_network/utils.py:511: UserWarning: series/4117.txt: 7 RR values outside (150.0, 3000.0) ms (kept as-is)
  warnings.warn(f"{path}: {n_bad} RR values outside {RR_RANGE_MS} ms (kept as-is)")
/app/david_neural_network/utils.py:511: UserWarning: series/4114.txt: 1 RR values outside (150.0, 3000.0) ms (kept as-is)
  warnings.warn(f"{path}: {n_bad} RR values outside {RR_RANGE_MS} ms (kept as-is)")
train: 142 subjects / 20755925 windows | val: 16 subjects / 1421225 windows
Closed-loop (DAD) data: filling train + val with runs/tcn_lite (on CPU) ...
I0000 00:00:1791425843.133875 1635650 gpu_device.cc:2019] Created device /job:localhost/replica:0/task:0/device:GPU:0 with 61334 MB memory:  -> device: 0, name: AMD Instinct MI210, pci bus id: 0000:03:00.0
  closed-loop fill: beat 1000/5000, 4220 lanes, 51s
  closed-loop fill: beat 2000/5000, 4220 lanes, 100s
  closed-loop fill: beat 3000/5000, 4220 lanes, 150s
  closed-loop fill: beat 4000/5000, 4220 lanes, 199s
  closed-loop fill: beat 5000/5000, 4220 lanes, 246s
closed-loop windows: train 20511092 (4220 segments), val 1404785, 297.3 s

=== tcn_lite_dad: tcn_lite, 9 features, residual=True ===
closed-loop share over the first 100 batches: 0.5029 (target 0.5)
3906 steps/epoch x batch 512 (1999872 of 41267017 windows), steps_per_execution=64, lr=0.0003, warmup_steps=0
/app/david_neural_network/.venv/lib/python3.12/site-packages/keras/src/trainers/epoch_iterator.py:74: UserWarning: `shuffle=True` was passed, but will be ignored since the data `x` was provided as a tf.data.Dataset. The Dataset is expected to already be shuffled (via `.shuffle(buffer_size)`).
  self.data_adapter = data_adapters.get_data_adapter(
Epoch 1/30
2026-10-08 02:22:29.216844: E tensorflow/core/framework/node_def_util.cc:680] NodeDef mentions attribute use_unbounded_threadpool which is not in the op definition: Op<name=MapDataset; signature=input_dataset:variant, other_arguments: -> handle:variant; attr=f:func; attr=Targuments:list(type),min=0; attr=output_types:list(type),min=1; attr=output_shapes:list(shape),min=1; attr=use_inter_op_parallelism:bool,default=true; attr=preserve_cardinality:bool,default=false; attr=force_synchronous:bool,default=false; attr=metadata:string,default=""> This may be expected if your graph generating binary is newer  than this binary. Unknown attributes will be ignored. NodeDef: {{node ParallelMapDatasetV2/_17}}
2026-10-08 02:23:58.256601: E tensorflow/core/framework/node_def_util.cc:680] NodeDef mentions attribute use_unbounded_threadpool which is not in the op definition: Op<name=MapDataset; signature=input_dataset:variant, other_arguments: -> handle:variant; attr=f:func; attr=Targuments:list(type),min=0; attr=output_types:list(type),min=1; attr=output_shapes:list(shape),min=1; attr=use_inter_op_parallelism:bool,default=true; attr=preserve_cardinality:bool,default=false; attr=force_synchronous:bool,default=false; attr=metadata:string,default=""> This may be expected if your graph generating binary is newer  than this binary. Unknown attributes will be ignored. NodeDef: {{node ParallelMapDatasetV2/_16}}
3906/3906 - 90s - 23ms/step - loss: 0.2327 - val_loss: 0.3083 - learning_rate: 3.0000e-04
Epoch 2/30
3906/3906 - 85s - 22ms/step - loss: 0.2330 - val_loss: 0.3088 - learning_rate: 3.0000e-04
Epoch 3/30
3906/3906 - 92s - 23ms/step - loss: 0.2336 - val_loss: 0.3088 - learning_rate: 3.0000e-04
Epoch 4/30
3906/3906 - 83s - 21ms/step - loss: 0.2322 - val_loss: 0.3079 - learning_rate: 1.5000e-04
Epoch 5/30
3906/3906 - 83s - 21ms/step - loss: 0.2333 - val_loss: 0.3084 - learning_rate: 1.5000e-04
Epoch 6/30
3906/3906 - 86s - 22ms/step - loss: 0.2328 - val_loss: 0.3079 - learning_rate: 1.5000e-04
Epoch 7/30
3906/3906 - 83s - 21ms/step - loss: 0.2319 - val_loss: 0.3083 - learning_rate: 7.5000e-05
Epoch 8/30
3906/3906 - 83s - 21ms/step - loss: 0.2331 - val_loss: 0.3079 - learning_rate: 7.5000e-05
Epoch 9/30
3906/3906 - 82s - 21ms/step - loss: 0.2320 - val_loss: 0.3081 - learning_rate: 3.7500e-05
Epoch 10/30
3906/3906 - 84s - 22ms/step - loss: 0.2327 - val_loss: 0.3083 - learning_rate: 3.7500e-05
Epoch 11/30
3906/3906 - 85s - 22ms/step - loss: 0.2327 - val_loss: 0.3080 - learning_rate: 1.8750e-05
Epoch 12/30
3906/3906 - 84s - 22ms/step - loss: 0.2323 - val_loss: 0.3078 - learning_rate: 1.8750e-05
Epoch 13/30
3906/3906 - 83s - 21ms/step - loss: 0.2316 - val_loss: 0.3080 - learning_rate: 1.0000e-05
Epoch 14/30
3906/3906 - 88s - 22ms/step - loss: 0.2330 - val_loss: 0.3081 - learning_rate: 1.0000e-05
Epoch 15/30
3906/3906 - 102s - 26ms/step - loss: 0.2325 - val_loss: 0.3079 - learning_rate: 1.0000e-05
Epoch 16/30
3906/3906 - 84s - 21ms/step - loss: 0.2325 - val_loss: 0.3080 - learning_rate: 1.0000e-05
Epoch 17/30
3906/3906 - 85s - 22ms/step - loss: 0.2322 - val_loss: 0.3081 - learning_rate: 1.0000e-05
Epoch 18/30
3906/3906 - 92s - 23ms/step - loss: 0.2318 - val_loss: 0.3081 - learning_rate: 1.0000e-05
2026-10-08 02:48:23.457895: E tensorflow/core/framework/node_def_util.cc:680] NodeDef mentions attribute use_unbounded_threadpool which is not in the op definition: Op<name=MapDataset; signature=input_dataset:variant, other_arguments: -> handle:variant; attr=f:func; attr=Targuments:list(type),min=0; attr=output_types:list(type),min=1; attr=output_shapes:list(shape),min=1; attr=use_inter_op_parallelism:bool,default=true; attr=preserve_cardinality:bool,default=false; attr=force_synchronous:bool,default=false; attr=metadata:string,default=""> This may be expected if your graph generating binary is newer  than this binary. Unknown attributes will be ignored. NodeDef: {{node ParallelMapDatasetV2/_15}}
2026-10-08 02:48:28.580270: E tensorflow/core/framework/node_def_util.cc:680] NodeDef mentions attribute use_unbounded_threadpool which is not in the op definition: Op<name=MapDataset; signature=input_dataset:variant, other_arguments: -> handle:variant; attr=f:func; attr=Targuments:list(type),min=0; attr=output_types:list(type),min=1; attr=output_shapes:list(shape),min=1; attr=use_inter_op_parallelism:bool,default=true; attr=preserve_cardinality:bool,default=false; attr=force_synchronous:bool,default=false; attr=metadata:string,default=""> This may be expected if your graph generating binary is newer  than this binary. Unknown attributes will be ignored. NodeDef: {{node ParallelMapDatasetV2/_15}}
2026-10-08 02:48:33.628422: E tensorflow/core/framework/node_def_util.cc:680] NodeDef mentions attribute use_unbounded_threadpool which is not in the op definition: Op<name=MapDataset; signature=input_dataset:variant, other_arguments: -> handle:variant; attr=f:func; attr=Targuments:list(type),min=0; attr=output_types:list(type),min=1; attr=output_shapes:list(shape),min=1; attr=use_inter_op_parallelism:bool,default=true; attr=preserve_cardinality:bool,default=false; attr=force_synchronous:bool,default=false; attr=metadata:string,default=""> This may be expected if your graph generating binary is newer  than this binary. Unknown attributes will be ignored. NodeDef: {{node ParallelMapDatasetV2/_15}}
2026-10-08 02:48:38.685942: E tensorflow/core/framework/node_def_util.cc:680] NodeDef mentions attribute use_unbounded_threadpool which is not in the op definition: Op<name=MapDataset; signature=input_dataset:variant, other_arguments: -> handle:variant; attr=f:func; attr=Targuments:list(type),min=0; attr=output_types:list(type),min=1; attr=output_shapes:list(shape),min=1; attr=use_inter_op_parallelism:bool,default=true; attr=preserve_cardinality:bool,default=false; attr=force_synchronous:bool,default=false; attr=metadata:string,default=""> This may be expected if your graph generating binary is newer  than this binary. Unknown attributes will be ignored. NodeDef: {{node ParallelMapDatasetV2/_15}}
2026-10-08 02:48:43.714499: E tensorflow/core/framework/node_def_util.cc:680] NodeDef mentions attribute use_unbounded_threadpool which is not in the op definition: Op<name=MapDataset; signature=input_dataset:variant, other_arguments: -> handle:variant; attr=f:func; attr=Targuments:list(type),min=0; attr=output_types:list(type),min=1; attr=output_shapes:list(shape),min=1; attr=use_inter_op_parallelism:bool,default=true; attr=preserve_cardinality:bool,default=false; attr=force_synchronous:bool,default=false; attr=metadata:string,default=""> This may be expected if your graph generating binary is newer  than this binary. Unknown attributes will be ignored. NodeDef: {{node ParallelMapDatasetV2/_15}}
2026-10-08 02:48:48.765597: E tensorflow/core/framework/node_def_util.cc:680] NodeDef mentions attribute use_unbounded_threadpool which is not in the op definition: Op<name=MapDataset; signature=input_dataset:variant, other_arguments: -> handle:variant; attr=f:func; attr=Targuments:list(type),min=0; attr=output_types:list(type),min=1; attr=output_shapes:list(shape),min=1; attr=use_inter_op_parallelism:bool,default=true; attr=preserve_cardinality:bool,default=false; attr=force_synchronous:bool,default=false; attr=metadata:string,default=""> This may be expected if your graph generating binary is newer  than this binary. Unknown attributes will be ignored. NodeDef: {{node ParallelMapDatasetV2/_15}}
2026-10-08 02:48:53.809293: E tensorflow/core/framework/node_def_util.cc:680] NodeDef mentions attribute use_unbounded_threadpool which is not in the op definition: Op<name=MapDataset; signature=input_dataset:variant, other_arguments: -> handle:variant; attr=f:func; attr=Targuments:list(type),min=0; attr=output_types:list(type),min=1; attr=output_shapes:list(shape),min=1; attr=use_inter_op_parallelism:bool,default=true; attr=preserve_cardinality:bool,default=false; attr=force_synchronous:bool,default=false; attr=metadata:string,default=""> This may be expected if your graph generating binary is newer  than this binary. Unknown attributes will be ignored. NodeDef: {{node ParallelMapDatasetV2/_15}}
2026-10-08 02:48:58.852623: E tensorflow/core/framework/node_def_util.cc:680] NodeDef mentions attribute use_unbounded_threadpool which is not in the op definition: Op<name=MapDataset; signature=input_dataset:variant, other_arguments: -> handle:variant; attr=f:func; attr=Targuments:list(type),min=0; attr=output_types:list(type),min=1; attr=output_shapes:list(shape),min=1; attr=use_inter_op_parallelism:bool,default=true; attr=preserve_cardinality:bool,default=false; attr=force_synchronous:bool,default=false; attr=metadata:string,default=""> This may be expected if your graph generating binary is newer  than this binary. Unknown attributes will be ignored. NodeDef: {{node ParallelMapDatasetV2/_15}}
2026-10-08 02:49:03.872564: E tensorflow/core/framework/node_def_util.cc:680] NodeDef mentions attribute use_unbounded_threadpool which is not in the op definition: Op<name=MapDataset; signature=input_dataset:variant, other_arguments: -> handle:variant; attr=f:func; attr=Targuments:list(type),min=0; attr=output_types:list(type),min=1; attr=output_shapes:list(shape),min=1; attr=use_inter_op_parallelism:bool,default=true; attr=preserve_cardinality:bool,default=false; attr=force_synchronous:bool,default=false; attr=metadata:string,default=""> This may be expected if your graph generating binary is newer  than this binary. Unknown attributes will be ignored. NodeDef: {{node ParallelMapDatasetV2/_15}}
2026-10-08 02:49:08.878419: E tensorflow/core/framework/node_def_util.cc:680] NodeDef mentions attribute use_unbounded_threadpool which is not in the op definition: Op<name=MapDataset; signature=input_dataset:variant, other_arguments: -> handle:variant; attr=f:func; attr=Targuments:list(type),min=0; attr=output_types:list(type),min=1; attr=output_shapes:list(shape),min=1; attr=use_inter_op_parallelism:bool,default=true; attr=preserve_cardinality:bool,default=false; attr=force_synchronous:bool,default=false; attr=metadata:string,default=""> This may be expected if your graph generating binary is newer  than this binary. Unknown attributes will be ignored. NodeDef: {{node ParallelMapDatasetV2/_15}}
2026-10-08 02:49:13.907183: E tensorflow/core/framework/node_def_util.cc:680] NodeDef mentions attribute use_unbounded_threadpool which is not in the op definition: Op<name=MapDataset; signature=input_dataset:variant, other_arguments: -> handle:variant; attr=f:func; attr=Targuments:list(type),min=0; attr=output_types:list(type),min=1; attr=output_shapes:list(shape),min=1; attr=use_inter_op_parallelism:bool,default=true; attr=preserve_cardinality:bool,default=false; attr=force_synchronous:bool,default=false; attr=metadata:string,default=""> This may be expected if your graph generating binary is newer  than this binary. Unknown attributes will be ignored. NodeDef: {{node ParallelMapDatasetV2/_15}}
2026-10-08 02:49:18.938602: E tensorflow/core/framework/node_def_util.cc:680] NodeDef mentions attribute use_unbounded_threadpool which is not in the op definition: Op<name=MapDataset; signature=input_dataset:variant, other_arguments: -> handle:variant; attr=f:func; attr=Targuments:list(type),min=0; attr=output_types:list(type),min=1; attr=output_shapes:list(shape),min=1; attr=use_inter_op_parallelism:bool,default=true; attr=preserve_cardinality:bool,default=false; attr=force_synchronous:bool,default=false; attr=metadata:string,default=""> This may be expected if your graph generating binary is newer  than this binary. Unknown attributes will be ignored. NodeDef: {{node ParallelMapDatasetV2/_15}}
WARNING: All log messages before absl::InitializeLog() is called are written to STDERR
W0000 00:00:1791427765.248818 1635650 tf_tfl_flatbuffer_helpers.cc:365] Ignored output_format.
W0000 00:00:1791427765.248898 1635650 tf_tfl_flatbuffer_helpers.cc:368] Ignored drop_control_dependency.
I0000 00:00:1791427765.276777 1635650 mlir_graph_optimization_pass.cc:425] MLIR V1 optimization pass is not enabled
fully_quantize: 0, inference_type: 6, input_inference_type: INT8, output_inference_type: INT8
INFO: Created TensorFlow Lite XNNPACK delegate for CPU.
2026-10-08 02:49:30.003873: E tensorflow/core/framework/node_def_util.cc:680] NodeDef mentions attribute use_unbounded_threadpool which is not in the op definition: Op<name=MapDataset; signature=input_dataset:variant, other_arguments: -> handle:variant; attr=f:func; attr=Targuments:list(type),min=0; attr=output_types:list(type),min=1; attr=output_shapes:list(shape),min=1; attr=use_inter_op_parallelism:bool,default=true; attr=preserve_cardinality:bool,default=false; attr=force_synchronous:bool,default=false; attr=metadata:string,default=""> This may be expected if your graph generating binary is newer  than this binary. Unknown attributes will be ignored. NodeDef: {{node ParallelMapDatasetV2/_15}}
tcn_lite_dad: val RMSE 33.09 ms (RLS 37.14), skill 0.206, sign acc 0.686 | int8 32.18 vs float 31.74 ms (subset) | closed-loop int8 42.27 vs float 42.02 ms
  parent runs/tcn_lite: val RMSE 32.64 ms
  closed-loop val (1404785 windows): run 42.24 | parent 42.29 | rls_ar 44.26 ms | 21.5 ms/step
