Loading 'val' subjects and running the streaming feature engine ...
16 subjects, 1421225 windows
WARNING: All log messages before absl::InitializeLog() is called are written to STDERR
W0000 00:00:1791429153.303125 1982066 computation_placer.cc:177] computation placer already registered. Please check linkage and avoid linking the same target more than once.
W0000 00:00:1791429153.303179 1982066 computation_placer.cc:177] computation placer already registered. Please check linkage and avoid linking the same target more than once.
W0000 00:00:1791429153.303182 1982066 computation_placer.cc:177] computation placer already registered. Please check linkage and avoid linking the same target more than once.
W0000 00:00:1791429153.303185 1982066 computation_placer.cc:177] computation placer already registered. Please check linkage and avoid linking the same target more than once.
2026-10-08 03:12:35.491448: E external/local_xla/xla/stream_executor/rocm/rocm_platform.cc:50] failed call to hipInit: HIP_ERROR_NoDevice
INFO: Created TensorFlow Lite XNNPACK delegate for CPU.

Open-loop evaluation ...
             model   rmse  rmse_lo  rmse_hi    mae    p95  skill     r  sign_acc  amp_ratio  p_vs_rls_ar  params  macs_window  macs_stream  int8_weights_kb
       tcn_lite_ft 32.623   28.306   36.771 19.844 57.447  0.218 0.626     0.687      0.565        0.000    8561   209888.000         8048            8.400
          tcn_lite 32.643   28.328   36.790 19.850 57.462  0.217 0.625     0.688      0.568        0.000    8561   209888.000         8048            8.400
         micro_tcn 32.934   28.608   37.086 20.048 58.156  0.210 0.615     0.684      0.583        0.000    2433    38272.000         2080            2.400
     tcn_lite_int8 32.988   28.692   37.180 20.063 57.796  0.209 0.614     0.681      0.567        0.000    8561   209888.000         8048            8.400
  tcn_lite_ft_int8 32.989   28.692   37.166 20.064 57.773  0.209 0.614     0.679      0.562        0.000    8561   209888.000         8048            8.400
      tcn_lite_dad 33.090   28.686   37.339 19.964 57.702  0.206 0.612     0.686      0.557        0.000    8561   209888.000         8048            8.400
    micro_tcn_int8 33.381   28.989   37.594 20.353 58.625  0.199 0.600     0.674      0.582        0.000    2433    38272.000         2080            2.400
     micro_tcn_dad 33.468   29.053   37.788 20.162 58.310  0.197 0.599     0.682      0.556        0.000    2433    38272.000         2080            2.400
 tcn_lite_dad_int8 33.470   29.021   37.714 20.118 57.904  0.197 0.599     0.681      0.553        0.000    8561   209888.000         8048            8.400
micro_tcn_dad_int8 33.928   29.486   38.213 20.460 58.763  0.186 0.582     0.671      0.555        0.000    2433    38272.000         2080            2.400
            rls_ar 37.143   31.875   42.394 21.526 62.633  0.109 0.469     0.673      0.587          NaN       0          NaN          152            0.000
       persistence 41.698   34.890   48.452 23.488 70.000  0.000   NaN     0.000      0.000        0.000       0          NaN            0            0.000
          ema_mean 43.585   37.638   48.647 27.752 82.612 -0.045 0.333     0.591      0.784        0.000       0          NaN           30            0.000

RMSE (ms) per interval:
interval            1082-1499  1499-1708  1708-2021  2021-2125  2125-2699  2699-3220  3220-3481  3481-3689  3689-3900
model                                                                                                                
tcn_lite_ft             28.88      47.17      29.08      33.07      22.05      44.31      28.11      38.51      16.84
tcn_lite                28.90      47.02      29.08      33.10      22.08      44.37      28.20      38.56      16.80
micro_tcn               29.01      47.74      29.35      33.38      22.23      44.69      28.63      38.73      17.12
tcn_lite_int8           29.06      47.12      29.26      33.29      22.29      44.60      29.26      38.97      16.99
tcn_lite_ft_int8        29.08      47.30      29.28      33.23      22.29      44.59      29.20      38.96      17.05
tcn_lite_dad            28.82      47.12      29.22      33.22      22.14      44.76      28.64      39.85      17.47
micro_tcn_int8          29.21      47.99      29.67      33.71      22.55      45.06      29.85      39.17      17.41
micro_tcn_dad           28.97      48.02      29.57      33.56      22.27      45.06      29.21      40.20      17.65
tcn_lite_dad_int8       28.91      47.34      29.46      33.48      22.29      44.99      29.86      40.24      17.63
micro_tcn_dad_int8      29.20      48.31      29.95      33.94      22.57      45.26      30.53      40.60      17.94
rls_ar                  30.15      51.88      32.12      35.65      23.07      47.44      35.77      46.37      19.48
persistence             32.87      61.31      33.65      37.65      25.50      55.75      37.91      54.46      20.62
ema_mean                34.14      59.18      46.15      51.13      31.07      49.95      38.95      46.27      20.60

Closed-loop imputation (first 5000 beats per subject) ...
  closed loop persistence: 5s
  closed loop ema_mean: 7s
  closed loop rls_ar: 5s
  closed loop micro_tcn: 252s
  closed loop micro_tcn_int8: 34s
  closed loop micro_tcn_dad: 250s
  closed loop micro_tcn_dad_int8: 34s
  closed loop tcn_lite: 247s
  closed loop tcn_lite_int8: 37s
  closed loop tcn_lite_dad: 254s
  closed loop tcn_lite_dad_int8: 37s
  closed loop tcn_lite_ft: 269s
  closed loop tcn_lite_ft_int8: 37s
             model  percent   rmse    mae    r2  corr_series  hf_power_log2  hf_peak_log2  hf_peak_shift_abs  rsa_invented  rsa_displaced  rsa_lost
       tcn_lite_ft    0.100 25.629 17.635 0.865        0.992         -0.032        -0.021              0.030         0.000          0.021     0.000
          tcn_lite    0.100 25.652 17.648 0.865        0.992         -0.030        -0.021              0.030         0.000          0.021     0.000
         micro_tcn    0.100 25.792 17.735 0.864        0.992         -0.028        -0.015              0.038         0.000          0.021     0.000
  tcn_lite_ft_int8    0.100 25.944 17.891 0.861        0.992         -0.022        -0.023              0.034         0.000          0.021     0.000
     tcn_lite_int8    0.100 25.963 17.917 0.860        0.992         -0.016        -0.025              0.028         0.000          0.021     0.000
    micro_tcn_int8    0.100 26.185 18.089 0.859        0.992         -0.018        -0.024              0.044         0.000          0.021     0.000
      tcn_lite_dad    0.100 26.193 17.753 0.856        0.992         -0.031        -0.026              0.027         0.000          0.021     0.000
     micro_tcn_dad    0.100 26.226 17.830 0.857        0.992         -0.033        -0.020              0.036         0.000          0.021     0.000
 tcn_lite_dad_int8    0.100 26.521 17.980 0.851        0.991         -0.019        -0.028              0.035         0.000          0.021     0.000
micro_tcn_dad_int8    0.100 26.687 18.183 0.850        0.991         -0.019        -0.025              0.041         0.000          0.021     0.000
            rls_ar    0.100 28.881 19.015 0.825        0.990         -0.007        -0.020              0.057         0.000          0.021     0.000
       persistence    0.100 31.282 20.010 0.789        0.988          0.008        -0.053              0.044         0.000          0.000     0.021
          ema_mean    0.100 33.893 23.669 0.759        0.987          0.091        -0.069              0.070         0.000          0.021     0.000
       tcn_lite_ft    0.300 28.891 19.649 0.830        0.974         -0.133         0.000              0.067         0.000          0.042     0.000
          tcn_lite    0.300 28.942 19.665 0.829        0.974         -0.124         0.002              0.063         0.000          0.042     0.000
         micro_tcn    0.300 29.097 19.790 0.828        0.974         -0.116         0.005              0.082         0.000          0.042     0.000
  tcn_lite_ft_int8    0.300 29.148 19.900 0.826        0.973         -0.105        -0.009              0.061         0.000          0.042     0.000
      tcn_lite_dad    0.300 29.185 19.707 0.825        0.973         -0.128         0.006              0.067         0.000          0.042     0.000
     tcn_lite_int8    0.300 29.263 19.932 0.824        0.973         -0.092         0.000              0.068         0.000          0.042     0.000
     micro_tcn_dad    0.300 29.297 19.804 0.824        0.973         -0.134         0.000              0.069         0.000          0.042     0.000
    micro_tcn_int8    0.300 29.501 20.142 0.820        0.973         -0.090        -0.004              0.076         0.000          0.042     0.000
 tcn_lite_dad_int8    0.300 29.549 19.941 0.818        0.972         -0.104         0.007              0.067         0.000          0.042     0.000
micro_tcn_dad_int8    0.300 29.750 20.179 0.815        0.972         -0.098        -0.006              0.070         0.000          0.042     0.000
            rls_ar    0.300 33.113 21.408 0.775        0.966         -0.063         0.076              0.079         0.062          0.042     0.000
       persistence    0.300 33.646 21.638 0.765        0.965         -0.056        -0.098              0.085         0.000          0.000     0.104
          ema_mean    0.300 35.890 25.240 0.733        0.959          0.137        -0.110              0.082         0.000          0.000     0.062
       tcn_lite_ft    0.500 32.923 22.369 0.782        0.942         -0.299        -0.062              0.070         0.000          0.021     0.042
          tcn_lite    0.500 32.981 22.382 0.781        0.942         -0.285        -0.061              0.065         0.000          0.021     0.042
         micro_tcn    0.500 33.058 22.460 0.779        0.942         -0.258        -0.034              0.062         0.000          0.021     0.042
      tcn_lite_dad    0.500 33.063 22.301 0.778        0.941         -0.287        -0.052              0.079         0.000          0.021     0.042
     micro_tcn_dad    0.500 33.089 22.362 0.778        0.941         -0.292        -0.042              0.063         0.000          0.021     0.042
  tcn_lite_ft_int8    0.500 33.214 22.624 0.777        0.941         -0.247        -0.057              0.083         0.000          0.021     0.042
     tcn_lite_int8    0.500 33.299 22.659 0.775        0.941         -0.228        -0.040              0.063         0.000          0.021     0.042
    micro_tcn_int8    0.500 33.317 22.778 0.774        0.940         -0.231        -0.047              0.077         0.000          0.021     0.042
 tcn_lite_dad_int8    0.500 33.414 22.559 0.771        0.939         -0.252        -0.045              0.077         0.000          0.021     0.021
micro_tcn_dad_int8    0.500 33.505 22.766 0.768        0.939         -0.239        -0.045              0.080         0.000          0.021     0.042
       persistence    0.500 37.133 24.092 0.717        0.928         -0.229        -0.144              0.070         0.000          0.000     0.125
            rls_ar    0.500 37.475 24.226 0.721        0.927         -0.129         0.184              0.073         0.125          0.021     0.021
          ema_mean    0.500 38.403 27.186 0.697        0.919          0.029        -0.160              0.083         0.000          0.000     0.125
     micro_tcn_dad    0.800 41.103 28.566 0.650        0.838         -0.892        -0.012              0.075         0.042          0.000     0.083
      tcn_lite_dad    0.800 41.149 28.491 0.653        0.839         -0.926        -0.047              0.079         0.021          0.021     0.062
         micro_tcn    0.800 41.383 28.945 0.649        0.836         -0.871         0.021              0.083         0.042          0.021     0.062
micro_tcn_dad_int8    0.800 41.467 29.273 0.621        0.834         -0.796        -0.061              0.083         0.021          0.021     0.062
       tcn_lite_ft    0.800 41.549 29.150 0.645        0.836         -0.962        -0.083              0.089         0.000          0.021     0.083
          tcn_lite    0.800 41.603 29.091 0.645        0.836         -0.943        -0.070              0.085         0.021          0.021     0.083
 tcn_lite_dad_int8    0.800 41.663 28.969 0.637        0.833         -0.839        -0.027              0.086         0.000          0.021     0.021
    micro_tcn_int8    0.800 41.840 29.616 0.629        0.831         -0.800         0.032              0.087         0.000          0.021     0.062
  tcn_lite_ft_int8    0.800 41.887 29.460 0.641        0.833         -0.878        -0.031              0.094         0.042          0.021     0.083
     tcn_lite_int8    0.800 42.047 29.511 0.631        0.831         -0.819        -0.028              0.077         0.042          0.021     0.062
          ema_mean    0.800 43.791 31.627 0.612        0.814         -0.596        -0.202              0.088         0.000          0.000     0.125
       persistence    0.800 46.419 31.212 0.561        0.813         -0.866        -0.178              0.097         0.000          0.000     0.125
            rls_ar    0.800 53.731 33.164 0.351        0.757          0.403         1.666              0.088         0.750          0.083     0.000

Results written to results/round3/
