WARNING: All log messages before absl::InitializeLog() is called are written to STDERR
W0000 00:00:1791421607.911699 1373894 computation_placer.cc:177] computation placer already registered. Please check linkage and avoid linking the same target more than once.
W0000 00:00:1791421607.911796 1373894 computation_placer.cc:177] computation placer already registered. Please check linkage and avoid linking the same target more than once.
W0000 00:00:1791421607.911801 1373894 computation_placer.cc:177] computation placer already registered. Please check linkage and avoid linking the same target more than once.
W0000 00:00:1791421607.911805 1373894 computation_placer.cc:177] computation placer already registered. Please check linkage and avoid linking the same target more than once.
Loading train/val subjects and running the streaming feature engine ...
/app/david_neural_network/utils.py:511: UserWarning: series/4077.txt: 2 RR values outside (150.0, 3000.0) ms (kept as-is)
  warnings.warn(f"{path}: {n_bad} RR values outside {RR_RANGE_MS} ms (kept as-is)")
/app/david_neural_network/utils.py:511: UserWarning: series/4052.txt: 13 RR values outside (150.0, 3000.0) ms (kept as-is)
  warnings.warn(f"{path}: {n_bad} RR values outside {RR_RANGE_MS} ms (kept as-is)")
/app/david_neural_network/utils.py:511: UserWarning: series/4087.txt: 2 RR values outside (150.0, 3000.0) ms (kept as-is)
  warnings.warn(f"{path}: {n_bad} RR values outside {RR_RANGE_MS} ms (kept as-is)")
/app/david_neural_network/utils.py:511: UserWarning: series/4033.txt: 4 RR values outside (150.0, 3000.0) ms (kept as-is)
  warnings.warn(f"{path}: {n_bad} RR values outside {RR_RANGE_MS} ms (kept as-is)")
/app/david_neural_network/utils.py:511: UserWarning: series/4062.txt: 2 RR values outside (150.0, 3000.0) ms (kept as-is)
  warnings.warn(f"{path}: {n_bad} RR values outside {RR_RANGE_MS} ms (kept as-is)")
/app/david_neural_network/utils.py:511: UserWarning: series/4037.txt: 1 RR values outside (150.0, 3000.0) ms (kept as-is)
  warnings.warn(f"{path}: {n_bad} RR values outside {RR_RANGE_MS} ms (kept as-is)")
/app/david_neural_network/utils.py:511: UserWarning: series/4070.txt: 1 RR values outside (150.0, 3000.0) ms (kept as-is)
  warnings.warn(f"{path}: {n_bad} RR values outside {RR_RANGE_MS} ms (kept as-is)")
/app/david_neural_network/utils.py:511: UserWarning: series/4090.txt: 1 RR values outside (150.0, 3000.0) ms (kept as-is)
  warnings.warn(f"{path}: {n_bad} RR values outside {RR_RANGE_MS} ms (kept as-is)")
/app/david_neural_network/utils.py:511: UserWarning: series/4088.txt: 2 RR values outside (150.0, 3000.0) ms (kept as-is)
  warnings.warn(f"{path}: {n_bad} RR values outside {RR_RANGE_MS} ms (kept as-is)")
/app/david_neural_network/utils.py:511: UserWarning: series/4011.txt: 2 RR values outside (150.0, 3000.0) ms (kept as-is)
  warnings.warn(f"{path}: {n_bad} RR values outside {RR_RANGE_MS} ms (kept as-is)")
/app/david_neural_network/utils.py:511: UserWarning: series/4099.txt: 4 RR values outside (150.0, 3000.0) ms (kept as-is)
  warnings.warn(f"{path}: {n_bad} RR values outside {RR_RANGE_MS} ms (kept as-is)")
/app/david_neural_network/utils.py:511: UserWarning: series/4097.txt: 1 RR values outside (150.0, 3000.0) ms (kept as-is)
  warnings.warn(f"{path}: {n_bad} RR values outside {RR_RANGE_MS} ms (kept as-is)")
/app/david_neural_network/utils.py:511: UserWarning: series/4010.txt: 1 RR values outside (150.0, 3000.0) ms (kept as-is)
  warnings.warn(f"{path}: {n_bad} RR values outside {RR_RANGE_MS} ms (kept as-is)")
/app/david_neural_network/utils.py:511: UserWarning: series/4029.txt: 1 RR values outside (150.0, 3000.0) ms (kept as-is)
  warnings.warn(f"{path}: {n_bad} RR values outside {RR_RANGE_MS} ms (kept as-is)")
/app/david_neural_network/utils.py:511: UserWarning: series/4001.txt: 13 RR values outside (150.0, 3000.0) ms (kept as-is)
  warnings.warn(f"{path}: {n_bad} RR values outside {RR_RANGE_MS} ms (kept as-is)")
/app/david_neural_network/utils.py:511: UserWarning: series/4085.txt: 3 RR values outside (150.0, 3000.0) ms (kept as-is)
  warnings.warn(f"{path}: {n_bad} RR values outside {RR_RANGE_MS} ms (kept as-is)")
/app/david_neural_network/utils.py:511: UserWarning: series/4028.txt: 28 RR values outside (150.0, 3000.0) ms (kept as-is)
  warnings.warn(f"{path}: {n_bad} RR values outside {RR_RANGE_MS} ms (kept as-is)")
/app/david_neural_network/utils.py:511: UserWarning: series/4031.txt: 1 RR values outside (150.0, 3000.0) ms (kept as-is)
  warnings.warn(f"{path}: {n_bad} RR values outside {RR_RANGE_MS} ms (kept as-is)")
/app/david_neural_network/utils.py:511: UserWarning: series/4119.txt: 7 RR values outside (150.0, 3000.0) ms (kept as-is)
  warnings.warn(f"{path}: {n_bad} RR values outside {RR_RANGE_MS} ms (kept as-is)")
/app/david_neural_network/utils.py:511: UserWarning: series/4084.txt: 1 RR values outside (150.0, 3000.0) ms (kept as-is)
  warnings.warn(f"{path}: {n_bad} RR values outside {RR_RANGE_MS} ms (kept as-is)")
/app/david_neural_network/utils.py:511: UserWarning: series/4056.txt: 1 RR values outside (150.0, 3000.0) ms (kept as-is)
  warnings.warn(f"{path}: {n_bad} RR values outside {RR_RANGE_MS} ms (kept as-is)")
/app/david_neural_network/utils.py:511: UserWarning: series/4026.txt: 5 RR values outside (150.0, 3000.0) ms (kept as-is)
  warnings.warn(f"{path}: {n_bad} RR values outside {RR_RANGE_MS} ms (kept as-is)")
/app/david_neural_network/utils.py:511: UserWarning: series/4109.txt: 2 RR values outside (150.0, 3000.0) ms (kept as-is)
  warnings.warn(f"{path}: {n_bad} RR values outside {RR_RANGE_MS} ms (kept as-is)")
/app/david_neural_network/utils.py:511: UserWarning: series/4030.txt: 1 RR values outside (150.0, 3000.0) ms (kept as-is)
  warnings.warn(f"{path}: {n_bad} RR values outside {RR_RANGE_MS} ms (kept as-is)")
/app/david_neural_network/utils.py:511: UserWarning: series/4034.txt: 1 RR values outside (150.0, 3000.0) ms (kept as-is)
  warnings.warn(f"{path}: {n_bad} RR values outside {RR_RANGE_MS} ms (kept as-is)")
/app/david_neural_network/utils.py:511: UserWarning: series/4022.txt: 4 RR values outside (150.0, 3000.0) ms (kept as-is)
  warnings.warn(f"{path}: {n_bad} RR values outside {RR_RANGE_MS} ms (kept as-is)")
/app/david_neural_network/utils.py:511: UserWarning: series/4014.txt: 4 RR values outside (150.0, 3000.0) ms (kept as-is)
  warnings.warn(f"{path}: {n_bad} RR values outside {RR_RANGE_MS} ms (kept as-is)")
/app/david_neural_network/utils.py:511: UserWarning: series/4072.txt: 2 RR values outside (150.0, 3000.0) ms (kept as-is)
  warnings.warn(f"{path}: {n_bad} RR values outside {RR_RANGE_MS} ms (kept as-is)")
/app/david_neural_network/utils.py:511: UserWarning: series/4050.txt: 1 RR values outside (150.0, 3000.0) ms (kept as-is)
  warnings.warn(f"{path}: {n_bad} RR values outside {RR_RANGE_MS} ms (kept as-is)")
/app/david_neural_network/utils.py:511: UserWarning: series/4096.txt: 1 RR values outside (150.0, 3000.0) ms (kept as-is)
  warnings.warn(f"{path}: {n_bad} RR values outside {RR_RANGE_MS} ms (kept as-is)")
/app/david_neural_network/utils.py:511: UserWarning: series/4025.txt: 4 RR values outside (150.0, 3000.0) ms (kept as-is)
  warnings.warn(f"{path}: {n_bad} RR values outside {RR_RANGE_MS} ms (kept as-is)")
/app/david_neural_network/utils.py:511: UserWarning: series/4102.txt: 3 RR values outside (150.0, 3000.0) ms (kept as-is)
  warnings.warn(f"{path}: {n_bad} RR values outside {RR_RANGE_MS} ms (kept as-is)")
/app/david_neural_network/utils.py:511: UserWarning: series/4081.txt: 5 RR values outside (150.0, 3000.0) ms (kept as-is)
  warnings.warn(f"{path}: {n_bad} RR values outside {RR_RANGE_MS} ms (kept as-is)")
/app/david_neural_network/utils.py:511: UserWarning: series/4065.txt: 5 RR values outside (150.0, 3000.0) ms (kept as-is)
  warnings.warn(f"{path}: {n_bad} RR values outside {RR_RANGE_MS} ms (kept as-is)")
/app/david_neural_network/utils.py:511: UserWarning: series/4091.txt: 7 RR values outside (150.0, 3000.0) ms (kept as-is)
  warnings.warn(f"{path}: {n_bad} RR values outside {RR_RANGE_MS} ms (kept as-is)")
/app/david_neural_network/utils.py:511: UserWarning: series/4075.txt: 6 RR values outside (150.0, 3000.0) ms (kept as-is)
  warnings.warn(f"{path}: {n_bad} RR values outside {RR_RANGE_MS} ms (kept as-is)")
/app/david_neural_network/utils.py:511: UserWarning: series/4043.txt: 2 RR values outside (150.0, 3000.0) ms (kept as-is)
  warnings.warn(f"{path}: {n_bad} RR values outside {RR_RANGE_MS} ms (kept as-is)")
/app/david_neural_network/utils.py:511: UserWarning: series/4110.txt: 2 RR values outside (150.0, 3000.0) ms (kept as-is)
  warnings.warn(f"{path}: {n_bad} RR values outside {RR_RANGE_MS} ms (kept as-is)")
/app/david_neural_network/utils.py:511: UserWarning: series/4069.txt: 1 RR values outside (150.0, 3000.0) ms (kept as-is)
  warnings.warn(f"{path}: {n_bad} RR values outside {RR_RANGE_MS} ms (kept as-is)")
/app/david_neural_network/utils.py:511: UserWarning: series/4106.txt: 2 RR values outside (150.0, 3000.0) ms (kept as-is)
  warnings.warn(f"{path}: {n_bad} RR values outside {RR_RANGE_MS} ms (kept as-is)")
/app/david_neural_network/utils.py:511: UserWarning: series/4111.txt: 15 RR values outside (150.0, 3000.0) ms (kept as-is)
  warnings.warn(f"{path}: {n_bad} RR values outside {RR_RANGE_MS} ms (kept as-is)")
/app/david_neural_network/utils.py:511: UserWarning: series/4113.txt: 1 RR values outside (150.0, 3000.0) ms (kept as-is)
  warnings.warn(f"{path}: {n_bad} RR values outside {RR_RANGE_MS} ms (kept as-is)")
/app/david_neural_network/utils.py:511: UserWarning: series/4107.txt: 1 RR values outside (150.0, 3000.0) ms (kept as-is)
  warnings.warn(f"{path}: {n_bad} RR values outside {RR_RANGE_MS} ms (kept as-is)")
/app/david_neural_network/utils.py:511: UserWarning: series/4112.txt: 5 RR values outside (150.0, 3000.0) ms (kept as-is)
  warnings.warn(f"{path}: {n_bad} RR values outside {RR_RANGE_MS} ms (kept as-is)")
/app/david_neural_network/utils.py:511: UserWarning: series/4076.txt: 2 RR values outside (150.0, 3000.0) ms (kept as-is)
  warnings.warn(f"{path}: {n_bad} RR values outside {RR_RANGE_MS} ms (kept as-is)")
/app/david_neural_network/utils.py:511: UserWarning: series/4120.txt: 1 RR values outside (150.0, 3000.0) ms (kept as-is)
  warnings.warn(f"{path}: {n_bad} RR values outside {RR_RANGE_MS} ms (kept as-is)")
/app/david_neural_network/utils.py:511: UserWarning: series/4118.txt: 4 RR values outside (150.0, 3000.0) ms (kept as-is)
  warnings.warn(f"{path}: {n_bad} RR values outside {RR_RANGE_MS} ms (kept as-is)")
/app/david_neural_network/utils.py:511: UserWarning: series/4067.txt: 1 RR values outside (150.0, 3000.0) ms (kept as-is)
  warnings.warn(f"{path}: {n_bad} RR values outside {RR_RANGE_MS} ms (kept as-is)")
/app/david_neural_network/utils.py:511: UserWarning: series/4117.txt: 7 RR values outside (150.0, 3000.0) ms (kept as-is)
  warnings.warn(f"{path}: {n_bad} RR values outside {RR_RANGE_MS} ms (kept as-is)")
/app/david_neural_network/utils.py:511: UserWarning: series/4114.txt: 1 RR values outside (150.0, 3000.0) ms (kept as-is)
  warnings.warn(f"{path}: {n_bad} RR values outside {RR_RANGE_MS} ms (kept as-is)")
train: 142 subjects / 20755925 windows | val: 16 subjects / 1421225 windows
I0000 00:00:1791421636.937698 1373894 gpu_device.cc:2019] Created device /job:localhost/replica:0/task:0/device:GPU:0 with 61334 MB memory:  -> device: 0, name: AMD Instinct MI210, pci bus id: 0000:03:00.0
Closed-loop (DAD) data: filling train + val with runs/tcn_lite ...
  closed-loop fill: beat 1000/5000, 4220 lanes, 1887s
  closed-loop fill: beat 2000/5000, 4220 lanes, 2135s
  closed-loop fill: beat 3000/5000, 4220 lanes, 2422s
  closed-loop fill: beat 4000/5000, 4220 lanes, 2597s
  closed-loop fill: beat 5000/5000, 4220 lanes, 2719s
closed-loop windows: train 20511092 (4220 segments), val 1404785, 2795.2 s

=== tcn_lite_dad: tcn_lite, 9 features, residual=True ===
closed-loop share over the first 100 batches: 0.5001 (target 0.5)
3906 steps/epoch x batch 512 (1999872 of 41267017 windows), steps_per_execution=64, lr=0.0003, warmup_steps=0
/app/david_neural_network/.venv/lib/python3.12/site-packages/keras/src/trainers/epoch_iterator.py:74: UserWarning: `shuffle=True` was passed, but will be ignored since the data `x` was provided as a tf.data.Dataset. The Dataset is expected to already be shuffled (via `.shuffle(buffer_size)`).
  self.data_adapter = data_adapters.get_data_adapter(
Epoch 1/30
2026-10-08 01:54:02.385996: E tensorflow/core/framework/node_def_util.cc:680] NodeDef mentions attribute use_unbounded_threadpool which is not in the op definition: Op<name=MapDataset; signature=input_dataset:variant, other_arguments: -> handle:variant; attr=f:func; attr=Targuments:list(type),min=0; attr=output_types:list(type),min=1; attr=output_shapes:list(shape),min=1; attr=use_inter_op_parallelism:bool,default=true; attr=preserve_cardinality:bool,default=false; attr=force_synchronous:bool,default=false; attr=metadata:string,default=""> This may be expected if your graph generating binary is newer  than this binary. Unknown attributes will be ignored. NodeDef: {{node ParallelMapDatasetV2/_12}}
2026-10-08 01:55:00.229861: E tensorflow/core/framework/node_def_util.cc:680] NodeDef mentions attribute use_unbounded_threadpool which is not in the op definition: Op<name=MapDataset; signature=input_dataset:variant, other_arguments: -> handle:variant; attr=f:func; attr=Targuments:list(type),min=0; attr=output_types:list(type),min=1; attr=output_shapes:list(shape),min=1; attr=use_inter_op_parallelism:bool,default=true; attr=preserve_cardinality:bool,default=false; attr=force_synchronous:bool,default=false; attr=metadata:string,default=""> This may be expected if your graph generating binary is newer  than this binary. Unknown attributes will be ignored. NodeDef: {{node ParallelMapDatasetV2/_16}}
3906/3906 - 111s - 28ms/step - loss: 0.0845 - val_loss: 0.6923 - learning_rate: 3.0000e-04
Epoch 2/30
3906/3906 - 54s - 14ms/step - loss: 0.0831 - val_loss: 0.8569 - learning_rate: 3.0000e-04
Epoch 3/30
3906/3906 - 54s - 14ms/step - loss: 0.0825 - val_loss: 0.7973 - learning_rate: 3.0000e-04
Epoch 4/30
3906/3906 - 54s - 14ms/step - loss: 0.0824 - val_loss: 0.7472 - learning_rate: 1.5000e-04
Epoch 5/30
3906/3906 - 54s - 14ms/step - loss: 0.0822 - val_loss: 0.7348 - learning_rate: 1.5000e-04
Epoch 6/30
3906/3906 - 54s - 14ms/step - loss: 0.0816 - val_loss: 0.7668 - learning_rate: 7.5000e-05
Epoch 7/30
3906/3906 - 55s - 14ms/step - loss: 0.0820 - val_loss: 0.7808 - learning_rate: 7.5000e-05
2026-10-08 02:01:20.200151: E tensorflow/core/framework/node_def_util.cc:680] NodeDef mentions attribute use_unbounded_threadpool which is not in the op definition: Op<name=MapDataset; signature=input_dataset:variant, other_arguments: -> handle:variant; attr=f:func; attr=Targuments:list(type),min=0; attr=output_types:list(type),min=1; attr=output_shapes:list(shape),min=1; attr=use_inter_op_parallelism:bool,default=true; attr=preserve_cardinality:bool,default=false; attr=force_synchronous:bool,default=false; attr=metadata:string,default=""> This may be expected if your graph generating binary is newer  than this binary. Unknown attributes will be ignored. NodeDef: {{node ParallelMapDatasetV2/_15}}
2026-10-08 02:01:25.359431: E tensorflow/core/framework/node_def_util.cc:680] NodeDef mentions attribute use_unbounded_threadpool which is not in the op definition: Op<name=MapDataset; signature=input_dataset:variant, other_arguments: -> handle:variant; attr=f:func; attr=Targuments:list(type),min=0; attr=output_types:list(type),min=1; attr=output_shapes:list(shape),min=1; attr=use_inter_op_parallelism:bool,default=true; attr=preserve_cardinality:bool,default=false; attr=force_synchronous:bool,default=false; attr=metadata:string,default=""> This may be expected if your graph generating binary is newer  than this binary. Unknown attributes will be ignored. NodeDef: {{node ParallelMapDatasetV2/_15}}
2026-10-08 02:02:02.460812: E tensorflow/core/framework/node_def_util.cc:680] NodeDef mentions attribute use_unbounded_threadpool which is not in the op definition: Op<name=MapDataset; signature=input_dataset:variant, other_arguments: -> handle:variant; attr=f:func; attr=Targuments:list(type),min=0; attr=output_types:list(type),min=1; attr=output_shapes:list(shape),min=1; attr=use_inter_op_parallelism:bool,default=true; attr=preserve_cardinality:bool,default=false; attr=force_synchronous:bool,default=false; attr=metadata:string,default=""> This may be expected if your graph generating binary is newer  than this binary. Unknown attributes will be ignored. NodeDef: {{node ParallelMapDatasetV2/_15}}
2026-10-08 02:02:26.898577: E tensorflow/core/framework/node_def_util.cc:680] NodeDef mentions attribute use_unbounded_threadpool which is not in the op definition: Op<name=MapDataset; signature=input_dataset:variant, other_arguments: -> handle:variant; attr=f:func; attr=Targuments:list(type),min=0; attr=output_types:list(type),min=1; attr=output_shapes:list(shape),min=1; attr=use_inter_op_parallelism:bool,default=true; attr=preserve_cardinality:bool,default=false; attr=force_synchronous:bool,default=false; attr=metadata:string,default=""> This may be expected if your graph generating binary is newer  than this binary. Unknown attributes will be ignored. NodeDef: {{node ParallelMapDatasetV2/_15}}
2026-10-08 02:03:01.288709: E tensorflow/core/framework/node_def_util.cc:680] NodeDef mentions attribute use_unbounded_threadpool which is not in the op definition: Op<name=MapDataset; signature=input_dataset:variant, other_arguments: -> handle:variant; attr=f:func; attr=Targuments:list(type),min=0; attr=output_types:list(type),min=1; attr=output_shapes:list(shape),min=1; attr=use_inter_op_parallelism:bool,default=true; attr=preserve_cardinality:bool,default=false; attr=force_synchronous:bool,default=false; attr=metadata:string,default=""> This may be expected if your graph generating binary is newer  than this binary. Unknown attributes will be ignored. NodeDef: {{node ParallelMapDatasetV2/_15}}
2026-10-08 02:03:26.079200: E tensorflow/core/framework/node_def_util.cc:680] NodeDef mentions attribute use_unbounded_threadpool which is not in the op definition: Op<name=MapDataset; signature=input_dataset:variant, other_arguments: -> handle:variant; attr=f:func; attr=Targuments:list(type),min=0; attr=output_types:list(type),min=1; attr=output_shapes:list(shape),min=1; attr=use_inter_op_parallelism:bool,default=true; attr=preserve_cardinality:bool,default=false; attr=force_synchronous:bool,default=false; attr=metadata:string,default=""> This may be expected if your graph generating binary is newer  than this binary. Unknown attributes will be ignored. NodeDef: {{node ParallelMapDatasetV2/_15}}
2026-10-08 02:04:00.214851: E tensorflow/core/framework/node_def_util.cc:680] NodeDef mentions attribute use_unbounded_threadpool which is not in the op definition: Op<name=MapDataset; signature=input_dataset:variant, other_arguments: -> handle:variant; attr=f:func; attr=Targuments:list(type),min=0; attr=output_types:list(type),min=1; attr=output_shapes:list(shape),min=1; attr=use_inter_op_parallelism:bool,default=true; attr=preserve_cardinality:bool,default=false; attr=force_synchronous:bool,default=false; attr=metadata:string,default=""> This may be expected if your graph generating binary is newer  than this binary. Unknown attributes will be ignored. NodeDef: {{node ParallelMapDatasetV2/_15}}
2026-10-08 02:04:19.131833: E tensorflow/core/framework/node_def_util.cc:680] NodeDef mentions attribute use_unbounded_threadpool which is not in the op definition: Op<name=MapDataset; signature=input_dataset:variant, other_arguments: -> handle:variant; attr=f:func; attr=Targuments:list(type),min=0; attr=output_types:list(type),min=1; attr=output_shapes:list(shape),min=1; attr=use_inter_op_parallelism:bool,default=true; attr=preserve_cardinality:bool,default=false; attr=force_synchronous:bool,default=false; attr=metadata:string,default=""> This may be expected if your graph generating binary is newer  than this binary. Unknown attributes will be ignored. NodeDef: {{node ParallelMapDatasetV2/_15}}
2026-10-08 02:04:43.478807: E tensorflow/core/framework/node_def_util.cc:680] NodeDef mentions attribute use_unbounded_threadpool which is not in the op definition: Op<name=MapDataset; signature=input_dataset:variant, other_arguments: -> handle:variant; attr=f:func; attr=Targuments:list(type),min=0; attr=output_types:list(type),min=1; attr=output_shapes:list(shape),min=1; attr=use_inter_op_parallelism:bool,default=true; attr=preserve_cardinality:bool,default=false; attr=force_synchronous:bool,default=false; attr=metadata:string,default=""> This may be expected if your graph generating binary is newer  than this binary. Unknown attributes will be ignored. NodeDef: {{node ParallelMapDatasetV2/_15}}
2026-10-08 02:05:14.369471: E tensorflow/core/framework/node_def_util.cc:680] NodeDef mentions attribute use_unbounded_threadpool which is not in the op definition: Op<name=MapDataset; signature=input_dataset:variant, other_arguments: -> handle:variant; attr=f:func; attr=Targuments:list(type),min=0; attr=output_types:list(type),min=1; attr=output_shapes:list(shape),min=1; attr=use_inter_op_parallelism:bool,default=true; attr=preserve_cardinality:bool,default=false; attr=force_synchronous:bool,default=false; attr=metadata:string,default=""> This may be expected if your graph generating binary is newer  than this binary. Unknown attributes will be ignored. NodeDef: {{node ParallelMapDatasetV2/_15}}
2026-10-08 02:05:48.620253: E tensorflow/core/framework/node_def_util.cc:680] NodeDef mentions attribute use_unbounded_threadpool which is not in the op definition: Op<name=MapDataset; signature=input_dataset:variant, other_arguments: -> handle:variant; attr=f:func; attr=Targuments:list(type),min=0; attr=output_types:list(type),min=1; attr=output_shapes:list(shape),min=1; attr=use_inter_op_parallelism:bool,default=true; attr=preserve_cardinality:bool,default=false; attr=force_synchronous:bool,default=false; attr=metadata:string,default=""> This may be expected if your graph generating binary is newer  than this binary. Unknown attributes will be ignored. NodeDef: {{node ParallelMapDatasetV2/_15}}
2026-10-08 02:05:53.700028: E tensorflow/core/framework/node_def_util.cc:680] NodeDef mentions attribute use_unbounded_threadpool which is not in the op definition: Op<name=MapDataset; signature=input_dataset:variant, other_arguments: -> handle:variant; attr=f:func; attr=Targuments:list(type),min=0; attr=output_types:list(type),min=1; attr=output_shapes:list(shape),min=1; attr=use_inter_op_parallelism:bool,default=true; attr=preserve_cardinality:bool,default=false; attr=force_synchronous:bool,default=false; attr=metadata:string,default=""> This may be expected if your graph generating binary is newer  than this binary. Unknown attributes will be ignored. NodeDef: {{node ParallelMapDatasetV2/_15}}
2026-10-08 02:06:11.187312: E tensorflow/core/framework/node_def_util.cc:680] NodeDef mentions attribute use_unbounded_threadpool which is not in the op definition: Op<name=MapDataset; signature=input_dataset:variant, other_arguments: -> handle:variant; attr=f:func; attr=Targuments:list(type),min=0; attr=output_types:list(type),min=1; attr=output_shapes:list(shape),min=1; attr=use_inter_op_parallelism:bool,default=true; attr=preserve_cardinality:bool,default=false; attr=force_synchronous:bool,default=false; attr=metadata:string,default=""> This may be expected if your graph generating binary is newer  than this binary. Unknown attributes will be ignored. NodeDef: {{node ParallelMapDatasetV2/_15}}
2026-10-08 02:06:30.139381: E tensorflow/core/framework/node_def_util.cc:680] NodeDef mentions attribute use_unbounded_threadpool which is not in the op definition: Op<name=MapDataset; signature=input_dataset:variant, other_arguments: -> handle:variant; attr=f:func; attr=Targuments:list(type),min=0; attr=output_types:list(type),min=1; attr=output_shapes:list(shape),min=1; attr=use_inter_op_parallelism:bool,default=true; attr=preserve_cardinality:bool,default=false; attr=force_synchronous:bool,default=false; attr=metadata:string,default=""> This may be expected if your graph generating binary is newer  than this binary. Unknown attributes will be ignored. NodeDef: {{node ParallelMapDatasetV2/_15}}
2026-10-08 02:06:56.257898: E tensorflow/core/framework/node_def_util.cc:680] NodeDef mentions attribute use_unbounded_threadpool which is not in the op definition: Op<name=MapDataset; signature=input_dataset:variant, other_arguments: -> handle:variant; attr=f:func; attr=Targuments:list(type),min=0; attr=output_types:list(type),min=1; attr=output_shapes:list(shape),min=1; attr=use_inter_op_parallelism:bool,default=true; attr=preserve_cardinality:bool,default=false; attr=force_synchronous:bool,default=false; attr=metadata:string,default=""> This may be expected if your graph generating binary is newer  than this binary. Unknown attributes will be ignored. NodeDef: {{node ParallelMapDatasetV2/_15}}
2026-10-08 02:07:22.873281: E tensorflow/core/framework/node_def_util.cc:680] NodeDef mentions attribute use_unbounded_threadpool which is not in the op definition: Op<name=MapDataset; signature=input_dataset:variant, other_arguments: -> handle:variant; attr=f:func; attr=Targuments:list(type),min=0; attr=output_types:list(type),min=1; attr=output_shapes:list(shape),min=1; attr=use_inter_op_parallelism:bool,default=true; attr=preserve_cardinality:bool,default=false; attr=force_synchronous:bool,default=false; attr=metadata:string,default=""> This may be expected if your graph generating binary is newer  than this binary. Unknown attributes will be ignored. NodeDef: {{node ParallelMapDatasetV2/_15}}
2026-10-08 02:07:47.271409: E tensorflow/core/framework/node_def_util.cc:680] NodeDef mentions attribute use_unbounded_threadpool which is not in the op definition: Op<name=MapDataset; signature=input_dataset:variant, other_arguments: -> handle:variant; attr=f:func; attr=Targuments:list(type),min=0; attr=output_types:list(type),min=1; attr=output_shapes:list(shape),min=1; attr=use_inter_op_parallelism:bool,default=true; attr=preserve_cardinality:bool,default=false; attr=force_synchronous:bool,default=false; attr=metadata:string,default=""> This may be expected if your graph generating binary is newer  than this binary. Unknown attributes will be ignored. NodeDef: {{node ParallelMapDatasetV2/_15}}
2026-10-08 02:08:18.955423: E tensorflow/core/framework/node_def_util.cc:680] NodeDef mentions attribute use_unbounded_threadpool which is not in the op definition: Op<name=MapDataset; signature=input_dataset:variant, other_arguments: -> handle:variant; attr=f:func; attr=Targuments:list(type),min=0; attr=output_types:list(type),min=1; attr=output_shapes:list(shape),min=1; attr=use_inter_op_parallelism:bool,default=true; attr=preserve_cardinality:bool,default=false; attr=force_synchronous:bool,default=false; attr=metadata:string,default=""> This may be expected if your graph generating binary is newer  than this binary. Unknown attributes will be ignored. NodeDef: {{node ParallelMapDatasetV2/_15}}
2026-10-08 02:08:24.030450: E tensorflow/core/framework/node_def_util.cc:680] NodeDef mentions attribute use_unbounded_threadpool which is not in the op definition: Op<name=MapDataset; signature=input_dataset:variant, other_arguments: -> handle:variant; attr=f:func; attr=Targuments:list(type),min=0; attr=output_types:list(type),min=1; attr=output_shapes:list(shape),min=1; attr=use_inter_op_parallelism:bool,default=true; attr=preserve_cardinality:bool,default=false; attr=force_synchronous:bool,default=false; attr=metadata:string,default=""> This may be expected if your graph generating binary is newer  than this binary. Unknown attributes will be ignored. NodeDef: {{node ParallelMapDatasetV2/_15}}
2026-10-08 02:08:29.117934: E tensorflow/core/framework/node_def_util.cc:680] NodeDef mentions attribute use_unbounded_threadpool which is not in the op definition: Op<name=MapDataset; signature=input_dataset:variant, other_arguments: -> handle:variant; attr=f:func; attr=Targuments:list(type),min=0; attr=output_types:list(type),min=1; attr=output_shapes:list(shape),min=1; attr=use_inter_op_parallelism:bool,default=true; attr=preserve_cardinality:bool,default=false; attr=force_synchronous:bool,default=false; attr=metadata:string,default=""> This may be expected if your graph generating binary is newer  than this binary. Unknown attributes will be ignored. NodeDef: {{node ParallelMapDatasetV2/_15}}
2026-10-08 02:08:34.170826: E tensorflow/core/framework/node_def_util.cc:680] NodeDef mentions attribute use_unbounded_threadpool which is not in the op definition: Op<name=MapDataset; signature=input_dataset:variant, other_arguments: -> handle:variant; attr=f:func; attr=Targuments:list(type),min=0; attr=output_types:list(type),min=1; attr=output_shapes:list(shape),min=1; attr=use_inter_op_parallelism:bool,default=true; attr=preserve_cardinality:bool,default=false; attr=force_synchronous:bool,default=false; attr=metadata:string,default=""> This may be expected if your graph generating binary is newer  than this binary. Unknown attributes will be ignored. NodeDef: {{node ParallelMapDatasetV2/_15}}
2026-10-08 02:08:39.238393: E tensorflow/core/framework/node_def_util.cc:680] NodeDef mentions attribute use_unbounded_threadpool which is not in the op definition: Op<name=MapDataset; signature=input_dataset:variant, other_arguments: -> handle:variant; attr=f:func; attr=Targuments:list(type),min=0; attr=output_types:list(type),min=1; attr=output_shapes:list(shape),min=1; attr=use_inter_op_parallelism:bool,default=true; attr=preserve_cardinality:bool,default=false; attr=force_synchronous:bool,default=false; attr=metadata:string,default=""> This may be expected if your graph generating binary is newer  than this binary. Unknown attributes will be ignored. NodeDef: {{node ParallelMapDatasetV2/_15}}
2026-10-08 02:08:44.277074: E tensorflow/core/framework/node_def_util.cc:680] NodeDef mentions attribute use_unbounded_threadpool which is not in the op definition: Op<name=MapDataset; signature=input_dataset:variant, other_arguments: -> handle:variant; attr=f:func; attr=Targuments:list(type),min=0; attr=output_types:list(type),min=1; attr=output_shapes:list(shape),min=1; attr=use_inter_op_parallelism:bool,default=true; attr=preserve_cardinality:bool,default=false; attr=force_synchronous:bool,default=false; attr=metadata:string,default=""> This may be expected if your graph generating binary is newer  than this binary. Unknown attributes will be ignored. NodeDef: {{node ParallelMapDatasetV2/_15}}
WARNING: All log messages before absl::InitializeLog() is called are written to STDERR
W0000 00:00:1791425326.426221 1373894 tf_tfl_flatbuffer_helpers.cc:365] Ignored output_format.
W0000 00:00:1791425326.426269 1373894 tf_tfl_flatbuffer_helpers.cc:368] Ignored drop_control_dependency.
I0000 00:00:1791425326.443305 1373894 mlir_graph_optimization_pass.cc:425] MLIR V1 optimization pass is not enabled
fully_quantize: 0, inference_type: 6, input_inference_type: INT8, output_inference_type: INT8
INFO: Created TensorFlow Lite XNNPACK delegate for CPU.
2026-10-08 02:08:51.190555: E tensorflow/core/framework/node_def_util.cc:680] NodeDef mentions attribute use_unbounded_threadpool which is not in the op definition: Op<name=MapDataset; signature=input_dataset:variant, other_arguments: -> handle:variant; attr=f:func; attr=Targuments:list(type),min=0; attr=output_types:list(type),min=1; attr=output_shapes:list(shape),min=1; attr=use_inter_op_parallelism:bool,default=true; attr=preserve_cardinality:bool,default=false; attr=force_synchronous:bool,default=false; attr=metadata:string,default=""> This may be expected if your graph generating binary is newer  than this binary. Unknown attributes will be ignored. NodeDef: {{node ParallelMapDatasetV2/_15}}
tcn_lite_dad: val RMSE 56.76 ms (RLS 37.14), skill -0.361, sign acc 0.554 | int8 56.45 vs float 55.68 ms (subset) | closed-loop int8 61.84 vs float 61.08 ms
  parent runs/tcn_lite: val RMSE 32.64 ms
  closed-loop val (1404785 windows): run 61.74 | parent 42.29 | rls_ar 44.26 ms | 13.9 ms/step
