WARNING: All log messages before absl::InitializeLog() is called are written to STDERR
W0000 00:00:1791435520.963492 2116331 computation_placer.cc:177] computation placer already registered. Please check linkage and avoid linking the same target more than once.
W0000 00:00:1791435520.963573 2116331 computation_placer.cc:177] computation placer already registered. Please check linkage and avoid linking the same target more than once.
W0000 00:00:1791435520.963576 2116331 computation_placer.cc:177] computation placer already registered. Please check linkage and avoid linking the same target more than once.
W0000 00:00:1791435520.963580 2116331 computation_placer.cc:177] computation placer already registered. Please check linkage and avoid linking the same target more than once.
Loading train/val subjects and running the streaming feature engine ...
/app/david_neural_network/utils.py:537: UserWarning: series/4077.txt: 2 RR values outside (150.0, 3000.0) ms (kept as-is)
  warnings.warn(f"{path}: {n_bad} RR values outside {RR_RANGE_MS} ms (kept as-is)")
/app/david_neural_network/utils.py:537: UserWarning: series/4052.txt: 13 RR values outside (150.0, 3000.0) ms (kept as-is)
  warnings.warn(f"{path}: {n_bad} RR values outside {RR_RANGE_MS} ms (kept as-is)")
/app/david_neural_network/utils.py:537: UserWarning: series/4087.txt: 2 RR values outside (150.0, 3000.0) ms (kept as-is)
  warnings.warn(f"{path}: {n_bad} RR values outside {RR_RANGE_MS} ms (kept as-is)")
/app/david_neural_network/utils.py:537: UserWarning: series/4033.txt: 4 RR values outside (150.0, 3000.0) ms (kept as-is)
  warnings.warn(f"{path}: {n_bad} RR values outside {RR_RANGE_MS} ms (kept as-is)")
/app/david_neural_network/utils.py:537: UserWarning: series/4062.txt: 2 RR values outside (150.0, 3000.0) ms (kept as-is)
  warnings.warn(f"{path}: {n_bad} RR values outside {RR_RANGE_MS} ms (kept as-is)")
/app/david_neural_network/utils.py:537: UserWarning: series/4037.txt: 1 RR values outside (150.0, 3000.0) ms (kept as-is)
  warnings.warn(f"{path}: {n_bad} RR values outside {RR_RANGE_MS} ms (kept as-is)")
/app/david_neural_network/utils.py:537: UserWarning: series/4070.txt: 1 RR values outside (150.0, 3000.0) ms (kept as-is)
  warnings.warn(f"{path}: {n_bad} RR values outside {RR_RANGE_MS} ms (kept as-is)")
/app/david_neural_network/utils.py:537: UserWarning: series/4090.txt: 1 RR values outside (150.0, 3000.0) ms (kept as-is)
  warnings.warn(f"{path}: {n_bad} RR values outside {RR_RANGE_MS} ms (kept as-is)")
/app/david_neural_network/utils.py:537: UserWarning: series/4088.txt: 2 RR values outside (150.0, 3000.0) ms (kept as-is)
  warnings.warn(f"{path}: {n_bad} RR values outside {RR_RANGE_MS} ms (kept as-is)")
/app/david_neural_network/utils.py:537: UserWarning: series/4011.txt: 2 RR values outside (150.0, 3000.0) ms (kept as-is)
  warnings.warn(f"{path}: {n_bad} RR values outside {RR_RANGE_MS} ms (kept as-is)")
/app/david_neural_network/utils.py:537: UserWarning: series/4099.txt: 4 RR values outside (150.0, 3000.0) ms (kept as-is)
  warnings.warn(f"{path}: {n_bad} RR values outside {RR_RANGE_MS} ms (kept as-is)")
/app/david_neural_network/utils.py:537: UserWarning: series/4097.txt: 1 RR values outside (150.0, 3000.0) ms (kept as-is)
  warnings.warn(f"{path}: {n_bad} RR values outside {RR_RANGE_MS} ms (kept as-is)")
/app/david_neural_network/utils.py:537: UserWarning: series/4010.txt: 1 RR values outside (150.0, 3000.0) ms (kept as-is)
  warnings.warn(f"{path}: {n_bad} RR values outside {RR_RANGE_MS} ms (kept as-is)")
/app/david_neural_network/utils.py:537: UserWarning: series/4029.txt: 1 RR values outside (150.0, 3000.0) ms (kept as-is)
  warnings.warn(f"{path}: {n_bad} RR values outside {RR_RANGE_MS} ms (kept as-is)")
/app/david_neural_network/utils.py:537: UserWarning: series/4001.txt: 13 RR values outside (150.0, 3000.0) ms (kept as-is)
  warnings.warn(f"{path}: {n_bad} RR values outside {RR_RANGE_MS} ms (kept as-is)")
/app/david_neural_network/utils.py:537: UserWarning: series/4085.txt: 3 RR values outside (150.0, 3000.0) ms (kept as-is)
  warnings.warn(f"{path}: {n_bad} RR values outside {RR_RANGE_MS} ms (kept as-is)")
/app/david_neural_network/utils.py:537: UserWarning: series/4028.txt: 28 RR values outside (150.0, 3000.0) ms (kept as-is)
  warnings.warn(f"{path}: {n_bad} RR values outside {RR_RANGE_MS} ms (kept as-is)")
/app/david_neural_network/utils.py:537: UserWarning: series/4031.txt: 1 RR values outside (150.0, 3000.0) ms (kept as-is)
  warnings.warn(f"{path}: {n_bad} RR values outside {RR_RANGE_MS} ms (kept as-is)")
/app/david_neural_network/utils.py:537: UserWarning: series/4119.txt: 7 RR values outside (150.0, 3000.0) ms (kept as-is)
  warnings.warn(f"{path}: {n_bad} RR values outside {RR_RANGE_MS} ms (kept as-is)")
/app/david_neural_network/utils.py:537: UserWarning: series/4084.txt: 1 RR values outside (150.0, 3000.0) ms (kept as-is)
  warnings.warn(f"{path}: {n_bad} RR values outside {RR_RANGE_MS} ms (kept as-is)")
/app/david_neural_network/utils.py:537: UserWarning: series/4056.txt: 1 RR values outside (150.0, 3000.0) ms (kept as-is)
  warnings.warn(f"{path}: {n_bad} RR values outside {RR_RANGE_MS} ms (kept as-is)")
/app/david_neural_network/utils.py:537: UserWarning: series/4026.txt: 5 RR values outside (150.0, 3000.0) ms (kept as-is)
  warnings.warn(f"{path}: {n_bad} RR values outside {RR_RANGE_MS} ms (kept as-is)")
/app/david_neural_network/utils.py:537: UserWarning: series/4109.txt: 2 RR values outside (150.0, 3000.0) ms (kept as-is)
  warnings.warn(f"{path}: {n_bad} RR values outside {RR_RANGE_MS} ms (kept as-is)")
/app/david_neural_network/utils.py:537: UserWarning: series/4030.txt: 1 RR values outside (150.0, 3000.0) ms (kept as-is)
  warnings.warn(f"{path}: {n_bad} RR values outside {RR_RANGE_MS} ms (kept as-is)")
/app/david_neural_network/utils.py:537: UserWarning: series/4034.txt: 1 RR values outside (150.0, 3000.0) ms (kept as-is)
  warnings.warn(f"{path}: {n_bad} RR values outside {RR_RANGE_MS} ms (kept as-is)")
/app/david_neural_network/utils.py:537: UserWarning: series/4022.txt: 4 RR values outside (150.0, 3000.0) ms (kept as-is)
  warnings.warn(f"{path}: {n_bad} RR values outside {RR_RANGE_MS} ms (kept as-is)")
/app/david_neural_network/utils.py:537: UserWarning: series/4014.txt: 4 RR values outside (150.0, 3000.0) ms (kept as-is)
  warnings.warn(f"{path}: {n_bad} RR values outside {RR_RANGE_MS} ms (kept as-is)")
/app/david_neural_network/utils.py:537: UserWarning: series/4072.txt: 2 RR values outside (150.0, 3000.0) ms (kept as-is)
  warnings.warn(f"{path}: {n_bad} RR values outside {RR_RANGE_MS} ms (kept as-is)")
/app/david_neural_network/utils.py:537: UserWarning: series/4050.txt: 1 RR values outside (150.0, 3000.0) ms (kept as-is)
  warnings.warn(f"{path}: {n_bad} RR values outside {RR_RANGE_MS} ms (kept as-is)")
/app/david_neural_network/utils.py:537: UserWarning: series/4096.txt: 1 RR values outside (150.0, 3000.0) ms (kept as-is)
  warnings.warn(f"{path}: {n_bad} RR values outside {RR_RANGE_MS} ms (kept as-is)")
/app/david_neural_network/utils.py:537: UserWarning: series/4025.txt: 4 RR values outside (150.0, 3000.0) ms (kept as-is)
  warnings.warn(f"{path}: {n_bad} RR values outside {RR_RANGE_MS} ms (kept as-is)")
/app/david_neural_network/utils.py:537: UserWarning: series/4102.txt: 3 RR values outside (150.0, 3000.0) ms (kept as-is)
  warnings.warn(f"{path}: {n_bad} RR values outside {RR_RANGE_MS} ms (kept as-is)")
/app/david_neural_network/utils.py:537: UserWarning: series/4081.txt: 5 RR values outside (150.0, 3000.0) ms (kept as-is)
  warnings.warn(f"{path}: {n_bad} RR values outside {RR_RANGE_MS} ms (kept as-is)")
/app/david_neural_network/utils.py:537: UserWarning: series/4065.txt: 5 RR values outside (150.0, 3000.0) ms (kept as-is)
  warnings.warn(f"{path}: {n_bad} RR values outside {RR_RANGE_MS} ms (kept as-is)")
/app/david_neural_network/utils.py:537: UserWarning: series/4091.txt: 7 RR values outside (150.0, 3000.0) ms (kept as-is)
  warnings.warn(f"{path}: {n_bad} RR values outside {RR_RANGE_MS} ms (kept as-is)")
/app/david_neural_network/utils.py:537: UserWarning: series/4075.txt: 6 RR values outside (150.0, 3000.0) ms (kept as-is)
  warnings.warn(f"{path}: {n_bad} RR values outside {RR_RANGE_MS} ms (kept as-is)")
/app/david_neural_network/utils.py:537: UserWarning: series/4043.txt: 2 RR values outside (150.0, 3000.0) ms (kept as-is)
  warnings.warn(f"{path}: {n_bad} RR values outside {RR_RANGE_MS} ms (kept as-is)")
/app/david_neural_network/utils.py:537: UserWarning: series/4110.txt: 2 RR values outside (150.0, 3000.0) ms (kept as-is)
  warnings.warn(f"{path}: {n_bad} RR values outside {RR_RANGE_MS} ms (kept as-is)")
/app/david_neural_network/utils.py:537: UserWarning: series/4069.txt: 1 RR values outside (150.0, 3000.0) ms (kept as-is)
  warnings.warn(f"{path}: {n_bad} RR values outside {RR_RANGE_MS} ms (kept as-is)")
/app/david_neural_network/utils.py:537: UserWarning: series/4106.txt: 2 RR values outside (150.0, 3000.0) ms (kept as-is)
  warnings.warn(f"{path}: {n_bad} RR values outside {RR_RANGE_MS} ms (kept as-is)")
/app/david_neural_network/utils.py:537: UserWarning: series/4111.txt: 15 RR values outside (150.0, 3000.0) ms (kept as-is)
  warnings.warn(f"{path}: {n_bad} RR values outside {RR_RANGE_MS} ms (kept as-is)")
/app/david_neural_network/utils.py:537: UserWarning: series/4113.txt: 1 RR values outside (150.0, 3000.0) ms (kept as-is)
  warnings.warn(f"{path}: {n_bad} RR values outside {RR_RANGE_MS} ms (kept as-is)")
/app/david_neural_network/utils.py:537: UserWarning: series/4107.txt: 1 RR values outside (150.0, 3000.0) ms (kept as-is)
  warnings.warn(f"{path}: {n_bad} RR values outside {RR_RANGE_MS} ms (kept as-is)")
/app/david_neural_network/utils.py:537: UserWarning: series/4112.txt: 5 RR values outside (150.0, 3000.0) ms (kept as-is)
  warnings.warn(f"{path}: {n_bad} RR values outside {RR_RANGE_MS} ms (kept as-is)")
/app/david_neural_network/utils.py:537: UserWarning: series/4076.txt: 2 RR values outside (150.0, 3000.0) ms (kept as-is)
  warnings.warn(f"{path}: {n_bad} RR values outside {RR_RANGE_MS} ms (kept as-is)")
/app/david_neural_network/utils.py:537: UserWarning: series/4120.txt: 1 RR values outside (150.0, 3000.0) ms (kept as-is)
  warnings.warn(f"{path}: {n_bad} RR values outside {RR_RANGE_MS} ms (kept as-is)")
/app/david_neural_network/utils.py:537: UserWarning: series/4118.txt: 4 RR values outside (150.0, 3000.0) ms (kept as-is)
  warnings.warn(f"{path}: {n_bad} RR values outside {RR_RANGE_MS} ms (kept as-is)")
/app/david_neural_network/utils.py:537: UserWarning: series/4067.txt: 1 RR values outside (150.0, 3000.0) ms (kept as-is)
  warnings.warn(f"{path}: {n_bad} RR values outside {RR_RANGE_MS} ms (kept as-is)")
/app/david_neural_network/utils.py:537: UserWarning: series/4117.txt: 7 RR values outside (150.0, 3000.0) ms (kept as-is)
  warnings.warn(f"{path}: {n_bad} RR values outside {RR_RANGE_MS} ms (kept as-is)")
/app/david_neural_network/utils.py:537: UserWarning: series/4114.txt: 1 RR values outside (150.0, 3000.0) ms (kept as-is)
  warnings.warn(f"{path}: {n_bad} RR values outside {RR_RANGE_MS} ms (kept as-is)")
train: 142 subjects / 20755925 windows | val: 16 subjects / 1421225 windows

=== micro_tcn_rsa: micro_tcn, 13 features, residual=True ===
I0000 00:00:1791435553.290357 2116331 gpu_device.cc:2019] Created device /job:localhost/replica:0/task:0/device:GPU:0 with 61334 MB memory:  -> device: 0, name: AMD Instinct MI210, pci bus id: 0000:03:00.0
3906 steps/epoch x batch 512 (1999872 of 20755925 windows), steps_per_execution=64, lr=0.001, warmup_steps=0
/app/david_neural_network/.venv/lib/python3.12/site-packages/keras/src/trainers/epoch_iterator.py:74: UserWarning: `shuffle=True` was passed, but will be ignored since the data `x` was provided as a tf.data.Dataset. The Dataset is expected to already be shuffled (via `.shuffle(buffer_size)`).
  self.data_adapter = data_adapters.get_data_adapter(
Epoch 1/100
2026-10-08 04:59:17.823502: E tensorflow/core/framework/node_def_util.cc:680] NodeDef mentions attribute use_unbounded_threadpool which is not in the op definition: Op<name=MapDataset; signature=input_dataset:variant, other_arguments: -> handle:variant; attr=f:func; attr=Targuments:list(type),min=0; attr=output_types:list(type),min=1; attr=output_shapes:list(shape),min=1; attr=use_inter_op_parallelism:bool,default=true; attr=preserve_cardinality:bool,default=false; attr=force_synchronous:bool,default=false; attr=metadata:string,default=""> This may be expected if your graph generating binary is newer  than this binary. Unknown attributes will be ignored. NodeDef: {{node ParallelMapDatasetV2/_12}}
2026-10-08 05:00:30.621680: E tensorflow/core/framework/node_def_util.cc:680] NodeDef mentions attribute use_unbounded_threadpool which is not in the op definition: Op<name=MapDataset; signature=input_dataset:variant, other_arguments: -> handle:variant; attr=f:func; attr=Targuments:list(type),min=0; attr=output_types:list(type),min=1; attr=output_shapes:list(shape),min=1; attr=use_inter_op_parallelism:bool,default=true; attr=preserve_cardinality:bool,default=false; attr=force_synchronous:bool,default=false; attr=metadata:string,default=""> This may be expected if your graph generating binary is newer  than this binary. Unknown attributes will be ignored. NodeDef: {{node ParallelMapDatasetV2/_16}}
3906/3906 - 74s - 19ms/step - loss: 0.2144 - val_loss: 0.2671 - learning_rate: 0.0010
Epoch 2/100
3906/3906 - 70s - 18ms/step - loss: 0.2078 - val_loss: 0.2632 - learning_rate: 0.0010
Epoch 3/100
3906/3906 - 70s - 18ms/step - loss: 0.2060 - val_loss: 0.2629 - learning_rate: 0.0010
Epoch 4/100
3906/3906 - 70s - 18ms/step - loss: 0.2043 - val_loss: 0.2619 - learning_rate: 0.0010
Epoch 5/100
3906/3906 - 70s - 18ms/step - loss: 0.2051 - val_loss: 0.2598 - learning_rate: 0.0010
Epoch 6/100
3906/3906 - 69s - 18ms/step - loss: 0.2043 - val_loss: 0.2574 - learning_rate: 0.0010
Epoch 7/100
3906/3906 - 69s - 18ms/step - loss: 0.2033 - val_loss: 0.2590 - learning_rate: 0.0010
Epoch 8/100
3906/3906 - 69s - 18ms/step - loss: 0.2028 - val_loss: 0.2554 - learning_rate: 0.0010
Epoch 9/100
3906/3906 - 70s - 18ms/step - loss: 0.2033 - val_loss: 0.2549 - learning_rate: 0.0010
Epoch 10/100
3906/3906 - 70s - 18ms/step - loss: 0.2022 - val_loss: 0.2545 - learning_rate: 0.0010
Epoch 11/100
3906/3906 - 69s - 18ms/step - loss: 0.2020 - val_loss: 0.2530 - learning_rate: 0.0010
Epoch 12/100
3906/3906 - 70s - 18ms/step - loss: 0.2025 - val_loss: 0.2521 - learning_rate: 0.0010
Epoch 13/100
3906/3906 - 70s - 18ms/step - loss: 0.2010 - val_loss: 0.2540 - learning_rate: 0.0010
Epoch 14/100
3906/3906 - 69s - 18ms/step - loss: 0.2017 - val_loss: 0.2569 - learning_rate: 0.0010
Epoch 15/100
3906/3906 - 68s - 17ms/step - loss: 0.2017 - val_loss: 0.2530 - learning_rate: 0.0010
Epoch 16/100
3906/3906 - 69s - 18ms/step - loss: 0.2012 - val_loss: 0.2524 - learning_rate: 5.0000e-04
Epoch 17/100
3906/3906 - 70s - 18ms/step - loss: 0.2008 - val_loss: 0.2512 - learning_rate: 5.0000e-04
Epoch 18/100
3906/3906 - 70s - 18ms/step - loss: 0.2006 - val_loss: 0.2515 - learning_rate: 5.0000e-04
Epoch 19/100
3906/3906 - 70s - 18ms/step - loss: 0.1993 - val_loss: 0.2500 - learning_rate: 5.0000e-04
Epoch 20/100
3906/3906 - 70s - 18ms/step - loss: 0.2002 - val_loss: 0.2495 - learning_rate: 5.0000e-04
Epoch 21/100
3906/3906 - 68s - 17ms/step - loss: 0.2012 - val_loss: 0.2503 - learning_rate: 5.0000e-04
Epoch 22/100
3906/3906 - 69s - 18ms/step - loss: 0.2002 - val_loss: 0.2503 - learning_rate: 5.0000e-04
Epoch 23/100
3906/3906 - 69s - 18ms/step - loss: 0.1991 - val_loss: 0.2517 - learning_rate: 5.0000e-04
Epoch 24/100
3906/3906 - 70s - 18ms/step - loss: 0.1992 - val_loss: 0.2497 - learning_rate: 2.5000e-04
Epoch 25/100
3906/3906 - 70s - 18ms/step - loss: 0.1995 - val_loss: 0.2497 - learning_rate: 2.5000e-04
Epoch 26/100
3906/3906 - 69s - 18ms/step - loss: 0.2008 - val_loss: 0.2498 - learning_rate: 2.5000e-04
Epoch 27/100
3906/3906 - 69s - 18ms/step - loss: 0.1991 - val_loss: 0.2496 - learning_rate: 1.2500e-04
Epoch 28/100
3906/3906 - 70s - 18ms/step - loss: 0.2003 - val_loss: 0.2495 - learning_rate: 1.2500e-04
Epoch 29/100
3906/3906 - 70s - 18ms/step - loss: 0.1981 - val_loss: 0.2492 - learning_rate: 1.2500e-04
Epoch 30/100
3906/3906 - 70s - 18ms/step - loss: 0.1990 - val_loss: 0.2491 - learning_rate: 1.2500e-04
Epoch 31/100
3906/3906 - 69s - 18ms/step - loss: 0.1995 - val_loss: 0.2501 - learning_rate: 1.2500e-04
Epoch 32/100
3906/3906 - 70s - 18ms/step - loss: 0.1987 - val_loss: 0.2504 - learning_rate: 1.2500e-04
Epoch 33/100
3906/3906 - 69s - 18ms/step - loss: 0.2000 - val_loss: 0.2495 - learning_rate: 1.2500e-04
Epoch 34/100
3906/3906 - 70s - 18ms/step - loss: 0.1990 - val_loss: 0.2496 - learning_rate: 6.2500e-05
Epoch 35/100
3906/3906 - 70s - 18ms/step - loss: 0.1993 - val_loss: 0.2496 - learning_rate: 6.2500e-05
Epoch 36/100
3906/3906 - 70s - 18ms/step - loss: 0.1992 - val_loss: 0.2497 - learning_rate: 6.2500e-05
Epoch 37/100
3906/3906 - 69s - 18ms/step - loss: 0.1998 - val_loss: 0.2494 - learning_rate: 3.1250e-05
Epoch 38/100
3906/3906 - 70s - 18ms/step - loss: 0.1999 - val_loss: 0.2496 - learning_rate: 3.1250e-05
Epoch 39/100
3906/3906 - 69s - 18ms/step - loss: 0.1999 - val_loss: 0.2494 - learning_rate: 3.1250e-05
Epoch 40/100
3906/3906 - 68s - 18ms/step - loss: 0.1992 - val_loss: 0.2496 - learning_rate: 1.5625e-05
2026-10-08 05:45:41.092229: E tensorflow/core/framework/node_def_util.cc:680] NodeDef mentions attribute use_unbounded_threadpool which is not in the op definition: Op<name=MapDataset; signature=input_dataset:variant, other_arguments: -> handle:variant; attr=f:func; attr=Targuments:list(type),min=0; attr=output_types:list(type),min=1; attr=output_shapes:list(shape),min=1; attr=use_inter_op_parallelism:bool,default=true; attr=preserve_cardinality:bool,default=false; attr=force_synchronous:bool,default=false; attr=metadata:string,default=""> This may be expected if your graph generating binary is newer  than this binary. Unknown attributes will be ignored. NodeDef: {{node ParallelMapDatasetV2/_15}}
2026-10-08 05:46:26.053386: E tensorflow/core/framework/node_def_util.cc:680] NodeDef mentions attribute use_unbounded_threadpool which is not in the op definition: Op<name=MapDataset; signature=input_dataset:variant, other_arguments: -> handle:variant; attr=f:func; attr=Targuments:list(type),min=0; attr=output_types:list(type),min=1; attr=output_shapes:list(shape),min=1; attr=use_inter_op_parallelism:bool,default=true; attr=preserve_cardinality:bool,default=false; attr=force_synchronous:bool,default=false; attr=metadata:string,default=""> This may be expected if your graph generating binary is newer  than this binary. Unknown attributes will be ignored. NodeDef: {{node ParallelMapDatasetV2/_15}}
WARNING: All log messages before absl::InitializeLog() is called are written to STDERR
W0000 00:00:1791438387.242071 2116331 tf_tfl_flatbuffer_helpers.cc:365] Ignored output_format.
W0000 00:00:1791438387.242107 2116331 tf_tfl_flatbuffer_helpers.cc:368] Ignored drop_control_dependency.
I0000 00:00:1791438387.260466 2116331 mlir_graph_optimization_pass.cc:425] MLIR V1 optimization pass is not enabled
fully_quantize: 0, inference_type: 6, input_inference_type: INT8, output_inference_type: INT8
INFO: Created TensorFlow Lite XNNPACK delegate for CPU.
W0000 00:00:1791438391.810951 2116331 tf_tfl_flatbuffer_helpers.cc:365] Ignored output_format.
W0000 00:00:1791438391.810978 2116331 tf_tfl_flatbuffer_helpers.cc:368] Ignored drop_control_dependency.
fully_quantize: 0, inference_type: 6, input_inference_type: INT8, output_inference_type: INT8
W0000 00:00:1791438394.403308 2116331 tf_tfl_flatbuffer_helpers.cc:365] Ignored output_format.
W0000 00:00:1791438394.403333 2116331 tf_tfl_flatbuffer_helpers.cc:368] Ignored drop_control_dependency.
fully_quantize: 0, inference_type: 6, input_inference_type: INT8, output_inference_type: INT8
W0000 00:00:1791438397.511346 2116331 tf_tfl_flatbuffer_helpers.cc:365] Ignored output_format.
W0000 00:00:1791438397.511376 2116331 tf_tfl_flatbuffer_helpers.cc:368] Ignored drop_control_dependency.
fully_quantize: 0, inference_type: 6, input_inference_type: INT8, output_inference_type: INT8
WARNING:tensorflow:5 out of the last 4975 calls to <function RunPredictor.__init__.<locals>.infer at 0x7acd4801ade0> triggered tf.function retracing. Tracing is expensive and the excessive number of tracings could be due to (1) creating @tf.function repeatedly in a loop, (2) passing tensors with different shapes, (3) passing Python objects instead of tensors. For (1), please define your @tf.function outside of the loop. For (2), @tf.function has reduce_retracing=True option that can avoid unnecessary retracing. For (3), please refer to https://www.tensorflow.org/guide/function#controlling_retracing and https://www.tensorflow.org/api_docs/python/tf/function for  more details.
WARNING:tensorflow:5 out of the last 4975 calls to <function RunPredictor.__init__.<locals>.infer at 0x7acd4801ade0> triggered tf.function retracing. Tracing is expensive and the excessive number of tracings could be due to (1) creating @tf.function repeatedly in a loop, (2) passing tensors with different shapes, (3) passing Python objects instead of tensors. For (1), please define your @tf.function outside of the loop. For (2), @tf.function has reduce_retracing=True option that can avoid unnecessary retracing. For (3), please refer to https://www.tensorflow.org/guide/function#controlling_retracing and https://www.tensorflow.org/api_docs/python/tf/function for  more details.
W0000 00:00:1791438400.157020 2116331 tf_tfl_flatbuffer_helpers.cc:365] Ignored output_format.
W0000 00:00:1791438400.157048 2116331 tf_tfl_flatbuffer_helpers.cc:368] Ignored drop_control_dependency.
fully_quantize: 0, inference_type: 6, input_inference_type: INT8, output_inference_type: INT8
WARNING:tensorflow:6 out of the last 4976 calls to <function RunPredictor.__init__.<locals>.infer at 0x7acd4801b240> triggered tf.function retracing. Tracing is expensive and the excessive number of tracings could be due to (1) creating @tf.function repeatedly in a loop, (2) passing tensors with different shapes, (3) passing Python objects instead of tensors. For (1), please define your @tf.function outside of the loop. For (2), @tf.function has reduce_retracing=True option that can avoid unnecessary retracing. For (3), please refer to https://www.tensorflow.org/guide/function#controlling_retracing and https://www.tensorflow.org/api_docs/python/tf/function for  more details.
WARNING:tensorflow:6 out of the last 4976 calls to <function RunPredictor.__init__.<locals>.infer at 0x7acd4801b240> triggered tf.function retracing. Tracing is expensive and the excessive number of tracings could be due to (1) creating @tf.function repeatedly in a loop, (2) passing tensors with different shapes, (3) passing Python objects instead of tensors. For (1), please define your @tf.function outside of the loop. For (2), @tf.function has reduce_retracing=True option that can avoid unnecessary retracing. For (3), please refer to https://www.tensorflow.org/guide/function#controlling_retracing and https://www.tensorflow.org/api_docs/python/tf/function for  more details.
W0000 00:00:1791438402.783461 2116331 tf_tfl_flatbuffer_helpers.cc:365] Ignored output_format.
W0000 00:00:1791438402.783487 2116331 tf_tfl_flatbuffer_helpers.cc:368] Ignored drop_control_dependency.
fully_quantize: 0, inference_type: 6, input_inference_type: INT8, output_inference_type: INT8
W0000 00:00:1791438406.003760 2116331 tf_tfl_flatbuffer_helpers.cc:365] Ignored output_format.
W0000 00:00:1791438406.003789 2116331 tf_tfl_flatbuffer_helpers.cc:368] Ignored drop_control_dependency.
fully_quantize: 0, inference_type: 6, input_inference_type: INT8, output_inference_type: INT8
W0000 00:00:1791438409.026775 2116331 tf_tfl_flatbuffer_helpers.cc:365] Ignored output_format.
W0000 00:00:1791438409.026805 2116331 tf_tfl_flatbuffer_helpers.cc:368] Ignored drop_control_dependency.
fully_quantize: 0, inference_type: 6, input_inference_type: INT8, output_inference_type: INT8
W0000 00:00:1791438412.015418 2116331 tf_tfl_flatbuffer_helpers.cc:365] Ignored output_format.
W0000 00:00:1791438412.015447 2116331 tf_tfl_flatbuffer_helpers.cc:368] Ignored drop_control_dependency.
fully_quantize: 0, inference_type: 6, input_inference_type: INT8, output_inference_type: INT8
2026-10-08 05:46:54.984286: E tensorflow/core/framework/node_def_util.cc:680] NodeDef mentions attribute use_unbounded_threadpool which is not in the op definition: Op<name=MapDataset; signature=input_dataset:variant, other_arguments: -> handle:variant; attr=f:func; attr=Targuments:list(type),min=0; attr=output_types:list(type),min=1; attr=output_shapes:list(shape),min=1; attr=use_inter_op_parallelism:bool,default=true; attr=preserve_cardinality:bool,default=false; attr=force_synchronous:bool,default=false; attr=metadata:string,default=""> This may be expected if your graph generating binary is newer  than this binary. Unknown attributes will be ignored. NodeDef: {{node ParallelMapDatasetV2/_15}}
micro_tcn_rsa: val RMSE 33.86 ms (RLS 37.14), skill 0.188, sign acc 0.681 | int8 34.41 vs float 34.12 ms (subset) | 17.7 ms/step
